Archive member included to satisfy reference by file (symbol)

build-nano_33_iot/libcore.a(variant.cpp.o)
                              build-nano_33_iot/encoder.ino.o (Serial1)
build-nano_33_iot/libcore.a(WInterrupts.c.o)
                              build-nano_33_iot/encoder.ino.o (attachInterrupt)
build-nano_33_iot/libcore.a(wiring_digital.c.o)
                              build-nano_33_iot/encoder.ino.o (pinMode)
build-nano_33_iot/libcore.a(wiring_private.c.o)
                              build-nano_33_iot/libcore.a(WInterrupts.c.o) (pinPeripheral)
build-nano_33_iot/libcore.a(delay.c.o)
                              build-nano_33_iot/encoder.ino.o (millis)
build-nano_33_iot/libcore.a(cortex_handlers.c.o)
                              (Reset_Handler)
build-nano_33_iot/libcore.a(Reset.cpp.o)
                              build-nano_33_iot/libcore.a(delay.c.o) (tickReset)
build-nano_33_iot/libcore.a(SERCOM.cpp.o)
                              build-nano_33_iot/libcore.a(variant.cpp.o) (SERCOM::SERCOM(Sercom*))
build-nano_33_iot/libcore.a(main.cpp.o)
                              /home/ical/.arduino15/packages/arduino/tools/arm-none-eabi-gcc/7-2017q4/bin/../lib/gcc/arm-none-eabi/7.2.1/../../../../arm-none-eabi/lib/thumb/v6-m/crt0.o (main)
build-nano_33_iot/libcore.a(Uart.cpp.o)
                              build-nano_33_iot/libcore.a(variant.cpp.o) (Uart::Uart(SERCOM*, unsigned char, unsigned char, SercomRXPad, SercomUartTXPad, unsigned char, unsigned char))
build-nano_33_iot/libcore.a(Print.cpp.o)
                              build-nano_33_iot/libcore.a(Uart.cpp.o) (arduino::Print::write(unsigned char const*, unsigned int))
build-nano_33_iot/libcore.a(USBCore.cpp.o)
                              build-nano_33_iot/libcore.a(main.cpp.o) (USBDeviceClass::attach())
build-nano_33_iot/libcore.a(CDC.cpp.o)
                              build-nano_33_iot/libcore.a(USBCore.cpp.o) (Serial_::begin(unsigned long))
build-nano_33_iot/libcore.a(time.cpp.o)
                              build-nano_33_iot/encoder.ino.o (ros::normalizeSecNSec(unsigned long&, unsigned long&))
build-nano_33_iot/libcore.a(wiring.c.o)
                              build-nano_33_iot/libcore.a(main.cpp.o) (init)
build-nano_33_iot/libcore.a(hooks.c.o)
                              build-nano_33_iot/libcore.a(delay.c.o) (yield)
build-nano_33_iot/libcore.a(wiring_analog.c.o)
                              build-nano_33_iot/libcore.a(wiring.c.o) (analogReference)
build-nano_33_iot/libcore.a(startup.c.o)
                              build-nano_33_iot/libcore.a(cortex_handlers.c.o) (SystemInit)
build-nano_33_iot/libcore.a(abi.cpp.o)
                              build-nano_33_iot/libcore.a(Print.cpp.o) (__cxa_pure_virtual)
build-nano_33_iot/libcore.a(new.cpp.o)
                              build-nano_33_iot/libcore.a(USBCore.cpp.o) (operator new(unsigned int))
build-nano_33_iot/libcore.a(PluggableUSB.cpp.o)
                              build-nano_33_iot/libcore.a(USBCore.cpp.o) (arduino::PluggableUSB_::getInterface(unsigned char*))
/home/ical/.arduino15/packages/arduino/tools/arm-none-eabi-gcc/7-2017q4/bin/../lib/gcc/arm-none-eabi/7.2.1/../../../../arm-none-eabi/lib/thumb/v6-m/libstdc++_nano.a(del_ops.o)
                              build-nano_33_iot/libcore.a(USBCore.cpp.o) (operator delete(void*, unsigned int))
/home/ical/.arduino15/packages/arduino/tools/arm-none-eabi-gcc/7-2017q4/bin/../lib/gcc/arm-none-eabi/7.2.1/thumb/v6-m/libgcc.a(_thumb1_case_uqi.o)
                              build-nano_33_iot/libcore.a(WInterrupts.c.o) (__gnu_thumb1_case_uqi)
/home/ical/.arduino15/packages/arduino/tools/arm-none-eabi-gcc/7-2017q4/bin/../lib/gcc/arm-none-eabi/7.2.1/thumb/v6-m/libgcc.a(_udivsi3.o)
                              build-nano_33_iot/encoder.ino.o (__aeabi_uidiv)
/home/ical/.arduino15/packages/arduino/tools/arm-none-eabi-gcc/7-2017q4/bin/../lib/gcc/arm-none-eabi/7.2.1/thumb/v6-m/libgcc.a(_divsi3.o)
                              build-nano_33_iot/libcore.a(SERCOM.cpp.o) (__aeabi_idiv)
/home/ical/.arduino15/packages/arduino/tools/arm-none-eabi-gcc/7-2017q4/bin/../lib/gcc/arm-none-eabi/7.2.1/thumb/v6-m/libgcc.a(_dvmd_tls.o)
                              /home/ical/.arduino15/packages/arduino/tools/arm-none-eabi-gcc/7-2017q4/bin/../lib/gcc/arm-none-eabi/7.2.1/thumb/v6-m/libgcc.a(_udivsi3.o) (__aeabi_idiv0)
/home/ical/.arduino15/packages/arduino/tools/arm-none-eabi-gcc/7-2017q4/bin/../lib/gcc/arm-none-eabi/7.2.1/thumb/v6-m/libgcc.a(_arm_cmpdf2.o)
                              build-nano_33_iot/libcore.a(Print.cpp.o) (__aeabi_dcmplt)
/home/ical/.arduino15/packages/arduino/tools/arm-none-eabi-gcc/7-2017q4/bin/../lib/gcc/arm-none-eabi/7.2.1/thumb/v6-m/libgcc.a(_aeabi_uldivmod.o)
                              build-nano_33_iot/libcore.a(Print.cpp.o) (__aeabi_uldivmod)
/home/ical/.arduino15/packages/arduino/tools/arm-none-eabi-gcc/7-2017q4/bin/../lib/gcc/arm-none-eabi/7.2.1/thumb/v6-m/libgcc.a(_fixunsdfsi.o)
[...]
Memory Configuration

Name             Origin             Length             Attributes
FLASH            0x0000000000002000 0x000000000003e000 xr
RAM              0x0000000020000000 0x0000000000008000 xrw
*default*        0x0000000000000000 0xffffffffffffffff

Linker script and memory map

LOAD /home/ical/.arduino15/packages/arduino/tools/arm-none-eabi-gcc/7-2017q4/bin/../lib/gcc/arm-none-eabi/7.2.1/thumb/v6-m/crti.o
LOAD /home/ical/.arduino15/packages/arduino/tools/arm-none-eabi-gcc/7-2017q4/bin/../lib/gcc/arm-none-eabi/7.2.1/thumb/v6-m/crtbegin.o
LOAD /home/ical/.arduino15/packages/arduino/tools/arm-none-eabi-gcc/7-2017q4/bin/../lib/gcc/arm-none-eabi/7.2.1/../../../../arm-none-eabi/lib/thumb/v6-m/crt0.o
LOAD build-nano_33_iot/encoder.ino.o
START GROUP
LOAD /home/ical/.arduino15/packages/arduino/tools/CMSIS/4.5.0/CMSIS/Lib/GCC/libarm_cortexM0l_math.a
LOAD build-nano_33_iot/libcore.a
END GROUP
LOAD /home/ical/.arduino15/packages/arduino/tools/arm-none-eabi-gcc/7-2017q4/bin/../lib/gcc/arm-none-eabi/7.2.1/../../../../arm-none-eabi/lib/thumb/v6-m/libstdc++_nano.a
LOAD /home/ical/.arduino15/packages/arduino/tools/arm-none-eabi-gcc/7-2017q4/bin/../lib/gcc/arm-none-eabi/7.2.1/../../../../arm-none-eabi/lib/thumb/v6-m/libm.a
START GROUP
LOAD /home/ical/.arduino15/packages/arduino/tools/arm-none-eabi-gcc/7-2017q4/bin/../lib/gcc/arm-none-eabi/7.2.1/thumb/v6-m/libgcc.a
LOAD /home/ical/.arduino15/packages/arduino/tools/arm-none-eabi-gcc/7-2017q4/bin/../lib/gcc/arm-none-eabi/7.2.1/../../../../arm-none-eabi/lib/thumb/v6-m/libc_nano.a
END GROUP
START GROUP
LOAD /home/ical/.arduino15/packages/arduino/tools/arm-none-eabi-gcc/7-2017q4/bin/../lib/gcc/arm-none-eabi/7.2.1/thumb/v6-m/libgcc.a
LOAD /home/ical/.arduino15/packages/arduino/tools/arm-none-eabi-gcc/7-2017q4/bin/../lib/gcc/arm-none-eabi/7.2.1/../../../../arm-none-eabi/lib/thumb/v6-m/libc_nano.a
LOAD /home/ical/.arduino15/packages/arduino/tools/arm-none-eabi-gcc/7-2017q4/bin/../lib/gcc/arm-none-eabi/7.2.1/../../../../arm-none-eabi/lib/thumb/v6-m/libnosys.a
END GROUP
START GROUP
LOAD /home/ical/.arduino15/packages/arduino/tools/arm-none-eabi-gcc/7-2017q4/bin/../lib/gcc/arm-none-eabi/7.2.1/thumb/v6-m/libgcc.a
LOAD /home/ical/.arduino15/packages/arduino/tools/arm-none-eabi-gcc/7-2017q4/bin/../lib/gcc/arm-none-eabi/7.2.1/../../../../arm-none-eabi/lib/thumb/v6-m/libc_nano.a
LOAD /home/ical/.arduino15/packages/arduino/tools/arm-none-eabi-gcc/7-2017q4/bin/../lib/gcc/arm-none-eabi/7.2.1/../../../../arm-none-eabi/lib/thumb/v6-m/libnosys.a
END GROUP
LOAD /home/ical/.arduino15/packages/arduino/tools/arm-none-eabi-gcc/7-2017q4/bin/../lib/gcc/arm-none-eabi/7.2.1/thumb/v6-m/crtend.o
LOAD /home/ical/.arduino15/packages/arduino/tools/arm-none-eabi-gcc/7-2017q4/bin/../lib/gcc/arm-none-eabi/7.2.1/thumb/v6-m/crtn.o

.text           0x0000000000002000     0x3dd4
                0x0000000000002000                __text_start__ = .
 *(.sketch_boot)
                0x0000000000002000                . = ALIGN (0x2000)
 *(.isr_vector)
 .isr_vector    0x0000000000002000       0xb4 build-nano_33_iot/libcore.a(cortex_handlers.c.o)
                0x0000000000002000                exception_table
 *(.text*)
 .text          0x00000000000020b4       0x48 /home/ical/.arduino15/packages/arduino/tools/arm-none-eabi-gcc/7-2017q4/bin/../lib/gcc/arm-none-eabi/7.2.1/thumb/v6-m/crtbegin.o
 .text._ZNK8std_msgs4Time9serializeEPh
                0x00000000000020fc       0x30 build-nano_33_iot/encoder.ino.o
                0x00000000000020fc                std_msgs::Time::serialize(unsigned char*) const
 .text._ZN8std_msgs4Time11deserializeEPh
                0x000000000000212c       0x3c build-nano_33_iot/encoder.ino.o
                0x000000000000212c                std_msgs::Time::deserialize(unsigned char*)
 .text._ZN8std_msgs4Time7getTypeEv
                0x0000000000002168        0x8 build-nano_33_iot/encoder.ino.o
                0x0000000000002168                std_msgs::Time::getType()
 .text._ZN8std_msgs4Time6getMD5Ev
                0x0000000000002170        0x8 build-nano_33_iot/encoder.ino.o
                0x0000000000002170                std_msgs::Time::getMD5()
 .text._ZN14rosserial_msgs9TopicInfo7getTypeEv
                0x0000000000002178        0x8 build-nano_33_iot/encoder.ino.o
                0x0000000000002178                rosserial_msgs::TopicInfo::getType()
 .text._ZN14rosserial_msgs9TopicInfo6getMD5Ev
                0x0000000000002180        0x8 build-nano_33_iot/encoder.ino.o
                0x0000000000002180                rosserial_msgs::TopicInfo::getMD5()
 .text._ZN14rosserial_msgs3Log7getTypeEv
                0x0000000000002188        0x8 build-nano_33_iot/encoder.ino.o
                0x0000000000002188                rosserial_msgs::Log::getType()
 .text._ZN14rosserial_msgs3Log6getMD5Ev
                0x0000000000002190        0x8 build-nano_33_iot/encoder.ino.o
                0x0000000000002190                rosserial_msgs::Log::getMD5()
 .text._ZN14rosserial_msgs20RequestParamResponse7getTypeEv
                0x0000000000002198        0x8 build-nano_33_iot/encoder.ino.o
                0x0000000000002198                rosserial_msgs::RequestParamResponse::getType()
 .text._ZN14rosserial_msgs20RequestParamResponse6getMD5Ev
                0x00000000000021a0        0x8 build-nano_33_iot/encoder.ino.o
                0x00000000000021a0                rosserial_msgs::RequestParamResponse::getMD5()
 .text._ZN8std_msgs6Header7getTypeEv
                0x00000000000021a8        0x8 build-nano_33_iot/encoder.ino.o
                0x00000000000021a8                std_msgs::Header::getType()
 .text._ZN8std_msgs6Header6getMD5Ev
                0x00000000000021b0        0x8 build-nano_33_iot/encoder.ino.o
                0x00000000000021b0                std_msgs::Header::getMD5()
 .text._ZN17wheel_tokyo_weili7encoder7getTypeEv
                0x00000000000021b8        0x8 build-nano_33_iot/encoder.ino.o
                0x00000000000021b8                wheel_tokyo_weili::encoder::getType()
 .text._ZN17wheel_tokyo_weili7encoder6getMD5Ev
                0x00000000000021c0        0x8 build-nano_33_iot/encoder.ino.o
                0x00000000000021c0                wheel_tokyo_weili::encoder::getMD5()
 .text._ZN3ros11NodeHandle_I15ArduinoHardwareLi25ELi25ELi512ELi512EE9connectedEv
                0x00000000000021c8        0x8 build-nano_33_iot/encoder.ino.o
                0x00000000000021c8                ros::NodeHandle_<ArduinoHardware, 25, 25, 512, 512>::connected()
 .text._Z12readEncoder0v
                0x00000000000021d0       0x2c build-nano_33_iot/encoder.ino.o
                0x00000000000021d0                readEncoder0()
 .text._Z12readEncoder1v
                0x00000000000021fc       0x2c build-nano_33_iot/encoder.ino.o
                0x00000000000021fc                readEncoder1()
 .text._Z12readEncoder2v
                0x0000000000002228       0x2c build-nano_33_iot/encoder.ino.o
                0x0000000000002228                readEncoder2()
 .text._Z12readEncoder3v
                0x0000000000002254       0x2c build-nano_33_iot/encoder.ino.o
                0x0000000000002254                readEncoder3()
 .text._ZN3ros11NodeHandle_I15ArduinoHardwareLi25ELi25ELi512ELi512EE7publishEiPKNS_3MsgE
                0x0000000000002280       0xdc build-nano_33_iot/encoder.ino.o
                0x0000000000002280                ros::NodeHandle_<ArduinoHardware, 25, 25, 512, 512>::publish(int, ros::Msg const*)
 .text.setup    0x000000000000235c       0xd8 build-nano_33_iot/encoder.ino.o
                0x000000000000235c                setup
 .text._ZN3ros3Msg8varToArrIPhmEEvT_T0_
                0x0000000000002434       0x10 build-nano_33_iot/encoder.ino.o
                0x0000000000002434                void ros::Msg::varToArr<unsigned char*, unsigned long>(unsigned char*, unsigned long)
 .text._ZNK8std_msgs6Header9serializeEPh
                0x0000000000002444       0x6c build-nano_33_iot/encoder.ino.o
                0x0000000000002444                std_msgs::Header::serialize(unsigned char*) const
 .text._ZNK17wheel_tokyo_weili7encoder9serializeEPh
                0x00000000000024b0       0x40 build-nano_33_iot/encoder.ino.o
                0x00000000000024b0                wheel_tokyo_weili::encoder::serialize(unsigned char*) const
 .text._ZNK14rosserial_msgs20RequestParamResponse9serializeEPh
                0x00000000000024f0       0xe4 build-nano_33_iot/encoder.ino.o
                0x00000000000024f0                rosserial_msgs::RequestParamResponse::serialize(unsigned char*) const
 .text._ZNK14rosserial_msgs3Log9serializeEPh
                0x00000000000025d4       0x28 build-nano_33_iot/encoder.ino.o
                0x00000000000025d4                rosserial_msgs::Log::serialize(unsigned char*) const
 .text._ZNK14rosserial_msgs9TopicInfo9serializeEPh
                0x00000000000025fc       0x7e build-nano_33_iot/encoder.ino.o
                0x00000000000025fc                rosserial_msgs::TopicInfo::serialize(unsigned char*) const
 .text._ZN3ros3Msg8arrToVarImPhEEvRT_T0_
                0x000000000000267a       0x1a build-nano_33_iot/encoder.ino.o
                0x000000000000267a                void ros::Msg::arrToVar<unsigned long, unsigned char*>(unsigned long&, unsigned char*)
 .text._ZN14rosserial_msgs3Log11deserializeEPh
                0x0000000000002694       0x34 build-nano_33_iot/encoder.ino.o
                0x0000000000002694                rosserial_msgs::Log::deserialize(unsigned char*)
 .text._ZN14rosserial_msgs9TopicInfo11deserializeEPh
                0x00000000000026c8       0xae build-nano_33_iot/encoder.ino.o
                0x00000000000026c8                rosserial_msgs::TopicInfo::deserialize(unsigned char*)
 .text._ZN14rosserial_msgs20RequestParamResponse11deserializeEPh
                0x0000000000002776      0x138 build-nano_33_iot/encoder.ino.o
                0x0000000000002776                rosserial_msgs::RequestParamResponse::deserialize(unsigned char*)
 .text._ZN8std_msgs6Header11deserializeEPh
                0x00000000000028ae       0x88 build-nano_33_iot/encoder.ino.o
                0x00000000000028ae                std_msgs::Header::deserialize(unsigned char*)
 .text._ZN17wheel_tokyo_weili7encoder11deserializeEPh
                0x0000000000002936       0x46 build-nano_33_iot/encoder.ino.o
                0x0000000000002936                wheel_tokyo_weili::encoder::deserialize(unsigned char*)
 .text._ZN3ros11NodeHandle_I15ArduinoHardwareLi25ELi25ELi512ELi512EE15requestSyncTimeEv
                0x000000000000297c       0x24 build-nano_33_iot/encoder.ino.o
                0x000000000000297c                ros::NodeHandle_<ArduinoHardware, 25, 25, 512, 512>::requestSyncTime()
 .text._ZN3ros11NodeHandle_I15ArduinoHardwareLi25ELi25ELi512ELi512EE15negotiateTopicsEv
                0x00000000000029a0       0xc8 build-nano_33_iot/encoder.ino.o
                0x00000000000029a0                ros::NodeHandle_<ArduinoHardware, 25, 25, 512, 512>::negotiateTopics()
 .text._ZN3ros11NodeHandle_I15ArduinoHardwareLi25ELi25ELi512ELi512EE8syncTimeEPh
                0x0000000000002a68       0xa0 build-nano_33_iot/encoder.ino.o
                0x0000000000002a68                ros::NodeHandle_<ArduinoHardware, 25, 25, 512, 512>::syncTime(unsigned char*)
 .text._ZN3ros11NodeHandle_I15ArduinoHardwareLi25ELi25ELi512ELi512EE8spinOnceEv
                0x0000000000002b08      0x218 build-nano_33_iot/encoder.ino.o
                0x0000000000002b08                ros::NodeHandle_<ArduinoHardware, 25, 25, 512, 512>::spinOnce()
 .text.loop     0x0000000000002d20       0x6c build-nano_33_iot/encoder.ino.o
                0x0000000000002d20                loop
 .text.startup._GLOBAL__sub_I_nh
                0x0000000000002d8c       0xec build-nano_33_iot/encoder.ino.o
 .text.initVariant
                0x0000000000002e78       0x24 build-nano_33_iot/libcore.a(variant.cpp.o)
                0x0000000000002e78                initVariant
 .text.SERCOM5_Handler
                0x0000000000002e9c       0x10 build-nano_33_iot/libcore.a(variant.cpp.o)
                0x0000000000002e9c                SERCOM5_Handler
 .text.SERCOM3_Handler
                0x0000000000002eac       0x10 build-nano_33_iot/libcore.a(variant.cpp.o)
                0x0000000000002eac                SERCOM3_Handler
 .text.SERCOM2_Handler
                0x0000000000002ebc       0x10 build-nano_33_iot/libcore.a(variant.cpp.o)
                0x0000000000002ebc                SERCOM2_Handler
 .text.startup._GLOBAL__sub_I_g_APinDescription
                0x0000000000002ecc       0xbc build-nano_33_iot/libcore.a(variant.cpp.o)
 .text.attachInterrupt
                0x0000000000002f88      0x130 build-nano_33_iot/libcore.a(WInterrupts.c.o)
                0x0000000000002f88                attachInterrupt
 .text.EIC_Handler
                0x00000000000030b8       0x3c build-nano_33_iot/libcore.a(WInterrupts.c.o)
                0x00000000000030b8                EIC_Handler
 .text.pinMode  0x00000000000030f4       0x98 build-nano_33_iot/libcore.a(wiring_digital.c.o)
                0x00000000000030f4                pinMode
 .text.digitalWrite
                0x000000000000318c       0x58 build-nano_33_iot/libcore.a(wiring_digital.c.o)
                0x000000000000318c                digitalWrite
 .text.digitalRead
                0x00000000000031e4       0x30 build-nano_33_iot/libcore.a(wiring_digital.c.o)
                0x00000000000031e4                digitalRead
 .text.pinPeripheral
                0x0000000000003214       0xc0 build-nano_33_iot/libcore.a(wiring_private.c.o)
                0x0000000000003214                pinPeripheral
 .text.millis   0x00000000000032d4        0xc build-nano_33_iot/libcore.a(delay.c.o)
                0x00000000000032d4                millis
 .text.micros   0x00000000000032e0       0x60 build-nano_33_iot/libcore.a(delay.c.o)
                0x00000000000032e0                micros
 .text.delay    0x0000000000003340       0x30 build-nano_33_iot/libcore.a(delay.c.o)
                0x0000000000003340                delay
 .text.resetExternalChip
                0x0000000000003370        0x2 build-nano_33_iot/libcore.a(delay.c.o)
                0x0000000000003370                resetExternalChip
 *fill*         0x0000000000003372        0x2 
 .text.SysTick_DefaultHandler
                0x0000000000003374       0x14 build-nano_33_iot/libcore.a(delay.c.o)
                0x0000000000003374                SysTick_DefaultHandler
 .text.Dummy_Handler
                0x0000000000003388        0x2 build-nano_33_iot/libcore.a(cortex_handlers.c.o)
                0x0000000000003388                DMAC_Handler
                0x0000000000003388                HardFault_Handler
                0x0000000000003388                AC_Handler
                0x0000000000003388                PendSV_Handler
                0x0000000000003388                NMI_Handler
                0x0000000000003388                TC7_Handler
                0x0000000000003388                SERCOM1_Handler
                0x0000000000003388                ADC_Handler
                0x0000000000003388                TCC1_Handler
                0x0000000000003388                TCC0_Handler
                0x0000000000003388                RTC_Handler
                0x0000000000003388                TC6_Handler
                0x0000000000003388                WDT_Handler
                0x0000000000003388                TC4_Handler
                0x0000000000003388                TC3_Handler
                0x0000000000003388                Dummy_Handler
                0x0000000000003388                PM_Handler
                0x0000000000003388                SVC_Handler
                0x0000000000003388                TCC2_Handler
                0x0000000000003388                EVSYS_Handler
                0x0000000000003388                SERCOM4_Handler
                0x0000000000003388                I2S_Handler
                0x0000000000003388                NVMCTRL_Handler
                0x0000000000003388                SERCOM0_Handler
                0x0000000000003388                DAC_Handler
                0x0000000000003388                PTC_Handler
                0x0000000000003388                SYSCTRL_Handler
 *fill*         0x000000000000338a        0x2 
 .text.USB_Handler
                0x000000000000338c       0x14 build-nano_33_iot/libcore.a(cortex_handlers.c.o)
                0x000000000000338c                USB_Handler
 .text.Reset_Handler
                0x00000000000033a0       0x54 build-nano_33_iot/libcore.a(cortex_handlers.c.o)
                0x00000000000033a0                Reset_Handler
 .text.SysTick_Handler
                0x00000000000033f4       0x10 build-nano_33_iot/libcore.a(cortex_handlers.c.o)
                0x00000000000033f4                SysTick_Handler
 .text.USB_SetHandler
                0x0000000000003404        0xc build-nano_33_iot/libcore.a(cortex_handlers.c.o)
                0x0000000000003404                USB_SetHandler
 .text.initiateReset
                0x0000000000003410       0x14 build-nano_33_iot/libcore.a(Reset.cpp.o)
                0x0000000000003410                initiateReset
 .text.cancelReset
                0x0000000000003424       0x10 build-nano_33_iot/libcore.a(Reset.cpp.o)
                0x0000000000003424                cancelReset
 .text.tickReset
                0x0000000000003434       0x78 build-nano_33_iot/libcore.a(Reset.cpp.o)
                0x0000000000003434                tickReset
 .text._ZN6SERCOMC2EP6Sercom
                0x00000000000034ac        0x8 build-nano_33_iot/libcore.a(SERCOM.cpp.o)
                0x00000000000034ac                SERCOM::SERCOM(Sercom*)
                0x00000000000034ac                SERCOM::SERCOM(Sercom*)
 .text._ZN6SERCOM9initFrameE18SercomUartCharSize15SercomDataOrder16SercomParityMode19SercomNumberStopBit
                0x00000000000034b4       0x3a build-nano_33_iot/libcore.a(SERCOM.cpp.o)
                0x00000000000034b4                SERCOM::initFrame(SercomUartCharSize, SercomDataOrder, SercomParityMode, SercomNumberStopBit)
 .text._ZN6SERCOM8initPadsE15SercomUartTXPad11SercomRXPad
                0x00000000000034ee       0x26 build-nano_33_iot/libcore.a(SERCOM.cpp.o)
                0x00000000000034ee                SERCOM::initPads(SercomUartTXPad, SercomRXPad)
 .text._ZN6SERCOM9resetUARTEv
                0x0000000000003514       0x1a build-nano_33_iot/libcore.a(SERCOM.cpp.o)
                0x0000000000003514                SERCOM::resetUART()
 .text._ZN6SERCOM10enableUARTEv
                0x000000000000352e       0x14 build-nano_33_iot/libcore.a(SERCOM.cpp.o)
                0x000000000000352e                SERCOM::enableUART()
 .text._ZN6SERCOM9flushUARTEv
                0x0000000000003542       0x14 build-nano_33_iot/libcore.a(SERCOM.cpp.o)
                0x0000000000003542                SERCOM::flushUART()
 .text._ZN6SERCOM15clearStatusUARTEv
                0x0000000000003556        0x8 build-nano_33_iot/libcore.a(SERCOM.cpp.o)
                0x0000000000003556                SERCOM::clearStatusUART()
 .text._ZN6SERCOM17availableDataUARTEv
                0x000000000000355e        0xa build-nano_33_iot/libcore.a(SERCOM.cpp.o)
                0x000000000000355e                SERCOM::availableDataUART()
 .text._ZN6SERCOM11isUARTErrorEv
                0x0000000000003568        0x8 build-nano_33_iot/libcore.a(SERCOM.cpp.o)
                0x0000000000003568                SERCOM::isUARTError()
 .text._ZN6SERCOM20acknowledgeUARTErrorEv
                0x0000000000003570        0xe build-nano_33_iot/libcore.a(SERCOM.cpp.o)
                0x0000000000003570                SERCOM::acknowledgeUARTError()
 .text._ZN6SERCOM16isFrameErrorUARTEv
                0x000000000000357e        0xa build-nano_33_iot/libcore.a(SERCOM.cpp.o)
                0x000000000000357e                SERCOM::isFrameErrorUART()
 .text._ZN6SERCOM19clearFrameErrorUARTEv
                0x0000000000003588        0xc build-nano_33_iot/libcore.a(SERCOM.cpp.o)
                0x0000000000003588                SERCOM::clearFrameErrorUART()
 .text._ZN6SERCOM23isDataRegisterEmptyUARTEv
                0x0000000000003594        0xa build-nano_33_iot/libcore.a(SERCOM.cpp.o)
                0x0000000000003594                SERCOM::isDataRegisterEmptyUART()
 .text._ZN6SERCOM12readDataUARTEv
                0x000000000000359e        0x8 build-nano_33_iot/libcore.a(SERCOM.cpp.o)
                0x000000000000359e                SERCOM::readDataUART()
 .text._ZN6SERCOM13writeDataUARTEh
                0x00000000000035a6       0x14 build-nano_33_iot/libcore.a(SERCOM.cpp.o)
                0x00000000000035a6                SERCOM::writeDataUART(unsigned char)
 .text._ZN6SERCOM36enableDataRegisterEmptyInterruptUARTEv
                0x00000000000035ba        0x8 build-nano_33_iot/libcore.a(SERCOM.cpp.o)
                0x00000000000035ba                SERCOM::enableDataRegisterEmptyInterruptUART()
 .text._ZN6SERCOM37disableDataRegisterEmptyInterruptUARTEv
                0x00000000000035c2        0x8 build-nano_33_iot/libcore.a(SERCOM.cpp.o)
                0x00000000000035c2                SERCOM::disableDataRegisterEmptyInterruptUART()
 *fill*         0x00000000000035ca        0x2 
 .text._ZN6SERCOM13initClockNVICEv
                0x00000000000035cc       0xa8 build-nano_33_iot/libcore.a(SERCOM.cpp.o)
                0x00000000000035cc                SERCOM::initClockNVIC()
 .text._ZN6SERCOM8initUARTE14SercomUartMode20SercomUartSampleRatem
                0x0000000000003674       0x6c build-nano_33_iot/libcore.a(SERCOM.cpp.o)
                0x0000000000003674                SERCOM::initUART(SercomUartMode, SercomUartSampleRate, unsigned long)
 .text.startup.main
                0x00000000000036e0       0x40 build-nano_33_iot/libcore.a(main.cpp.o)
                0x00000000000036e0                main
 .text._ZN4UartcvbEv
                0x0000000000003720        0x4 build-nano_33_iot/libcore.a(Uart.cpp.o)
                0x0000000000003720                Uart::operator bool()
 .text._ZN4Uart5beginEm
                0x0000000000003724       0x10 build-nano_33_iot/libcore.a(Uart.cpp.o)
                0x0000000000003724                Uart::begin(unsigned long)
 .text._ZN4Uart9availableEv
                0x0000000000003734        0x6 build-nano_33_iot/libcore.a(Uart.cpp.o)
                0x0000000000003734                Uart::available()
 .text._ZN4Uart17availableForWriteEv
                0x000000000000373a       0x10 build-nano_33_iot/libcore.a(Uart.cpp.o)
                0x000000000000373a                Uart::availableForWrite()
 .text._ZN4Uart4peekEv
                0x000000000000374a       0x18 build-nano_33_iot/libcore.a(Uart.cpp.o)
                0x000000000000374a                Uart::peek()
 .text._ZN4Uart3endEv
                0x0000000000003762       0x24 build-nano_33_iot/libcore.a(Uart.cpp.o)
                0x0000000000003762                Uart::end()
 .text._ZN4Uart5flushEv
                0x0000000000003786       0x16 build-nano_33_iot/libcore.a(Uart.cpp.o)
                0x0000000000003786                Uart::flush()
 .text._ZN7__GuardD2Ev
                0x000000000000379c        0xe build-nano_33_iot/libcore.a(Uart.cpp.o)
                0x000000000000379c                __Guard::~__Guard()
                0x000000000000379c                __Guard::~__Guard()
 .text._ZN4Uart16extractNbStopBitEt
                0x00000000000037aa        0xc build-nano_33_iot/libcore.a(Uart.cpp.o)
                0x00000000000037aa                Uart::extractNbStopBit(unsigned short)
 .text._ZN4Uart15extractCharSizeEt
                0x00000000000037b6       0x28 build-nano_33_iot/libcore.a(Uart.cpp.o)
                0x00000000000037b6                Uart::extractCharSize(unsigned short)
 .text._ZN4Uart13extractParityEt
                0x00000000000037de       0x14 build-nano_33_iot/libcore.a(Uart.cpp.o)
                0x00000000000037de                Uart::extractParity(unsigned short)
 *fill*         0x00000000000037f2        0x2 
 .text._ZN4Uart5beginEmt
                0x00000000000037f4       0xf8 build-nano_33_iot/libcore.a(Uart.cpp.o)
                0x00000000000037f4                Uart::begin(unsigned long, unsigned short)
 .text._ZN7arduino11RingBufferNILi256EEC2Ev
                0x00000000000038ec       0x1e build-nano_33_iot/libcore.a(Uart.cpp.o)
                0x00000000000038ec                arduino::RingBufferN<256>::RingBufferN()
                0x00000000000038ec                arduino::RingBufferN<256>::RingBufferN()
 *fill*         0x000000000000390a        0x2 
 .text._ZN4UartC2EP6SERCOMhh11SercomRXPad15SercomUartTXPadhh
                0x000000000000390c       0x88 build-nano_33_iot/libcore.a(Uart.cpp.o)
                0x000000000000390c                Uart::Uart(SERCOM*, unsigned char, unsigned char, SercomRXPad, SercomUartTXPad, unsigned char, unsigned char)
                0x000000000000390c                Uart::Uart(SERCOM*, unsigned char, unsigned char, SercomRXPad, SercomUartTXPad, unsigned char, unsigned char)
 .text._ZN4UartC2EP6SERCOMhh11SercomRXPad15SercomUartTXPad
                0x0000000000003994       0x74 build-nano_33_iot/libcore.a(Uart.cpp.o)
                0x0000000000003994                Uart::Uart(SERCOM*, unsigned char, unsigned char, SercomRXPad, SercomUartTXPad)
                0x0000000000003994                Uart::Uart(SERCOM*, unsigned char, unsigned char, SercomRXPad, SercomUartTXPad)
 .text._ZN7arduino15SafeRingBufferNILi256EE10store_charEh
                0x0000000000003a08       0x4a build-nano_33_iot/libcore.a(Uart.cpp.o)
                0x0000000000003a08                arduino::SafeRingBufferN<256>::store_char(unsigned char)
 .text._ZN7arduino15SafeRingBufferNILi256EE9read_charEv
                0x0000000000003a52       0x50 build-nano_33_iot/libcore.a(Uart.cpp.o)
                0x0000000000003a52                arduino::SafeRingBufferN<256>::read_char()
 .text._ZN4Uart10IrqHandlerEv
                0x0000000000003aa2       0xa4 build-nano_33_iot/libcore.a(Uart.cpp.o)
                0x0000000000003aa2                Uart::IrqHandler()
 *fill*         0x0000000000003b46        0x2 
 .text._ZN4Uart5writeEh
                0x0000000000003b48       0x9c build-nano_33_iot/libcore.a(Uart.cpp.o)
                0x0000000000003b48                Uart::write(unsigned char)
 .text._ZN4Uart4readEv
                0x0000000000003be4       0x34 build-nano_33_iot/libcore.a(Uart.cpp.o)
                0x0000000000003be4                Uart::read()
 .text._ZN7arduino5Print5writeEPKhj
                0x0000000000003c18       0x28 build-nano_33_iot/libcore.a(Print.cpp.o)
                0x0000000000003c18                arduino::Print::write(unsigned char const*, unsigned int)
 .text._ZN26DoubleBufferedEPOutHandlerD2Ev
                0x0000000000003c40        0x2 build-nano_33_iot/libcore.a(USBCore.cpp.o)
                0x0000000000003c40                DoubleBufferedEPOutHandler::~DoubleBufferedEPOutHandler()
                0x0000000000003c40                DoubleBufferedEPOutHandler::~DoubleBufferedEPOutHandler()
 .text._ZN26DoubleBufferedEPOutHandlerD0Ev
                0x0000000000003c42        0xe build-nano_33_iot/libcore.a(USBCore.cpp.o)
                0x0000000000003c42                DoubleBufferedEPOutHandler::~DoubleBufferedEPOutHandler()
 .text._ZN14USBDeviceClass6initEPEmm.part.7
                0x0000000000003c50       0xc4 build-nano_33_iot/libcore.a(USBCore.cpp.o)
 .text._ZN7__GuardC2Ev
                0x0000000000003d14        0xe build-nano_33_iot/libcore.a(USBCore.cpp.o)
                0x0000000000003d14                __Guard::__Guard()
                0x0000000000003d14                __Guard::__Guard()
 .text._ZNK26DoubleBufferedEPOutHandler10_availableEv
                0x0000000000003d22       0x70 build-nano_33_iot/libcore.a(USBCore.cpp.o)
                0x0000000000003d22                DoubleBufferedEPOutHandler::_available() const
 *fill*         0x0000000000003d92        0x2 
 .text._ZN26DoubleBufferedEPOutHandler7releaseEv
                0x0000000000003d94       0x38 build-nano_33_iot/libcore.a(USBCore.cpp.o)
                0x0000000000003d94                DoubleBufferedEPOutHandler::release()
 .text._ZN26DoubleBufferedEPOutHandler14handleEndpointEv
                0x0000000000003dcc       0xe2 build-nano_33_iot/libcore.a(USBCore.cpp.o)
                0x0000000000003dcc                DoubleBufferedEPOutHandler::handleEndpoint()
 .text._ZN14USBDeviceClass14SendInterfacesEPm
                0x0000000000003eae       0x20 build-nano_33_iot/libcore.a(USBCore.cpp.o)
                0x0000000000003eae                USBDeviceClass::SendInterfaces(unsigned long*)
 *fill*         0x0000000000003ece        0x2 
 .text._ZN14USBDeviceClass6attachEv
                0x0000000000003ed0       0x34 build-nano_33_iot/libcore.a(USBCore.cpp.o)
                0x0000000000003ed0                USBDeviceClass::attach()
 .text._ZN14USBDeviceClass10setAddressEm
                0x0000000000003f04       0x48 build-nano_33_iot/libcore.a(USBCore.cpp.o)
                0x0000000000003f04                USBDeviceClass::setAddress(unsigned long)
 .text._ZN14USBDeviceClass25handleClassInterfaceSetupERN7arduino8USBSetupE
                0x0000000000003f4c       0x24 build-nano_33_iot/libcore.a(USBCore.cpp.o)
                0x0000000000003f4c                USBDeviceClass::handleClassInterfaceSetup(arduino::USBSetup&)
 .text._ZN14USBDeviceClass6initEPEmm
                0x0000000000003f70      0x10c build-nano_33_iot/libcore.a(USBCore.cpp.o)
                0x0000000000003f70                USBDeviceClass::initEP(unsigned long, unsigned long)
 .text._ZN14USBDeviceClass13initEndpointsEv
                0x000000000000407c       0x24 build-nano_33_iot/libcore.a(USBCore.cpp.o)
                0x000000000000407c                USBDeviceClass::initEndpoints()
 .text._ZN14USBDeviceClass5clearEm
                0x00000000000040a0       0x38 build-nano_33_iot/libcore.a(USBCore.cpp.o)
                0x00000000000040a0                USBDeviceClass::clear(unsigned long)
 .text._ZN14USBDeviceClass9availableEm
                0x00000000000040d8       0x2c build-nano_33_iot/libcore.a(USBCore.cpp.o)
                0x00000000000040d8                USBDeviceClass::available(unsigned long)
 .text._ZN14USBDeviceClass5flushEm
                0x0000000000004104       0x2c build-nano_33_iot/libcore.a(USBCore.cpp.o)
                0x0000000000004104                USBDeviceClass::flush(unsigned long)
 .text._ZN14USBDeviceClass4recvEmPvm
                0x0000000000004130       0xc0 build-nano_33_iot/libcore.a(USBCore.cpp.o)
                0x0000000000004130                USBDeviceClass::recv(unsigned long, void*, unsigned long)
 .text._ZN14USBDeviceClass4recvEm
                0x00000000000041f0       0x1c build-nano_33_iot/libcore.a(USBCore.cpp.o)
                0x00000000000041f0                USBDeviceClass::recv(unsigned long)
 .text._ZN14USBDeviceClass14armRecvCtrlOUTEm
                0x000000000000420c       0x5c build-nano_33_iot/libcore.a(USBCore.cpp.o)
                0x000000000000420c                USBDeviceClass::armRecvCtrlOUT(unsigned long)
 .text._ZN14USBDeviceClass11recvControlEPvm
                0x0000000000004268       0x28 build-nano_33_iot/libcore.a(USBCore.cpp.o)
                0x0000000000004268                USBDeviceClass::recvControl(void*, unsigned long)
 .text._ZN14USBDeviceClass4sendEmPKvm
                0x0000000000004290      0x10c build-nano_33_iot/libcore.a(USBCore.cpp.o)
                0x0000000000004290                USBDeviceClass::send(unsigned long, void const*, unsigned long)
 .text._ZN14USBDeviceClass7armSendEmPKvm
                0x000000000000439c       0x48 build-nano_33_iot/libcore.a(USBCore.cpp.o)
                0x000000000000439c                USBDeviceClass::armSend(unsigned long, void const*, unsigned long)
 .text._ZN14USBDeviceClass11sendControlEPKvm
                0x00000000000043e4       0x54 build-nano_33_iot/libcore.a(USBCore.cpp.o)
                0x00000000000043e4                USBDeviceClass::sendControl(void const*, unsigned long)
 .text._ZN14USBDeviceClass20sendStringDescriptorEPKhm
                0x0000000000004438       0x64 build-nano_33_iot/libcore.a(USBCore.cpp.o)
                0x0000000000004438                USBDeviceClass::sendStringDescriptor(unsigned char const*, unsigned long)
 .text._ZN14USBDeviceClass17sendConfigurationEm
                0x000000000000449c       0x80 build-nano_33_iot/libcore.a(USBCore.cpp.o)
                0x000000000000449c                USBDeviceClass::sendConfiguration(unsigned long)
 .text._ZN14USBDeviceClass14sendDescriptorERN7arduino8USBSetupE
                0x000000000000451c       0xd8 build-nano_33_iot/libcore.a(USBCore.cpp.o)
                0x000000000000451c                USBDeviceClass::sendDescriptor(arduino::USBSetup&)
 .text._ZN14USBDeviceClass7sendZlpEm
                0x00000000000045f4       0x18 build-nano_33_iot/libcore.a(USBCore.cpp.o)
                0x00000000000045f4                USBDeviceClass::sendZlp(unsigned long)
 .text._ZN14USBDeviceClass19handleStandardSetupERN7arduino8USBSetupE
                0x000000000000460c       0xf0 build-nano_33_iot/libcore.a(USBCore.cpp.o)
                0x000000000000460c                USBDeviceClass::handleStandardSetup(arduino::USBSetup&)
 .text._ZN14USBDeviceClass10ISRHandlerEv
                0x00000000000046fc      0x108 build-nano_33_iot/libcore.a(USBCore.cpp.o)
                0x00000000000046fc                USBDeviceClass::ISRHandler()
 .text.UDD_Handler
                0x0000000000004804       0x10 build-nano_33_iot/libcore.a(USBCore.cpp.o)
                0x0000000000004804                UDD_Handler
 .text._ZN7arduino13PluggableUSB_C2Ev
                0x0000000000004814       0x10 build-nano_33_iot/libcore.a(USBCore.cpp.o)
                0x0000000000004814                arduino::PluggableUSB_::PluggableUSB_()
                0x0000000000004814                arduino::PluggableUSB_::PluggableUSB_()
 .text._Z8epBufferj
                0x0000000000004824        0xc build-nano_33_iot/libcore.a(USBCore.cpp.o)
                0x0000000000004824                epBuffer(unsigned int)
 .text._ZN7arduino11RingBufferNILi64EE10store_charEh
                0x0000000000004830       0x1c build-nano_33_iot/libcore.a(USBCore.cpp.o)
                0x0000000000004830                arduino::RingBufferN<64>::store_char(unsigned char)
 .text._ZN26DoubleBufferedEPOutHandler5_recvEv
                0x000000000000484c      0x15e build-nano_33_iot/libcore.a(USBCore.cpp.o)
                0x000000000000484c                DoubleBufferedEPOutHandler::_recv()
 .text._ZN26DoubleBufferedEPOutHandler9availableEv
                0x00000000000049aa        0xc build-nano_33_iot/libcore.a(USBCore.cpp.o)
                0x00000000000049aa                DoubleBufferedEPOutHandler::available()
 .text._ZN26DoubleBufferedEPOutHandler4peekEv
                0x00000000000049b6       0x1c build-nano_33_iot/libcore.a(USBCore.cpp.o)
                0x00000000000049b6                DoubleBufferedEPOutHandler::peek()
 .text._ZN26DoubleBufferedEPOutHandler4recvEPvm
                0x00000000000049d2       0x60 build-nano_33_iot/libcore.a(USBCore.cpp.o)
                0x00000000000049d2                DoubleBufferedEPOutHandler::recv(void*, unsigned long)
 *fill*         0x0000000000004a32        0x2 
 .text.startup._GLOBAL__sub_I_usbd
                0x0000000000004a34       0x10 build-nano_33_iot/libcore.a(USBCore.cpp.o)
 .text._ZN14USBDeviceClass4initEv
                0x0000000000004a44      0x15c build-nano_33_iot/libcore.a(USBCore.cpp.o)
                0x0000000000004a44                USBDeviceClass::init()
 .text._ZN7Serial_13getDescriptorERN7arduino8USBSetupE
                0x0000000000004ba0        0x4 build-nano_33_iot/libcore.a(CDC.cpp.o)
                0x0000000000004ba0                Serial_::getDescriptor(arduino::USBSetup&)
 .text._ZL5utox8mPc
                0x0000000000004ba4       0x24 build-nano_33_iot/libcore.a(CDC.cpp.o)
 .text._ZN7Serial_12getShortNameEPc
                0x0000000000004bc8       0x44 build-nano_33_iot/libcore.a(CDC.cpp.o)
                0x0000000000004bc8                Serial_::getShortName(char*)
 .text._ZThn16_N7Serial_12getShortNameEPc
                0x0000000000004c0c       0x10 build-nano_33_iot/libcore.a(CDC.cpp.o)
                0x0000000000004c0c                non-virtual thunk to Serial_::getShortName(char*)
 .text._ZN7Serial_5beginEm
                0x0000000000004c1c        0x2 build-nano_33_iot/libcore.a(CDC.cpp.o)
                0x0000000000004c1c                Serial_::begin(unsigned long)
 .text._ZN7Serial_5beginEmt
                0x0000000000004c1e        0x2 build-nano_33_iot/libcore.a(CDC.cpp.o)
                0x0000000000004c1e                Serial_::begin(unsigned long, unsigned short)
 .text._ZN7Serial_17availableForWriteEv
                0x0000000000004c20        0x4 build-nano_33_iot/libcore.a(CDC.cpp.o)
                0x0000000000004c20                Serial_::availableForWrite()
 .text._ZN7Serial_5writeEh
                0x0000000000004c24       0x14 build-nano_33_iot/libcore.a(CDC.cpp.o)
                0x0000000000004c24                Serial_::write(unsigned char)
 .text._ZN7Serial_12getInterfaceEPh
                0x0000000000004c38      0x11c build-nano_33_iot/libcore.a(CDC.cpp.o)
                0x0000000000004c38                Serial_::getInterface(unsigned char*)
 .text._ZThn16_N7Serial_12getInterfaceEPh
                0x0000000000004d54       0x10 build-nano_33_iot/libcore.a(CDC.cpp.o)
                0x0000000000004d54                non-virtual thunk to Serial_::getInterface(unsigned char*)
 .text._ZN7Serial_5setupERN7arduino8USBSetupE
                0x0000000000004d64       0x98 build-nano_33_iot/libcore.a(CDC.cpp.o)
                0x0000000000004d64                Serial_::setup(arduino::USBSetup&)
 .text._ZThn16_N7Serial_5setupERN7arduino8USBSetupE
                0x0000000000004dfc       0x10 build-nano_33_iot/libcore.a(CDC.cpp.o)
                0x0000000000004dfc                non-virtual thunk to Serial_::setup(arduino::USBSetup&)
 .text._ZN7Serial_3endEv
                0x0000000000004e0c       0x14 build-nano_33_iot/libcore.a(CDC.cpp.o)
                0x0000000000004e0c                Serial_::end()
 .text._ZN7Serial_9availableEv
                0x0000000000004e20       0x20 build-nano_33_iot/libcore.a(CDC.cpp.o)
                0x0000000000004e20                Serial_::available()
 .text._ZN7Serial_5flushEv
                0x0000000000004e40        0xe build-nano_33_iot/libcore.a(CDC.cpp.o)
                0x0000000000004e40                Serial_::flush()
 .text._ZN7Serial_5clearEv
                0x0000000000004e4e        0xe build-nano_33_iot/libcore.a(CDC.cpp.o)
                0x0000000000004e4e                Serial_::clear()
 .text._ZN7Serial_5writeEPKhj
                0x0000000000004e5c       0x1e build-nano_33_iot/libcore.a(CDC.cpp.o)
                0x0000000000004e5c                Serial_::write(unsigned char const*, unsigned int)
 *fill*         0x0000000000004e7a        0x2 
 .text._ZN7Serial_4peekEv
                0x0000000000004e7c       0x1c build-nano_33_iot/libcore.a(CDC.cpp.o)
                0x0000000000004e7c                Serial_::peek()
 .text._ZN7Serial_4readEv
                0x0000000000004e98       0x24 build-nano_33_iot/libcore.a(CDC.cpp.o)
                0x0000000000004e98                Serial_::read()
 .text._ZN7Serial_cvbEv
                0x0000000000004ebc       0x28 build-nano_33_iot/libcore.a(CDC.cpp.o)
                0x0000000000004ebc                Serial_::operator bool()
 .text._ZThn16_N7Serial_13getDescriptorERN7arduino8USBSetupE
                0x0000000000004ee4        0x4 build-nano_33_iot/libcore.a(CDC.cpp.o)
                0x0000000000004ee4                non-virtual thunk to Serial_::getDescriptor(arduino::USBSetup&)
 .text._ZN7Serial_14handleEndpointEi
                0x0000000000004ee8        0x2 build-nano_33_iot/libcore.a(CDC.cpp.o)
                0x0000000000004ee8                Serial_::handleEndpoint(int)
 *fill*         0x0000000000004eea        0x2 
 .text._ZN7Serial_C2ER14USBDeviceClass
                0x0000000000004eec       0x50 build-nano_33_iot/libcore.a(CDC.cpp.o)
                0x0000000000004eec                Serial_::Serial_(USBDeviceClass&)
                0x0000000000004eec                Serial_::Serial_(USBDeviceClass&)
 .text._ZN7Serial_15enableInterruptEv
                0x0000000000004f3c       0x30 build-nano_33_iot/libcore.a(CDC.cpp.o)
                0x0000000000004f3c                Serial_::enableInterrupt()
 .text.startup._GLOBAL__sub_I__ZN7Serial_12getInterfaceEPh
                0x0000000000004f6c       0x14 build-nano_33_iot/libcore.a(CDC.cpp.o)
 .text._ZN3ros16normalizeSecNSecERmS0_
                0x0000000000004f80       0x28 build-nano_33_iot/libcore.a(time.cpp.o)
                0x0000000000004f80                ros::normalizeSecNSec(unsigned long&, unsigned long&)
 .text.init     0x0000000000004fa8       0xf0 build-nano_33_iot/libcore.a(wiring.c.o)
                0x0000000000004fa8                init
 .text.__empty  0x0000000000005098        0x2 build-nano_33_iot/libcore.a(hooks.c.o)
                0x0000000000005098                yield
 .text.__false  0x000000000000509a        0x4 build-nano_33_iot/libcore.a(hooks.c.o)
                0x000000000000509a                sysTickHook
 *fill*         0x000000000000509e        0x2 
 .text.analogReference
                0x00000000000050a0       0x64 build-nano_33_iot/libcore.a(wiring_analog.c.o)
                0x00000000000050a0                analogReference
 .text.SystemInit
                0x0000000000005104      0x194 build-nano_33_iot/libcore.a(startup.c.o)
                0x0000000000005104                SystemInit
 .text._Znwj    0x0000000000005298        0x8 build-nano_33_iot/libcore.a(new.cpp.o)
                0x0000000000005298                operator new(unsigned int)
 .text._ZdlPv   0x00000000000052a0        0x8 build-nano_33_iot/libcore.a(new.cpp.o)
                0x00000000000052a0                operator delete(void*)
 .text._ZN7arduino13PluggableUSB_12getInterfaceEPh
                0x00000000000052a8       0x28 build-nano_33_iot/libcore.a(PluggableUSB.cpp.o)
                0x00000000000052a8                arduino::PluggableUSB_::getInterface(unsigned char*)
 .text._ZN7arduino13PluggableUSB_13getDescriptorERNS_8USBSetupE
                0x00000000000052d0       0x20 build-nano_33_iot/libcore.a(PluggableUSB.cpp.o)
                0x00000000000052d0                arduino::PluggableUSB_::getDescriptor(arduino::USBSetup&)
 .text._ZN7arduino13PluggableUSB_12getShortNameEPc
                0x00000000000052f0       0x1e build-nano_33_iot/libcore.a(PluggableUSB.cpp.o)
                0x00000000000052f0                arduino::PluggableUSB_::getShortName(char*)
 .text._ZN7arduino13PluggableUSB_5setupERNS_8USBSetupE
                0x000000000000530e       0x20 build-nano_33_iot/libcore.a(PluggableUSB.cpp.o)
                0x000000000000530e                arduino::PluggableUSB_::setup(arduino::USBSetup&)
 .text._ZN7arduino13PluggableUSB_4plugEPNS_18PluggableUSBModuleE
                0x000000000000532e       0x5c build-nano_33_iot/libcore.a(PluggableUSB.cpp.o)
                0x000000000000532e                arduino::PluggableUSB_::plug(arduino::PluggableUSBModule*)
 *fill*         0x000000000000538a        0x2 
 .text._Z12PluggableUSBv
                0x000000000000538c       0x24 build-nano_33_iot/libcore.a(PluggableUSB.cpp.o)
                0x000000000000538c                PluggableUSB()
 .text._ZdlPvj  0x00000000000053b0        0x8 /home/ical/.arduino15/packages/arduino/tools/arm-none-eabi-gcc/7-2017q4/bin/../lib/gcc/arm-none-eabi/7.2.1/../../../../arm-none-eabi/lib/thumb/v6-m/libstdc++_nano.a(del_ops.o)
                0x00000000000053b0                operator delete(void*, unsigned int)
 .text          0x00000000000053b8       0x14 /home/ical/.arduino15/packages/arduino/tools/arm-none-eabi-gcc/7-2017q4/bin/../lib/gcc/arm-none-eabi/7.2.1/thumb/v6-m/libgcc.a(_thumb1_case_uqi.o)
                0x00000000000053b8                __gnu_thumb1_case_uqi
 .text          0x00000000000053cc      0x114 /home/ical/.arduino15/packages/arduino/tools/arm-none-eabi-gcc/7-2017q4/bin/../lib/gcc/arm-none-eabi/7.2.1/thumb/v6-m/libgcc.a(_udivsi3.o)
                0x00000000000053cc                __udivsi3
                0x00000000000053cc                __aeabi_uidiv
                0x00000000000054d8                __aeabi_uidivmod
 .text          0x00000000000054e0        0x4 /home/ical/.arduino15/packages/arduino/tools/arm-none-eabi-gcc/7-2017q4/bin/../lib/gcc/arm-none-eabi/7.2.1/thumb/v6-m/libgcc.a(_dvmd_tls.o)
                0x00000000000054e0                __aeabi_ldiv0
                0x00000000000054e0                __aeabi_idiv0
 .text.__libc_init_array
                0x00000000000054e4       0x48 /home/ical/.arduino15/packages/arduino/tools/arm-none-eabi-gcc/7-2017q4/bin/../lib/gcc/arm-none-eabi/7.2.1/../../../../arm-none-eabi/lib/thumb/v6-m/libc_nano.a(lib_a-init.o)
                0x00000000000054e4                __libc_init_array
 .text.malloc   0x000000000000552c       0x14 /home/ical/.arduino15/packages/arduino/tools/arm-none-eabi-gcc/7-2017q4/bin/../lib/gcc/arm-none-eabi/7.2.1/../../../../arm-none-eabi/lib/thumb/v6-m/libc_nano.a(lib_a-malloc.o)
                0x000000000000552c                malloc
 .text.free     0x0000000000005540       0x14 /home/ical/.arduino15/packages/arduino/tools/arm-none-eabi-gcc/7-2017q4/bin/../lib/gcc/arm-none-eabi/7.2.1/../../../../arm-none-eabi/lib/thumb/v6-m/libc_nano.a(lib_a-malloc.o)
                0x0000000000005540                free
 .text.memcpy   0x0000000000005554       0x12 /home/ical/.arduino15/packages/arduino/tools/arm-none-eabi-gcc/7-2017q4/bin/../lib/gcc/arm-none-eabi/7.2.1/../../../../arm-none-eabi/lib/thumb/v6-m/libc_nano.a(lib_a-memcpy-stub.o)
                0x0000000000005554                memcpy
 .text.memset   0x0000000000005566       0x10 /home/ical/.arduino15/packages/arduino/tools/arm-none-eabi-gcc/7-2017q4/bin/../lib/gcc/arm-none-eabi/7.2.1/../../../../arm-none-eabi/lib/thumb/v6-m/libc_nano.a(lib_a-memset.o)
                0x0000000000005566                memset
 *fill*         0x0000000000005576        0x2 
 .text._free_r  0x0000000000005578       0x94 /home/ical/.arduino15/packages/arduino/tools/arm-none-eabi-gcc/7-2017q4/bin/../lib/gcc/arm-none-eabi/7.2.1/../../../../arm-none-eabi/lib/thumb/v6-m/libc_nano.a(lib_a-nano-freer.o)
                0x0000000000005578                _free_r
 .text._malloc_r
                0x000000000000560c       0xbc /home/ical/.arduino15/packages/arduino/tools/arm-none-eabi-gcc/7-2017q4/bin/../lib/gcc/arm-none-eabi/7.2.1/../../../../arm-none-eabi/lib/thumb/v6-m/libc_nano.a(lib_a-nano-mallocr.o)
                0x000000000000560c                _malloc_r
 .text.realloc  0x00000000000056c8       0x14 /home/ical/.arduino15/packages/arduino/tools/arm-none-eabi-gcc/7-2017q4/bin/../lib/gcc/arm-none-eabi/7.2.1/../../../../arm-none-eabi/lib/thumb/v6-m/libc_nano.a(lib_a-realloc.o)
                0x00000000000056c8                realloc
 .text._sbrk_r  0x00000000000056dc       0x24 /home/ical/.arduino15/packages/arduino/tools/arm-none-eabi-gcc/7-2017q4/bin/../lib/gcc/arm-none-eabi/7.2.1/../../../../arm-none-eabi/lib/thumb/v6-m/libc_nano.a(lib_a-sbrkr.o)
                0x00000000000056dc                _sbrk_r
 .text          0x0000000000005700        0xe /home/ical/.arduino15/packages/arduino/tools/arm-none-eabi-gcc/7-2017q4/bin/../lib/gcc/arm-none-eabi/7.2.1/../../../../arm-none-eabi/lib/thumb/v6-m/libc_nano.a(lib_a-strlen.o)
                0x0000000000005700                strlen
 .text.__malloc_lock
                0x000000000000570e        0x2 /home/ical/.arduino15/packages/arduino/tools/arm-none-eabi-gcc/7-2017q4/bin/../lib/gcc/arm-none-eabi/7.2.1/../../../../arm-none-eabi/lib/thumb/v6-m/libc_nano.a(lib_a-mlock.o)
                0x000000000000570e                __malloc_lock
 .text.__malloc_unlock
                0x0000000000005710        0x2 /home/ical/.arduino15/packages/arduino/tools/arm-none-eabi-gcc/7-2017q4/bin/../lib/gcc/arm-none-eabi/7.2.1/../../../../arm-none-eabi/lib/thumb/v6-m/libc_nano.a(lib_a-mlock.o)
                0x0000000000005710                __malloc_unlock
 .text._realloc_r
                0x0000000000005712       0x4c /home/ical/.arduino15/packages/arduino/tools/arm-none-eabi-gcc/7-2017q4/bin/../lib/gcc/arm-none-eabi/7.2.1/../../../../arm-none-eabi/lib/thumb/v6-m/libc_nano.a(lib_a-nano-reallocr.o)
                0x0000000000005712                _realloc_r
 .text._malloc_usable_size_r
                0x000000000000575e       0x10 /home/ical/.arduino15/packages/arduino/tools/arm-none-eabi-gcc/7-2017q4/bin/../lib/gcc/arm-none-eabi/7.2.1/../../../../arm-none-eabi/lib/thumb/v6-m/libc_nano.a(lib_a-nano-msizer.o)
                0x000000000000575e                _malloc_usable_size_r
 *fill*         0x000000000000576e        0x2 
 .text._sbrk    0x0000000000005770       0x1c /home/ical/.arduino15/packages/arduino/tools/arm-none-eabi-gcc/7-2017q4/bin/../lib/gcc/arm-none-eabi/7.2.1/../../../../arm-none-eabi/lib/thumb/v6-m/libnosys.a(sbrk.o)
                0x0000000000005770                _sbrk
 *(.init)
 .init          0x000000000000578c        0x4 /home/ical/.arduino15/packages/arduino/tools/arm-none-eabi-gcc/7-2017q4/bin/../lib/gcc/arm-none-eabi/7.2.1/thumb/v6-m/crti.o
                0x000000000000578c                _init
 .init          0x0000000000005790        0x8 /home/ical/.arduino15/packages/arduino/tools/arm-none-eabi-gcc/7-2017q4/bin/../lib/gcc/arm-none-eabi/7.2.1/thumb/v6-m/crtn.o
 *(.fini)
 .fini          0x0000000000005798        0x4 /home/ical/.arduino15/packages/arduino/tools/arm-none-eabi-gcc/7-2017q4/bin/../lib/gcc/arm-none-eabi/7.2.1/thumb/v6-m/crti.o
                0x0000000000005798                _fini
 .fini          0x000000000000579c        0x8 /home/ical/.arduino15/packages/arduino/tools/arm-none-eabi-gcc/7-2017q4/bin/../lib/gcc/arm-none-eabi/7.2.1/thumb/v6-m/crtn.o
 *crtbegin.o(.ctors)
 *crtbegin?.o(.ctors)
 *(EXCLUDE_FILE(*crtend.o *crtend?.o) .ctors)
 *(SORT_BY_NAME(.ctors.*))
 *(.ctors)
 *crtbegin.o(.dtors)
 *crtbegin?.o(.dtors)
 *(EXCLUDE_FILE(*crtend.o *crtend?.o) .dtors)
 *(SORT_BY_NAME(.dtors.*))
 *(.dtors)
 *(.rodata*)
 .rodata._ZTVN8std_msgs4TimeE
                0x00000000000057a4       0x18 build-nano_33_iot/encoder.ino.o
                0x00000000000057a4                vtable for std_msgs::Time
 .rodata._ZTVN14rosserial_msgs9TopicInfoE
                0x00000000000057bc       0x18 build-nano_33_iot/encoder.ino.o
                0x00000000000057bc                vtable for rosserial_msgs::TopicInfo
 .rodata._ZTVN14rosserial_msgs3LogE
                0x00000000000057d4       0x18 build-nano_33_iot/encoder.ino.o
                0x00000000000057d4                vtable for rosserial_msgs::Log
 .rodata._ZTVN14rosserial_msgs20RequestParamResponseE
                0x00000000000057ec       0x18 build-nano_33_iot/encoder.ino.o
                0x00000000000057ec                vtable for rosserial_msgs::RequestParamResponse
 .rodata._ZTVN8std_msgs6HeaderE
                0x0000000000005804       0x18 build-nano_33_iot/encoder.ino.o
                0x0000000000005804                vtable for std_msgs::Header
 .rodata._ZTVN17wheel_tokyo_weili7encoderE
                0x000000000000581c       0x18 build-nano_33_iot/encoder.ino.o
                0x000000000000581c                vtable for wheel_tokyo_weili::encoder
 .rodata._ZTVN3ros11NodeHandle_I15ArduinoHardwareLi25ELi25ELi512ELi512EEE
                0x0000000000005834       0x14 build-nano_33_iot/encoder.ino.o
                0x0000000000005834                vtable for ros::NodeHandle_<ArduinoHardware, 25, 25, 512, 512>
 .rodata._GLOBAL__sub_I_nh.str1.1
                0x0000000000005848        0x0 build-nano_33_iot/encoder.ino.o
                                          0x9 (size before relaxing)
 .rodata._ZN14rosserial_msgs20RequestParamResponse6getMD5Ev.str1.1
                0x0000000000005848       0x21 build-nano_33_iot/encoder.ino.o
 .rodata._ZN14rosserial_msgs3Log6getMD5Ev.str1.1
                0x0000000000005869       0x21 build-nano_33_iot/encoder.ino.o
 .rodata._ZN14rosserial_msgs3Log7getTypeEv.str1.1
                0x000000000000588a       0x13 build-nano_33_iot/encoder.ino.o
 .rodata._ZN14rosserial_msgs9TopicInfo6getMD5Ev.str1.1
                0x000000000000589d       0x21 build-nano_33_iot/encoder.ino.o
 .rodata._ZN14rosserial_msgs9TopicInfo7getTypeEv.str1.1
                0x00000000000058be       0x19 build-nano_33_iot/encoder.ino.o
 .rodata._ZN14rosserial_msgsL12REQUESTPARAME
                0x00000000000058d7       0x1c build-nano_33_iot/encoder.ino.o
 .rodata._ZN17wheel_tokyo_weili7encoder6getMD5Ev.str1.1
                0x00000000000058f3       0x21 build-nano_33_iot/encoder.ino.o
 .rodata._ZN17wheel_tokyo_weili7encoder7getTypeEv.str1.1
                0x0000000000005914       0x1a build-nano_33_iot/encoder.ino.o
 .rodata._ZN3ros11NodeHandle_I15ArduinoHardwareLi25ELi25ELi512ELi512EE15negotiateTopicsEv.str1.1
                0x000000000000592e       0x1a build-nano_33_iot/encoder.ino.o
                                          0x1 (size before relaxing)
 .rodata._ZN3ros11NodeHandle_I15ArduinoHardwareLi25ELi25ELi512ELi512EE7publishEiPKNS_3MsgE.str1.1
                0x000000000000592e       0x39 build-nano_33_iot/encoder.ino.o
 .rodata._ZN8std_msgs4Time6getMD5Ev.str1.1
                0x0000000000005967       0x21 build-nano_33_iot/encoder.ino.o
 .rodata._ZN8std_msgs4Time7getTypeEv.str1.1
                0x0000000000005988        0xe build-nano_33_iot/encoder.ino.o
 .rodata._ZN8std_msgs6Header6getMD5Ev.str1.1
                0x0000000000005996       0x21 build-nano_33_iot/encoder.ino.o
 .rodata._ZN8std_msgs6Header7getTypeEv.str1.1
                0x00000000000059b7       0x10 build-nano_33_iot/encoder.ino.o
 *fill*         0x00000000000059c7        0x1 
 .rodata.g_APinDescription
                0x00000000000059c8      0x318 build-nano_33_iot/libcore.a(variant.cpp.o)
                0x00000000000059c8                g_APinDescription
 .rodata._ZTV4Uart
                0x0000000000005ce0       0x34 build-nano_33_iot/libcore.a(Uart.cpp.o)
                0x0000000000005ce0                vtable for Uart
 .rodata._ZTV26DoubleBufferedEPOutHandler
                0x0000000000005d14       0x24 build-nano_33_iot/libcore.a(USBCore.cpp.o)
                0x0000000000005d14                vtable for DoubleBufferedEPOutHandler
 .rodata._ZL14STRING_PRODUCT
                0x0000000000005d38       0x14 build-nano_33_iot/libcore.a(USBCore.cpp.o)
 .rodata._ZL15STRING_LANGUAGE
                0x0000000000005d4c        0x4 build-nano_33_iot/libcore.a(USBCore.cpp.o)
 .rodata._ZL19STRING_MANUFACTURER
                0x0000000000005d50        0xc build-nano_33_iot/libcore.a(USBCore.cpp.o)
 .rodata._ZL21USB_DeviceDescriptorB
                0x0000000000005d5c       0x12 build-nano_33_iot/libcore.a(USBCore.cpp.o)
 *fill*         0x0000000000005d6e        0x2 
 .rodata._ZTV7Serial_
                0x0000000000005d70       0x60 build-nano_33_iot/libcore.a(CDC.cpp.o)
                0x0000000000005d70                vtable for Serial_
 *(.eh_frame*)
 .eh_frame      0x0000000000005dd0        0x0 /home/ical/.arduino15/packages/arduino/tools/arm-none-eabi-gcc/7-2017q4/bin/../lib/gcc/arm-none-eabi/7.2.1/thumb/v6-m/crtbegin.o
 .eh_frame      0x0000000000005dd0        0x4 /home/ical/.arduino15/packages/arduino/tools/arm-none-eabi-gcc/7-2017q4/bin/../lib/gcc/arm-none-eabi/7.2.1/thumb/v6-m/crtend.o

.glue_7         0x0000000000005dd4        0x0
 .glue_7        0x0000000000005dd4        0x0 linker stubs

.glue_7t        0x0000000000005dd4        0x0
 .glue_7t       0x0000000000005dd4        0x0 linker stubs

.vfp11_veneer   0x0000000000005dd4        0x0
 .vfp11_veneer  0x0000000000005dd4        0x0 linker stubs

.v4_bx          0x0000000000005dd4        0x0
 .v4_bx         0x0000000000005dd4        0x0 linker stubs

.iplt           0x0000000000005dd4        0x0
 .iplt          0x0000000000005dd4        0x0 /home/ical/.arduino15/packages/arduino/tools/arm-none-eabi-gcc/7-2017q4/bin/../lib/gcc/arm-none-eabi/7.2.1/thumb/v6-m/crtbegin.o

.rel.dyn        0x0000000000005dd4        0x0
 .rel.iplt      0x0000000000005dd4        0x0 /home/ical/.arduino15/packages/arduino/tools/arm-none-eabi-gcc/7-2017q4/bin/../lib/gcc/arm-none-eabi/7.2.1/thumb/v6-m/crtbegin.o

.ARM.extab
 *(.ARM.extab* .gnu.linkonce.armextab.*)
                0x0000000000005dd4                __exidx_start = .

.ARM.exidx
 *(.ARM.exidx* .gnu.linkonce.armexidx.*)
                0x0000000000005dd4                __exidx_end = .
                0x0000000000005dd4                __etext = .

.data           0x0000000020000000       0x98 load address 0x0000000000005dd4
                0x0000000020000000                __data_start__ = .
 *(vtable)
 *(.data*)
 .data.interval
                0x0000000020000000        0x4 build-nano_33_iot/encoder.ino.o
                0x0000000020000000                interval
 .data._ZL5ticks
                0x0000000020000004        0x4 build-nano_33_iot/libcore.a(Reset.cpp.o)
 .data._ZL10breakValue
                0x0000000020000008        0x4 build-nano_33_iot/libcore.a(CDC.cpp.o)
 .data._ZL12_usbLineInfo
                0x000000002000000c        0x8 build-nano_33_iot/libcore.a(CDC.cpp.o)
 .data._serialPeek
                0x0000000020000014        0x4 build-nano_33_iot/libcore.a(CDC.cpp.o)
                0x0000000020000014                _serialPeek
 .data.SystemCoreClock
                0x0000000020000018        0x4 build-nano_33_iot/libcore.a(wiring.c.o)
                0x0000000020000018                SystemCoreClock
 .data._impure_ptr
                0x000000002000001c        0x4 /home/ical/.arduino15/packages/arduino/tools/arm-none-eabi-gcc/7-2017q4/bin/../lib/gcc/arm-none-eabi/7.2.1/../../../../arm-none-eabi/lib/thumb/v6-m/libc_nano.a(lib_a-impure.o)
                0x000000002000001c                _impure_ptr
 .data.impure_data
                0x0000000020000020       0x60 /home/ical/.arduino15/packages/arduino/tools/arm-none-eabi-gcc/7-2017q4/bin/../lib/gcc/arm-none-eabi/7.2.1/../../../../arm-none-eabi/lib/thumb/v6-m/libc_nano.a(lib_a-impure.o)
                0x0000000020000080                . = ALIGN (0x4)
                0x0000000020000080                PROVIDE (__preinit_array_start, .)
 *(.preinit_array)
                0x0000000020000080                PROVIDE (__preinit_array_end, .)
                0x0000000020000080                . = ALIGN (0x4)
                0x0000000020000080                PROVIDE (__init_array_start, .)
 *(SORT_BY_NAME(.init_array.*))
 *(.init_array)
 .init_array    0x0000000020000080        0x4 /home/ical/.arduino15/packages/arduino/tools/arm-none-eabi-gcc/7-2017q4/bin/../lib/gcc/arm-none-eabi/7.2.1/thumb/v6-m/crtbegin.o
 .init_array    0x0000000020000084        0x4 build-nano_33_iot/encoder.ino.o
 .init_array    0x0000000020000088        0x4 build-nano_33_iot/libcore.a(variant.cpp.o)
 .init_array    0x000000002000008c        0x4 build-nano_33_iot/libcore.a(USBCore.cpp.o)
 .init_array    0x0000000020000090        0x4 build-nano_33_iot/libcore.a(CDC.cpp.o)
                0x0000000020000094                PROVIDE (__init_array_end, .)
                0x0000000020000094                . = ALIGN (0x4)
                [!provide]                        PROVIDE (__fini_array_start, .)
 *(SORT_BY_NAME(.fini_array.*))
 *(.fini_array)
 .fini_array    0x0000000020000094        0x4 /home/ical/.arduino15/packages/arduino/tools/arm-none-eabi-gcc/7-2017q4/bin/../lib/gcc/arm-none-eabi/7.2.1/thumb/v6-m/crtbegin.o
                [!provide]                        PROVIDE (__fini_array_end, .)
 *(.jcr*)
                0x0000000020000098                . = ALIGN (0x4)
                0x0000000020000098                __data_end__ = .

.igot.plt       0x0000000020000098        0x0 load address 0x0000000000005e6c
 .igot.plt      0x0000000020000098        0x0 /home/ical/.arduino15/packages/arduino/tools/arm-none-eabi-gcc/7-2017q4/bin/../lib/gcc/arm-none-eabi/7.2.1/thumb/v6-m/crtbegin.o

.bss            0x0000000020000098     0x137c load address 0x0000000000005e6c
                0x0000000020000098                . = ALIGN (0x4)
                0x0000000020000098                __bss_start__ = .
 *(.bss*)
 .bss           0x0000000020000098       0x1c /home/ical/.arduino15/packages/arduino/tools/arm-none-eabi-gcc/7-2017q4/bin/../lib/gcc/arm-none-eabi/7.2.1/thumb/v6-m/crtbegin.o
 .bss.msg       0x00000000200000b4       0x28 build-nano_33_iot/encoder.ino.o
                0x00000000200000b4                msg
 .bss.nh        0x00000000200000dc      0x534 build-nano_33_iot/encoder.ino.o
                0x00000000200000dc                nh
 .bss.pos       0x0000000020000610       0x10 build-nano_33_iot/encoder.ino.o
                0x0000000020000610                pos
 .bss.posi      0x0000000020000620       0x10 build-nano_33_iot/encoder.ino.o
                0x0000000020000620                posi
 .bss.previousMillis
                0x0000000020000630        0x4 build-nano_33_iot/encoder.ino.o
                0x0000000020000630                previousMillis
 .bss.pub       0x0000000020000634       0x14 build-nano_33_iot/encoder.ino.o
                0x0000000020000634                pub
 .bss.Serial1   0x0000000020000648      0x244 build-nano_33_iot/libcore.a(variant.cpp.o)
                0x0000000020000648                Serial1
 .bss.Serial2   0x000000002000088c      0x244 build-nano_33_iot/libcore.a(variant.cpp.o)
                0x000000002000088c                Serial2
 .bss.SerialHCI
                0x0000000020000ad0      0x244 build-nano_33_iot/libcore.a(variant.cpp.o)
                0x0000000020000ad0                SerialHCI
 .bss.sercom0   0x0000000020000d14        0x8 build-nano_33_iot/libcore.a(variant.cpp.o)
                0x0000000020000d14                sercom0
 .bss.sercom1   0x0000000020000d1c        0x8 build-nano_33_iot/libcore.a(variant.cpp.o)
                0x0000000020000d1c                sercom1
 .bss.sercom2   0x0000000020000d24        0x8 build-nano_33_iot/libcore.a(variant.cpp.o)
                0x0000000020000d24                sercom2
 .bss.sercom3   0x0000000020000d2c        0x8 build-nano_33_iot/libcore.a(variant.cpp.o)
                0x0000000020000d2c                sercom3
 .bss.sercom4   0x0000000020000d34        0x8 build-nano_33_iot/libcore.a(variant.cpp.o)
                0x0000000020000d34                sercom4
 .bss.sercom5   0x0000000020000d3c        0x8 build-nano_33_iot/libcore.a(variant.cpp.o)
                0x0000000020000d3c                sercom5
 .bss.ISRcallback
                0x0000000020000d44       0x44 build-nano_33_iot/libcore.a(WInterrupts.c.o)
 .bss.ISRlist   0x0000000020000d88       0x44 build-nano_33_iot/libcore.a(WInterrupts.c.o)
 .bss.enabled.13006
                0x0000000020000dcc        0x4 build-nano_33_iot/libcore.a(WInterrupts.c.o)
 .bss.nints     0x0000000020000dd0        0x4 build-nano_33_iot/libcore.a(WInterrupts.c.o)
 .bss._ulTickCount
                0x0000000020000dd4        0x4 build-nano_33_iot/libcore.a(delay.c.o)
 .bss.usb_isr   0x0000000020000dd8        0x4 build-nano_33_iot/libcore.a(cortex_handlers.c.o)
 .bss.EndPoints
                0x0000000020000ddc       0x28 build-nano_33_iot/libcore.a(USBCore.cpp.o)
                0x0000000020000ddc                EndPoints
 .bss.USBDevice
                0x0000000020000e04        0x1 build-nano_33_iot/libcore.a(USBCore.cpp.o)
                0x0000000020000e04                USBDevice
 *fill*         0x0000000020000e05        0x3 
 .bss._ZL10epHandlers
                0x0000000020000e08       0x1c build-nano_33_iot/libcore.a(USBCore.cpp.o)
 .bss._ZL14isEndpointHalt
                0x0000000020000e24        0x1 build-nano_33_iot/libcore.a(USBCore.cpp.o)
 .bss._ZL20LastTransmitTimedOut
                0x0000000020000e25        0x7 build-nano_33_iot/libcore.a(USBCore.cpp.o)
 .bss._ZL21isRemoteWakeUpEnabled
                0x0000000020000e2c        0x1 build-nano_33_iot/libcore.a(USBCore.cpp.o)
 *fill*         0x0000000020000e2d        0x3 
 .bss._ZL22udd_ep_in_cache_buffer
                0x0000000020000e30      0x1c0 build-nano_33_iot/libcore.a(USBCore.cpp.o)
 .bss._ZL23udd_ep_out_cache_buffer
                0x0000000020000ff0      0x1c0 build-nano_33_iot/libcore.a(USBCore.cpp.o)
 .bss._dry_run  0x00000000200011b0        0x1 build-nano_33_iot/libcore.a(USBCore.cpp.o)
                0x00000000200011b0                _dry_run
 .bss._pack_buffer
                0x00000000200011b1      0x100 build-nano_33_iot/libcore.a(USBCore.cpp.o)
                0x00000000200011b1                _pack_buffer
 .bss._pack_message
                0x00000000200012b1        0x1 build-nano_33_iot/libcore.a(USBCore.cpp.o)
                0x00000000200012b1                _pack_message
 .bss._pack_size
                0x00000000200012b2        0x2 build-nano_33_iot/libcore.a(USBCore.cpp.o)
                0x00000000200012b2                _pack_size
 .bss._usbConfiguration
                0x00000000200012b4        0x4 build-nano_33_iot/libcore.a(USBCore.cpp.o)
                0x00000000200012b4                _usbConfiguration
 .bss._usbSetInterface
                0x00000000200012b8        0x4 build-nano_33_iot/libcore.a(USBCore.cpp.o)
                0x00000000200012b8                _usbSetInterface
 .bss.usbd      0x00000000200012bc      0x104 build-nano_33_iot/libcore.a(USBCore.cpp.o)
                0x00000000200012bc                usbd
 .bss.SerialUSB
                0x00000000200013c0       0x34 build-nano_33_iot/libcore.a(CDC.cpp.o)
                0x00000000200013c0                SerialUSB
 .bss._ZGVZ12PluggableUSBvE3obj
                0x00000000200013f4        0x4 build-nano_33_iot/libcore.a(PluggableUSB.cpp.o)
 .bss._ZZ12PluggableUSBvE3obj
                0x00000000200013f8        0xc build-nano_33_iot/libcore.a(PluggableUSB.cpp.o)
 .bss.__malloc_free_list
                0x0000000020001404        0x4 /home/ical/.arduino15/packages/arduino/tools/arm-none-eabi-gcc/7-2017q4/bin/../lib/gcc/arm-none-eabi/7.2.1/../../../../arm-none-eabi/lib/thumb/v6-m/libc_nano.a(lib_a-nano-mallocr.o)
                0x0000000020001404                __malloc_free_list
 .bss.__malloc_sbrk_start
                0x0000000020001408        0x4 /home/ical/.arduino15/packages/arduino/tools/arm-none-eabi-gcc/7-2017q4/bin/../lib/gcc/arm-none-eabi/7.2.1/../../../../arm-none-eabi/lib/thumb/v6-m/libc_nano.a(lib_a-nano-mallocr.o)
                0x0000000020001408                __malloc_sbrk_start
 .bss.heap_end.4102
                0x000000002000140c        0x4 /home/ical/.arduino15/packages/arduino/tools/arm-none-eabi-gcc/7-2017q4/bin/../lib/gcc/arm-none-eabi/7.2.1/../../../../arm-none-eabi/lib/thumb/v6-m/libnosys.a(sbrk.o)
 *(COMMON)
 COMMON         0x0000000020001410        0x4 /home/ical/.arduino15/packages/arduino/tools/arm-none-eabi-gcc/7-2017q4/bin/../lib/gcc/arm-none-eabi/7.2.1/../../../../arm-none-eabi/lib/thumb/v6-m/libc_nano.a(lib_a-reent.o)
                0x0000000020001410                errno
                0x0000000020001414                . = ALIGN (0x4)
                0x0000000020001414                __bss_end__ = .

.heap           0x0000000020001414        0x0
                0x0000000020001414                __end__ = .
                0x0000000020001414                PROVIDE (end, .)
 *(.heap*)
                0x0000000020001414                __HeapLimit = .

.stack_dummy    0x0000000020001414        0x0
 *(.stack*)
                0x0000000020008000                __StackTop = (ORIGIN (RAM) + LENGTH (RAM))
                0x0000000020008000                __StackLimit = (__StackTop - SIZEOF (.stack_dummy))
                0x0000000020008000                PROVIDE (__stack, __StackTop)
                0x0000000020007fff                __ram_end__ = ((ORIGIN (RAM) + LENGTH (RAM)) - 0x1)
                0x0000000000000001                ASSERT ((__StackLimit >= __HeapLimit), region RAM overflowed with stack)
OUTPUT(build-nano_33_iot/encoder.elf elf32-littlearm)

.ARM.attributes
                0x0000000000000000       0x28
 .ARM.attributes
                0x0000000000000000       0x1e /home/ical/.arduino15/packages/arduino/tools/arm-none-eabi-gcc/7-2017q4/bin/../lib/gcc/arm-none-eabi/7.2.1/thumb/v6-m/crti.o
 .ARM.attributes
                0x000000000000001e       0x2c /home/ical/.arduino15/packages/arduino/tools/arm-none-eabi-gcc/7-2017q4/bin/../lib/gcc/arm-none-eabi/7.2.1/thumb/v6-m/crtbegin.o
 .ARM.attributes
                0x000000000000004a       0x32 build-nano_33_iot/encoder.ino.o
 .ARM.attributes
                0x000000000000007c       0x32 build-nano_33_iot/libcore.a(variant.cpp.o)
 .ARM.attributes
                0x00000000000000ae       0x32 build-nano_33_iot/libcore.a(WInterrupts.c.o)
 .ARM.attributes
                0x00000000000000e0       0x32 build-nano_33_iot/libcore.a(wiring_digital.c.o)
 .ARM.attributes
                0x0000000000000112       0x32 build-nano_33_iot/libcore.a(wiring_private.c.o)
 .ARM.attributes
                0x0000000000000144       0x32 build-nano_33_iot/libcore.a(delay.c.o)
 .ARM.attributes
                0x0000000000000176       0x32 build-nano_33_iot/libcore.a(cortex_handlers.c.o)
 .ARM.attributes
                0x00000000000001a8       0x32 build-nano_33_iot/libcore.a(Reset.cpp.o)
 .ARM.attributes
                0x00000000000001da       0x32 build-nano_33_iot/libcore.a(SERCOM.cpp.o)
 .ARM.attributes
                0x000000000000020c       0x32 build-nano_33_iot/libcore.a(main.cpp.o)
 .ARM.attributes
                0x000000000000023e       0x32 build-nano_33_iot/libcore.a(Uart.cpp.o)
 .ARM.attributes
                0x0000000000000270       0x32 build-nano_33_iot/libcore.a(Print.cpp.o)
 .ARM.attributes
                0x00000000000002a2       0x32 build-nano_33_iot/libcore.a(USBCore.cpp.o)
 .ARM.attributes
                0x00000000000002d4       0x32 build-nano_33_iot/libcore.a(CDC.cpp.o)
 .ARM.attributes
                0x0000000000000306       0x32 build-nano_33_iot/libcore.a(time.cpp.o)
 .ARM.attributes
                0x0000000000000338       0x32 build-nano_33_iot/libcore.a(wiring.c.o)
 .ARM.attributes
                0x000000000000036a       0x32 build-nano_33_iot/libcore.a(hooks.c.o)
 .ARM.attributes
                0x000000000000039c       0x32 build-nano_33_iot/libcore.a(wiring_analog.c.o)
 .ARM.attributes
                0x00000000000003ce       0x32 build-nano_33_iot/libcore.a(startup.c.o)
 .ARM.attributes
                0x0000000000000400       0x32 build-nano_33_iot/libcore.a(new.cpp.o)
 .ARM.attributes
                0x0000000000000432       0x32 build-nano_33_iot/libcore.a(PluggableUSB.cpp.o)
 .ARM.attributes
                0x0000000000000464       0x2c /home/ical/.arduino15/packages/arduino/tools/arm-none-eabi-gcc/7-2017q4/bin/../lib/gcc/arm-none-eabi/7.2.1/../../../../arm-none-eabi/lib/thumb/v6-m/libstdc++_nano.a(del_ops.o)
 .ARM.attributes
                0x0000000000000490       0x1e /home/ical/.arduino15/packages/arduino/tools/arm-none-eabi-gcc/7-2017q4/bin/../lib/gcc/arm-none-eabi/7.2.1/thumb/v6-m/libgcc.a(_thumb1_case_uqi.o)
 .ARM.attributes
                0x00000000000004ae       0x1e /home/ical/.arduino15/packages/arduino/tools/arm-none-eabi-gcc/7-2017q4/bin/../lib/gcc/arm-none-eabi/7.2.1/thumb/v6-m/libgcc.a(_udivsi3.o)
 .ARM.attributes
                0x00000000000004cc       0x1e /home/ical/.arduino15/packages/arduino/tools/arm-none-eabi-gcc/7-2017q4/bin/../lib/gcc/arm-none-eabi/7.2.1/thumb/v6-m/libgcc.a(_dvmd_tls.o)
 .ARM.attributes
                0x00000000000004ea       0x2c /home/ical/.arduino15/packages/arduino/tools/arm-none-eabi-gcc/7-2017q4/bin/../lib/gcc/arm-none-eabi/7.2.1/../../../../arm-none-eabi/lib/thumb/v6-m/libc_nano.a(lib_a-impure.o)
 .ARM.attributes
                0x0000000000000516       0x2c /home/ical/.arduino15/packages/arduino/tools/arm-none-eabi-gcc/7-2017q4/bin/../lib/gcc/arm-none-eabi/7.2.1/../../../../arm-none-eabi/lib/thumb/v6-m/libc_nano.a(lib_a-init.o)
 .ARM.attributes
                0x0000000000000542       0x2c /home/ical/.arduino15/packages/arduino/tools/arm-none-eabi-gcc/7-2017q4/bin/../lib/gcc/arm-none-eabi/7.2.1/../../../../arm-none-eabi/lib/thumb/v6-m/libc_nano.a(lib_a-malloc.o)
 .ARM.attributes
                0x000000000000056e       0x2c /home/ical/.arduino15/packages/arduino/tools/arm-none-eabi-gcc/7-2017q4/bin/../lib/gcc/arm-none-eabi/7.2.1/../../../../arm-none-eabi/lib/thumb/v6-m/libc_nano.a(lib_a-memcpy-stub.o)
 .ARM.attributes
                0x000000000000059a       0x2c /home/ical/.arduino15/packages/arduino/tools/arm-none-eabi-gcc/7-2017q4/bin/../lib/gcc/arm-none-eabi/7.2.1/../../../../arm-none-eabi/lib/thumb/v6-m/libc_nano.a(lib_a-memset.o)
 .ARM.attributes
                0x00000000000005c6       0x2c /home/ical/.arduino15/packages/arduino/tools/arm-none-eabi-gcc/7-2017q4/bin/../lib/gcc/arm-none-eabi/7.2.1/../../../../arm-none-eabi/lib/thumb/v6-m/libc_nano.a(lib_a-nano-freer.o)
 .ARM.attributes
                0x00000000000005f2       0x2c /home/ical/.arduino15/packages/arduino/tools/arm-none-eabi-gcc/7-2017q4/bin/../lib/gcc/arm-none-eabi/7.2.1/../../../../arm-none-eabi/lib/thumb/v6-m/libc_nano.a(lib_a-nano-mallocr.o)
 .ARM.attributes
                0x000000000000061e       0x2c /home/ical/.arduino15/packages/arduino/tools/arm-none-eabi-gcc/7-2017q4/bin/../lib/gcc/arm-none-eabi/7.2.1/../../../../arm-none-eabi/lib/thumb/v6-m/libc_nano.a(lib_a-realloc.o)
 .ARM.attributes
                0x000000000000064a       0x2c /home/ical/.arduino15/packages/arduino/tools/arm-none-eabi-gcc/7-2017q4/bin/../lib/gcc/arm-none-eabi/7.2.1/../../../../arm-none-eabi/lib/thumb/v6-m/libc_nano.a(lib_a-sbrkr.o)
 .ARM.attributes
                0x0000000000000676       0x1c /home/ical/.arduino15/packages/arduino/tools/arm-none-eabi-gcc/7-2017q4/bin/../lib/gcc/arm-none-eabi/7.2.1/../../../../arm-none-eabi/lib/thumb/v6-m/libc_nano.a(lib_a-strlen.o)
 .ARM.attributes
                0x0000000000000692       0x2c /home/ical/.arduino15/packages/arduino/tools/arm-none-eabi-gcc/7-2017q4/bin/../lib/gcc/arm-none-eabi/7.2.1/../../../../arm-none-eabi/lib/thumb/v6-m/libc_nano.a(lib_a-mlock.o)
 .ARM.attributes
                0x00000000000006be       0x2c /home/ical/.arduino15/packages/arduino/tools/arm-none-eabi-gcc/7-2017q4/bin/../lib/gcc/arm-none-eabi/7.2.1/../../../../arm-none-eabi/lib/thumb/v6-m/libc_nano.a(lib_a-nano-reallocr.o)
 .ARM.attributes
                0x00000000000006ea       0x2c /home/ical/.arduino15/packages/arduino/tools/arm-none-eabi-gcc/7-2017q4/bin/../lib/gcc/arm-none-eabi/7.2.1/../../../../arm-none-eabi/lib/thumb/v6-m/libc_nano.a(lib_a-reent.o)
 .ARM.attributes
                0x0000000000000716       0x2c /home/ical/.arduino15/packages/arduino/tools/arm-none-eabi-gcc/7-2017q4/bin/../lib/gcc/arm-none-eabi/7.2.1/../../../../arm-none-eabi/lib/thumb/v6-m/libc_nano.a(lib_a-nano-msizer.o)
 .ARM.attributes
                0x0000000000000742       0x2c /home/ical/.arduino15/packages/arduino/tools/arm-none-eabi-gcc/7-2017q4/bin/../lib/gcc/arm-none-eabi/7.2.1/../../../../arm-none-eabi/lib/thumb/v6-m/libnosys.a(sbrk.o)
 .ARM.attributes
                0x000000000000076e       0x2c /home/ical/.arduino15/packages/arduino/tools/arm-none-eabi-gcc/7-2017q4/bin/../lib/gcc/arm-none-eabi/7.2.1/thumb/v6-m/crtend.o
 .ARM.attributes
                0x000000000000079a       0x1e /home/ical/.arduino15/packages/arduino/tools/arm-none-eabi-gcc/7-2017q4/bin/../lib/gcc/arm-none-eabi/7.2.1/thumb/v6-m/crtn.o

.comment        0x0000000000000000       0x7f
 .comment       0x0000000000000000       0x7f build-nano_33_iot/encoder.ino.o
                                         0x80 (size before relaxing)
 .comment       0x000000000000007f       0x80 build-nano_33_iot/libcore.a(variant.cpp.o)
 .comment       0x000000000000007f       0x80 build-nano_33_iot/libcore.a(WInterrupts.c.o)
 .comment       0x000000000000007f       0x80 build-nano_33_iot/libcore.a(wiring_digital.c.o)
 .comment       0x000000000000007f       0x80 build-nano_33_iot/libcore.a(wiring_private.c.o)
 .comment       0x000000000000007f       0x80 build-nano_33_iot/libcore.a(delay.c.o)
 .comment       0x000000000000007f       0x80 build-nano_33_iot/libcore.a(cortex_handlers.c.o)
 .comment       0x000000000000007f       0x80 build-nano_33_iot/libcore.a(Reset.cpp.o)
 .comment       0x000000000000007f       0x80 build-nano_33_iot/libcore.a(SERCOM.cpp.o)
 .comment       0x000000000000007f       0x80 build-nano_33_iot/libcore.a(main.cpp.o)
 .comment       0x000000000000007f       0x80 build-nano_33_iot/libcore.a(Uart.cpp.o)
 .comment       0x000000000000007f       0x80 build-nano_33_iot/libcore.a(Print.cpp.o)
 .comment       0x000000000000007f       0x80 build-nano_33_iot/libcore.a(USBCore.cpp.o)
 .comment       0x000000000000007f       0x80 build-nano_33_iot/libcore.a(CDC.cpp.o)
 .comment       0x000000000000007f       0x80 build-nano_33_iot/libcore.a(time.cpp.o)
 .comment       0x000000000000007f       0x80 build-nano_33_iot/libcore.a(wiring.c.o)
 .comment       0x000000000000007f       0x80 build-nano_33_iot/libcore.a(hooks.c.o)
 .comment       0x000000000000007f       0x80 build-nano_33_iot/libcore.a(wiring_analog.c.o)
 .comment       0x000000000000007f       0x80 build-nano_33_iot/libcore.a(startup.c.o)
 .comment       0x000000000000007f       0x80 build-nano_33_iot/libcore.a(new.cpp.o)
 .comment       0x000000000000007f       0x80 build-nano_33_iot/libcore.a(PluggableUSB.cpp.o)

.debug_frame    0x0000000000000000      0x290
 .debug_frame   0x0000000000000000       0x28 /home/ical/.arduino15/packages/arduino/tools/arm-none-eabi-gcc/7-2017q4/bin/../lib/gcc/arm-none-eabi/7.2.1/../../../../arm-none-eabi/lib/thumb/v6-m/libstdc++_nano.a(del_ops.o)
 .debug_frame   0x0000000000000028       0x20 /home/ical/.arduino15/packages/arduino/tools/arm-none-eabi-gcc/7-2017q4/bin/../lib/gcc/arm-none-eabi/7.2.1/thumb/v6-m/libgcc.a(_udivsi3.o)
 .debug_frame   0x0000000000000048       0x2c /home/ical/.arduino15/packages/arduino/tools/arm-none-eabi-gcc/7-2017q4/bin/../lib/gcc/arm-none-eabi/7.2.1/../../../../arm-none-eabi/lib/thumb/v6-m/libc_nano.a(lib_a-init.o)
 .debug_frame   0x0000000000000074       0x40 /home/ical/.arduino15/packages/arduino/tools/arm-none-eabi-gcc/7-2017q4/bin/../lib/gcc/arm-none-eabi/7.2.1/../../../../arm-none-eabi/lib/thumb/v6-m/libc_nano.a(lib_a-malloc.o)
 .debug_frame   0x00000000000000b4       0x28 /home/ical/.arduino15/packages/arduino/tools/arm-none-eabi-gcc/7-2017q4/bin/../lib/gcc/arm-none-eabi/7.2.1/../../../../arm-none-eabi/lib/thumb/v6-m/libc_nano.a(lib_a-memcpy-stub.o)
 .debug_frame   0x00000000000000dc       0x20 /home/ical/.arduino15/packages/arduino/tools/arm-none-eabi-gcc/7-2017q4/bin/../lib/gcc/arm-none-eabi/7.2.1/../../../../arm-none-eabi/lib/thumb/v6-m/libc_nano.a(lib_a-memset.o)
 .debug_frame   0x00000000000000fc       0x2c /home/ical/.arduino15/packages/arduino/tools/arm-none-eabi-gcc/7-2017q4/bin/../lib/gcc/arm-none-eabi/7.2.1/../../../../arm-none-eabi/lib/thumb/v6-m/libc_nano.a(lib_a-nano-freer.o)
 .debug_frame   0x0000000000000128       0x2c /home/ical/.arduino15/packages/arduino/tools/arm-none-eabi-gcc/7-2017q4/bin/../lib/gcc/arm-none-eabi/7.2.1/../../../../arm-none-eabi/lib/thumb/v6-m/libc_nano.a(lib_a-nano-mallocr.o)
 .debug_frame   0x0000000000000154       0x28 /home/ical/.arduino15/packages/arduino/tools/arm-none-eabi-gcc/7-2017q4/bin/../lib/gcc/arm-none-eabi/7.2.1/../../../../arm-none-eabi/lib/thumb/v6-m/libc_nano.a(lib_a-realloc.o)
 .debug_frame   0x000000000000017c       0x2c /home/ical/.arduino15/packages/arduino/tools/arm-none-eabi-gcc/7-2017q4/bin/../lib/gcc/arm-none-eabi/7.2.1/../../../../arm-none-eabi/lib/thumb/v6-m/libc_nano.a(lib_a-sbrkr.o)
 .debug_frame   0x00000000000001a8       0x30 /home/ical/.arduino15/packages/arduino/tools/arm-none-eabi-gcc/7-2017q4/bin/../lib/gcc/arm-none-eabi/7.2.1/../../../../arm-none-eabi/lib/thumb/v6-m/libc_nano.a(lib_a-mlock.o)
 .debug_frame   0x00000000000001d8       0x30 /home/ical/.arduino15/packages/arduino/tools/arm-none-eabi-gcc/7-2017q4/bin/../lib/gcc/arm-none-eabi/7.2.1/../../../../arm-none-eabi/lib/thumb/v6-m/libc_nano.a(lib_a-nano-reallocr.o)
 .debug_frame   0x0000000000000208       0x48 /home/ical/.arduino15/packages/arduino/tools/arm-none-eabi-gcc/7-2017q4/bin/../lib/gcc/arm-none-eabi/7.2.1/../../../../arm-none-eabi/lib/thumb/v6-m/libc_nano.a(lib_a-reent.o)
 .debug_frame   0x0000000000000250       0x20 /home/ical/.arduino15/packages/arduino/tools/arm-none-eabi-gcc/7-2017q4/bin/../lib/gcc/arm-none-eabi/7.2.1/../../../../arm-none-eabi/lib/thumb/v6-m/libc_nano.a(lib_a-nano-msizer.o)
 .debug_frame   0x0000000000000270       0x20 /home/ical/.arduino15/packages/arduino/tools/arm-none-eabi-gcc/7-2017q4/bin/../lib/gcc/arm-none-eabi/7.2.1/../../../../arm-none-eabi/lib/thumb/v6-m/libnosys.a(sbrk.o)

Cross Reference Table

Symbol                                            File
AC_Handler                                        build-nano_33_iot/libcore.a(cortex_handlers.c.o)
ADC_Handler                                       build-nano_33_iot/libcore.a(cortex_handlers.c.o)
DAC_Handler                                       build-nano_33_iot/libcore.a(cortex_handlers.c.o)
DMAC_Handler                                      build-nano_33_iot/libcore.a(cortex_handlers.c.o)
DoubleBufferedEPOutHandler::_available() const    build-nano_33_iot/libcore.a(USBCore.cpp.o)
DoubleBufferedEPOutHandler::_recv()               build-nano_33_iot/libcore.a(USBCore.cpp.o)
DoubleBufferedEPOutHandler::available()           build-nano_33_iot/libcore.a(USBCore.cpp.o)
DoubleBufferedEPOutHandler::handleEndpoint()      build-nano_33_iot/libcore.a(USBCore.cpp.o)
DoubleBufferedEPOutHandler::peek()                build-nano_33_iot/libcore.a(USBCore.cpp.o)
DoubleBufferedEPOutHandler::recv(void*, unsigned long) build-nano_33_iot/libcore.a(USBCore.cpp.o)
DoubleBufferedEPOutHandler::release()             build-nano_33_iot/libcore.a(USBCore.cpp.o)
DoubleBufferedEPOutHandler::~DoubleBufferedEPOutHandler() build-nano_33_iot/libcore.a(USBCore.cpp.o)
DoubleBufferedEPOutHandler::~DoubleBufferedEPOutHandler() build-nano_33_iot/libcore.a(USBCore.cpp.o)
DoubleBufferedEPOutHandler::~DoubleBufferedEPOutHandler() build-nano_33_iot/libcore.a(USBCore.cpp.o)
Dummy_Handler                                     build-nano_33_iot/libcore.a(cortex_handlers.c.o)
EIC_Handler                                       build-nano_33_iot/libcore.a(WInterrupts.c.o)
EVSYS_Handler                                     build-nano_33_iot/libcore.a(cortex_handlers.c.o)
EndPoints                                         build-nano_33_iot/libcore.a(USBCore.cpp.o)
HardFault_Handler                                 build-nano_33_iot/libcore.a(cortex_handlers.c.o)
I2S_Handler                                       build-nano_33_iot/libcore.a(cortex_handlers.c.o)
NMI_Handler                                       build-nano_33_iot/libcore.a(cortex_handlers.c.o)
NVMCTRL_Handler                                   build-nano_33_iot/libcore.a(cortex_handlers.c.o)
PINCOUNT_fn                                       build-nano_33_iot/libcore.a(variant.cpp.o)
PM_Handler                                        build-nano_33_iot/libcore.a(cortex_handlers.c.o)
PTC_Handler                                       build-nano_33_iot/libcore.a(cortex_handlers.c.o)
PendSV_Handler                                    build-nano_33_iot/libcore.a(cortex_handlers.c.o)
PluggableUSB()                                    build-nano_33_iot/libcore.a(PluggableUSB.cpp.o)
                                                  build-nano_33_iot/libcore.a(CDC.cpp.o)
                                                  build-nano_33_iot/libcore.a(USBCore.cpp.o)
RTC_Handler                                       build-nano_33_iot/libcore.a(cortex_handlers.c.o)
Reset_Handler                                     build-nano_33_iot/libcore.a(cortex_handlers.c.o)
SERCOM0_Handler                                   build-nano_33_iot/libcore.a(cortex_handlers.c.o)
SERCOM1_Handler                                   build-nano_33_iot/libcore.a(cortex_handlers.c.o)
SERCOM2_Handler                                   build-nano_33_iot/libcore.a(variant.cpp.o)
SERCOM3_Handler                                   build-nano_33_iot/libcore.a(variant.cpp.o)
SERCOM4_Handler                                   build-nano_33_iot/libcore.a(cortex_handlers.c.o)
SERCOM5_Handler                                   build-nano_33_iot/libcore.a(variant.cpp.o)
SERCOM::SERCOM(Sercom*)                           build-nano_33_iot/libcore.a(SERCOM.cpp.o)
                                                  build-nano_33_iot/libcore.a(variant.cpp.o)
SERCOM::SERCOM(Sercom*)                           build-nano_33_iot/libcore.a(SERCOM.cpp.o)
SERCOM::acknowledgeUARTError()                    build-nano_33_iot/libcore.a(SERCOM.cpp.o)
                                                  build-nano_33_iot/libcore.a(Uart.cpp.o)
SERCOM::availableDataUART()                       build-nano_33_iot/libcore.a(SERCOM.cpp.o)
                                                  build-nano_33_iot/libcore.a(Uart.cpp.o)
SERCOM::availableWIRE()                           build-nano_33_iot/libcore.a(SERCOM.cpp.o)
SERCOM::calculateBaudrateSynchronous(unsigned long) build-nano_33_iot/libcore.a(SERCOM.cpp.o)
SERCOM::clearFrameErrorUART()                     build-nano_33_iot/libcore.a(SERCOM.cpp.o)
                                                  build-nano_33_iot/libcore.a(Uart.cpp.o)
SERCOM::clearStatusUART()                         build-nano_33_iot/libcore.a(SERCOM.cpp.o)
                                                  build-nano_33_iot/libcore.a(Uart.cpp.o)
SERCOM::disableDataRegisterEmptyInterruptUART()   build-nano_33_iot/libcore.a(SERCOM.cpp.o)
                                                  build-nano_33_iot/libcore.a(Uart.cpp.o)
SERCOM::disableSPI()                              build-nano_33_iot/libcore.a(SERCOM.cpp.o)
SERCOM::disableWIRE()                             build-nano_33_iot/libcore.a(SERCOM.cpp.o)
SERCOM::enableDataRegisterEmptyInterruptUART()    build-nano_33_iot/libcore.a(SERCOM.cpp.o)
                                                  build-nano_33_iot/libcore.a(Uart.cpp.o)
SERCOM::enableSPI()                               build-nano_33_iot/libcore.a(SERCOM.cpp.o)
SERCOM::enableUART()                              build-nano_33_iot/libcore.a(SERCOM.cpp.o)
                                                  build-nano_33_iot/libcore.a(Uart.cpp.o)
SERCOM::enableWIRE()                              build-nano_33_iot/libcore.a(SERCOM.cpp.o)
SERCOM::flushUART()                               build-nano_33_iot/libcore.a(SERCOM.cpp.o)
                                                  build-nano_33_iot/libcore.a(Uart.cpp.o)
SERCOM::getDataOrderSPI()                         build-nano_33_iot/libcore.a(SERCOM.cpp.o)
SERCOM::initClockNVIC()                           build-nano_33_iot/libcore.a(SERCOM.cpp.o)
SERCOM::initFrame(SercomUartCharSize, SercomDataOrder, SercomParityMode, SercomNumberStopBit) build-nano_33_iot/libcore.a(SERCOM.cpp.o)
                                                  build-nano_33_iot/libcore.a(Uart.cpp.o)
SERCOM::initMasterWIRE(unsigned long)             build-nano_33_iot/libcore.a(SERCOM.cpp.o)
SERCOM::initPads(SercomUartTXPad, SercomRXPad)    build-nano_33_iot/libcore.a(SERCOM.cpp.o)
                                                  build-nano_33_iot/libcore.a(Uart.cpp.o)
SERCOM::initSPI(SercomSpiTXPad, SercomRXPad, SercomSpiCharSize, SercomDataOrder) build-nano_33_iot/libcore.a(SERCOM.cpp.o)
SERCOM::initSPIClock(SercomSpiClockMode, unsigned long) build-nano_33_iot/libcore.a(SERCOM.cpp.o)
SERCOM::initSlaveWIRE(unsigned char, bool)        build-nano_33_iot/libcore.a(SERCOM.cpp.o)
SERCOM::initUART(SercomUartMode, SercomUartSampleRate, unsigned long) build-nano_33_iot/libcore.a(SERCOM.cpp.o)
                                                  build-nano_33_iot/libcore.a(Uart.cpp.o)
SERCOM::isAddressMatch()                          build-nano_33_iot/libcore.a(SERCOM.cpp.o)
SERCOM::isArbLostWIRE()                           build-nano_33_iot/libcore.a(SERCOM.cpp.o)
SERCOM::isBufferOverflowErrorSPI()                build-nano_33_iot/libcore.a(SERCOM.cpp.o)
SERCOM::isBufferOverflowErrorUART()               build-nano_33_iot/libcore.a(SERCOM.cpp.o)
SERCOM::isBusBusyWIRE()                           build-nano_33_iot/libcore.a(SERCOM.cpp.o)
SERCOM::isBusIdleWIRE()                           build-nano_33_iot/libcore.a(SERCOM.cpp.o)
SERCOM::isBusOwnerWIRE()                          build-nano_33_iot/libcore.a(SERCOM.cpp.o)
SERCOM::isDataReadyWIRE()                         build-nano_33_iot/libcore.a(SERCOM.cpp.o)
SERCOM::isDataRegisterEmptySPI()                  build-nano_33_iot/libcore.a(SERCOM.cpp.o)
SERCOM::isDataRegisterEmptyUART()                 build-nano_33_iot/libcore.a(SERCOM.cpp.o)
                                                  build-nano_33_iot/libcore.a(Uart.cpp.o)
SERCOM::isFrameErrorUART()                        build-nano_33_iot/libcore.a(SERCOM.cpp.o)
                                                  build-nano_33_iot/libcore.a(Uart.cpp.o)
SERCOM::isMasterReadOperationWIRE()               build-nano_33_iot/libcore.a(SERCOM.cpp.o)
SERCOM::isMasterWIRE()                            build-nano_33_iot/libcore.a(SERCOM.cpp.o)
SERCOM::isParityErrorUART()                       build-nano_33_iot/libcore.a(SERCOM.cpp.o)
SERCOM::isRXNackReceivedWIRE()                    build-nano_33_iot/libcore.a(SERCOM.cpp.o)
SERCOM::isRestartDetectedWIRE()                   build-nano_33_iot/libcore.a(SERCOM.cpp.o)
SERCOM::isSlaveWIRE()                             build-nano_33_iot/libcore.a(SERCOM.cpp.o)
SERCOM::isStopDetectedWIRE()                      build-nano_33_iot/libcore.a(SERCOM.cpp.o)
SERCOM::isUARTError()                             build-nano_33_iot/libcore.a(SERCOM.cpp.o)
                                                  build-nano_33_iot/libcore.a(Uart.cpp.o)
SERCOM::prepareAckBitWIRE()                       build-nano_33_iot/libcore.a(SERCOM.cpp.o)
SERCOM::prepareCommandBitsWire(unsigned char)     build-nano_33_iot/libcore.a(SERCOM.cpp.o)
SERCOM::prepareNackBitWIRE()                      build-nano_33_iot/libcore.a(SERCOM.cpp.o)
SERCOM::readDataUART()                            build-nano_33_iot/libcore.a(SERCOM.cpp.o)
                                                  build-nano_33_iot/libcore.a(Uart.cpp.o)
SERCOM::readDataWIRE()                            build-nano_33_iot/libcore.a(SERCOM.cpp.o)
SERCOM::resetSPI()                                build-nano_33_iot/libcore.a(SERCOM.cpp.o)
SERCOM::resetUART()                               build-nano_33_iot/libcore.a(SERCOM.cpp.o)
                                                  build-nano_33_iot/libcore.a(Uart.cpp.o)
SERCOM::resetWIRE()                               build-nano_33_iot/libcore.a(SERCOM.cpp.o)
SERCOM::sendDataMasterWIRE(unsigned char)         build-nano_33_iot/libcore.a(SERCOM.cpp.o)
SERCOM::sendDataSlaveWIRE(unsigned char)          build-nano_33_iot/libcore.a(SERCOM.cpp.o)
SERCOM::setBaudrateSPI(unsigned char)             build-nano_33_iot/libcore.a(SERCOM.cpp.o)
SERCOM::setClockModeSPI(SercomSpiClockMode)       build-nano_33_iot/libcore.a(SERCOM.cpp.o)
SERCOM::setDataOrderSPI(SercomDataOrder)          build-nano_33_iot/libcore.a(SERCOM.cpp.o)
SERCOM::startTransmissionWIRE(unsigned char, SercomWireReadWriteFlag) build-nano_33_iot/libcore.a(SERCOM.cpp.o)
SERCOM::transferDataSPI(unsigned char)            build-nano_33_iot/libcore.a(SERCOM.cpp.o)
SERCOM::writeDataUART(unsigned char)              build-nano_33_iot/libcore.a(SERCOM.cpp.o)
                                                  build-nano_33_iot/libcore.a(Uart.cpp.o)
SVC_Handler                                       build-nano_33_iot/libcore.a(cortex_handlers.c.o)
SYSCTRL_Handler                                   build-nano_33_iot/libcore.a(cortex_handlers.c.o)
Serial1                                           build-nano_33_iot/libcore.a(variant.cpp.o)
                                                  build-nano_33_iot/encoder.ino.o
Serial2                                           build-nano_33_iot/libcore.a(variant.cpp.o)
SerialHCI                                         build-nano_33_iot/libcore.a(variant.cpp.o)
SerialUSB                                         build-nano_33_iot/libcore.a(CDC.cpp.o)
                                                  build-nano_33_iot/libcore.a(USBCore.cpp.o)
Serial_::Serial_(USBDeviceClass&)                 build-nano_33_iot/libcore.a(CDC.cpp.o)
Serial_::Serial_(USBDeviceClass&)                 build-nano_33_iot/libcore.a(CDC.cpp.o)
Serial_::available()                              build-nano_33_iot/libcore.a(CDC.cpp.o)
Serial_::availableForWrite()                      build-nano_33_iot/libcore.a(CDC.cpp.o)
Serial_::baud()                                   build-nano_33_iot/libcore.a(CDC.cpp.o)
Serial_::begin(unsigned long)                     build-nano_33_iot/libcore.a(CDC.cpp.o)
                                                  build-nano_33_iot/libcore.a(USBCore.cpp.o)
Serial_::begin(unsigned long, unsigned short)     build-nano_33_iot/libcore.a(CDC.cpp.o)
Serial_::clear()                                  build-nano_33_iot/libcore.a(CDC.cpp.o)
Serial_::dtr()                                    build-nano_33_iot/libcore.a(CDC.cpp.o)
Serial_::enableInterrupt()                        build-nano_33_iot/libcore.a(CDC.cpp.o)
                                                  build-nano_33_iot/libcore.a(USBCore.cpp.o)
Serial_::end()                                    build-nano_33_iot/libcore.a(CDC.cpp.o)
Serial_::flush()                                  build-nano_33_iot/libcore.a(CDC.cpp.o)
Serial_::getDescriptor(arduino::USBSetup&)        build-nano_33_iot/libcore.a(CDC.cpp.o)
Serial_::getInterface(unsigned char*)             build-nano_33_iot/libcore.a(CDC.cpp.o)
Serial_::getShortName(char*)                      build-nano_33_iot/libcore.a(CDC.cpp.o)
Serial_::handleEndpoint(int)                      build-nano_33_iot/libcore.a(CDC.cpp.o)