Archive member included to satisfy reference by file (symbol)

build-nano_33_iot/libcore.a(WInterrupts.c.o)
                              build-nano_33_iot/encoder.ino.o (attachInterrupt)
build-nano_33_iot/libcore.a(wiring_digital.c.o)
                              build-nano_33_iot/encoder.ino.o (pinMode)
build-nano_33_iot/libcore.a(wiring_private.c.o)
                              build-nano_33_iot/libcore.a(WInterrupts.c.o) (pinPeripheral)
build-nano_33_iot/libcore.a(delay.c.o)
                              build-nano_33_iot/encoder.ino.o (millis)
build-nano_33_iot/libcore.a(cortex_handlers.c.o)
                              (Reset_Handler)
build-nano_33_iot/libcore.a(Reset.cpp.o)
                              build-nano_33_iot/libcore.a(delay.c.o) (tickReset)
build-nano_33_iot/libcore.a(main.cpp.o)
                              /home/ical/.arduino15/packages/arduino/tools/arm-none-eabi-gcc/7-2017q4/bin/../lib/gcc/arm-none-eabi/7.2.1/../../../../arm-none-eabi/lib/thumb/v6-m/crt0.o (main)
build-nano_33_iot/libcore.a(USBCore.cpp.o)
                              build-nano_33_iot/libcore.a(main.cpp.o) (USBDeviceClass::attach())
build-nano_33_iot/libcore.a(CDC.cpp.o)
                              build-nano_33_iot/libcore.a(USBCore.cpp.o) (Serial_::begin(unsigned long))
build-nano_33_iot/libcore.a(time.cpp.o)
                              build-nano_33_iot/encoder.ino.o (ros::normalizeSecNSec(unsigned long&, unsigned long&))
build-nano_33_iot/libcore.a(variant.cpp.o)
                              build-nano_33_iot/libcore.a(WInterrupts.c.o) (g_APinDescription)
build-nano_33_iot/libcore.a(wiring.c.o)
                              build-nano_33_iot/libcore.a(main.cpp.o) (init)
build-nano_33_iot/libcore.a(hooks.c.o)
                              build-nano_33_iot/libcore.a(delay.c.o) (yield)
build-nano_33_iot/libcore.a(wiring_analog.c.o)
                              build-nano_33_iot/libcore.a(wiring.c.o) (analogReference)
build-nano_33_iot/libcore.a(startup.c.o)
                              build-nano_33_iot/libcore.a(cortex_handlers.c.o) (SystemInit)
build-nano_33_iot/libcore.a(SERCOM.cpp.o)
                              build-nano_33_iot/libcore.a(variant.cpp.o) (SERCOM::SERCOM(Sercom*))
build-nano_33_iot/libcore.a(new.cpp.o)
                              build-nano_33_iot/libcore.a(USBCore.cpp.o) (operator new(unsigned int))
build-nano_33_iot/libcore.a(Uart.cpp.o)
                              build-nano_33_iot/libcore.a(variant.cpp.o) (Uart::Uart(SERCOM*, unsigned char, unsigned char, SercomRXPad, SercomUartTXPad, unsigned char, unsigned char))
build-nano_33_iot/libcore.a(Print.cpp.o)
                              build-nano_33_iot/libcore.a(Uart.cpp.o) (arduino::Print::write(unsigned char const*, unsigned int))
build-nano_33_iot/libcore.a(PluggableUSB.cpp.o)
                              build-nano_33_iot/libcore.a(USBCore.cpp.o) (arduino::PluggableUSB_::getInterface(unsigned char*))
build-nano_33_iot/libcore.a(abi.cpp.o)
                              build-nano_33_iot/libcore.a(Print.cpp.o) (__cxa_pure_virtual)
/home/ical/.arduino15/packages/arduino/tools/arm-none-eabi-gcc/7-2017q4/bin/../lib/gcc/arm-none-eabi/7.2.1/../../../../arm-none-eabi/lib/thumb/v6-m/libstdc++_nano.a(del_ops.o)
                              build-nano_33_iot/libcore.a(USBCore.cpp.o) (operator delete(void*, unsigned int))
/home/ical/.arduino15/packages/arduino/tools/arm-none-eabi-gcc/7-2017q4/bin/../lib/gcc/arm-none-eabi/7.2.1/thumb/v6-m/libgcc.a(_thumb1_case_uqi.o)
                              build-nano_33_iot/libcore.a(WInterrupts.c.o) (__gnu_thumb1_case_uqi)
/home/ical/.arduino15/packages/arduino/tools/arm-none-eabi-gcc/7-2017q4/bin/../lib/gcc/arm-none-eabi/7.2.1/thumb/v6-m/libgcc.a(_udivsi3.o)
                              build-nano_33_iot/encoder.ino.o (__aeabi_uidiv)
/home/ical/.arduino15/packages/arduino/tools/arm-none-eabi-gcc/7-2017q4/bin/../lib/gcc/arm-none-eabi/7.2.1/thumb/v6-m/libgcc.a(_divsi3.o)
                              build-nano_33_iot/libcore.a(USBCore.cpp.o) (__aeabi_idiv)
/home/ical/.arduino15/packages/arduino/tools/arm-none-eabi-gcc/7-2017q4/bin/../lib/gcc/arm-none-eabi/7.2.1/thumb/v6-m/libgcc.a(_dvmd_tls.o)
                              /home/ical/.arduino15/packages/arduino/tools/arm-none-eabi-gcc/7-2017q4/bin/../lib/gcc/arm-none-eabi/7.2.1/thumb/v6-m/libgcc.a(_udivsi3.o) (__aeabi_idiv0)
/home/ical/.arduino15/packages/arduino/tools/arm-none-eabi-gcc/7-2017q4/bin/../lib/gcc/arm-none-eabi/7.2.1/thumb/v6-m/libgcc.a(_arm_cmpdf2.o)
                              build-nano_33_iot/libcore.a(Print.cpp.o) (__aeabi_dcmplt)
/home/ical/.arduino15/packages/arduino/tools/arm-none-eabi-gcc/7-2017q4/bin/../lib/gcc/arm-none-eabi/7.2.1/thumb/v6-m/libgcc.a(_aeabi_uldivmod.o)
                              build-nano_33_iot/libcore.a(Print.cpp.o) (__aeabi_uldivmod)
/home/ical/.arduino15/packages/arduino/tools/arm-none-eabi-gcc/7-2017q4/bin/../lib/gcc/arm-none-eabi/7.2.1/thumb/v6-m/libgcc.a(_fixunsdfsi.o)
[...]
Memory Configuration

Name             Origin             Length             Attributes
FLASH            0x0000000000002000 0x000000000003e000 xr
RAM              0x0000000020000000 0x0000000000008000 xrw
*default*        0x0000000000000000 0xffffffffffffffff

Linker script and memory map

LOAD /home/ical/.arduino15/packages/arduino/tools/arm-none-eabi-gcc/7-2017q4/bin/../lib/gcc/arm-none-eabi/7.2.1/thumb/v6-m/crti.o
LOAD /home/ical/.arduino15/packages/arduino/tools/arm-none-eabi-gcc/7-2017q4/bin/../lib/gcc/arm-none-eabi/7.2.1/thumb/v6-m/crtbegin.o
LOAD /home/ical/.arduino15/packages/arduino/tools/arm-none-eabi-gcc/7-2017q4/bin/../lib/gcc/arm-none-eabi/7.2.1/../../../../arm-none-eabi/lib/thumb/v6-m/crt0.o
LOAD build-nano_33_iot/encoder.ino.o
START GROUP
LOAD /home/ical/.arduino15/packages/arduino/tools/CMSIS/4.5.0/CMSIS/Lib/GCC/libarm_cortexM0l_math.a
LOAD build-nano_33_iot/libcore.a
END GROUP
LOAD /home/ical/.arduino15/packages/arduino/tools/arm-none-eabi-gcc/7-2017q4/bin/../lib/gcc/arm-none-eabi/7.2.1/../../../../arm-none-eabi/lib/thumb/v6-m/libstdc++_nano.a
LOAD /home/ical/.arduino15/packages/arduino/tools/arm-none-eabi-gcc/7-2017q4/bin/../lib/gcc/arm-none-eabi/7.2.1/../../../../arm-none-eabi/lib/thumb/v6-m/libm.a
START GROUP
LOAD /home/ical/.arduino15/packages/arduino/tools/arm-none-eabi-gcc/7-2017q4/bin/../lib/gcc/arm-none-eabi/7.2.1/thumb/v6-m/libgcc.a
LOAD /home/ical/.arduino15/packages/arduino/tools/arm-none-eabi-gcc/7-2017q4/bin/../lib/gcc/arm-none-eabi/7.2.1/../../../../arm-none-eabi/lib/thumb/v6-m/libc_nano.a
END GROUP
START GROUP
LOAD /home/ical/.arduino15/packages/arduino/tools/arm-none-eabi-gcc/7-2017q4/bin/../lib/gcc/arm-none-eabi/7.2.1/thumb/v6-m/libgcc.a
LOAD /home/ical/.arduino15/packages/arduino/tools/arm-none-eabi-gcc/7-2017q4/bin/../lib/gcc/arm-none-eabi/7.2.1/../../../../arm-none-eabi/lib/thumb/v6-m/libc_nano.a
LOAD /home/ical/.arduino15/packages/arduino/tools/arm-none-eabi-gcc/7-2017q4/bin/../lib/gcc/arm-none-eabi/7.2.1/../../../../arm-none-eabi/lib/thumb/v6-m/libnosys.a
END GROUP
START GROUP
LOAD /home/ical/.arduino15/packages/arduino/tools/arm-none-eabi-gcc/7-2017q4/bin/../lib/gcc/arm-none-eabi/7.2.1/thumb/v6-m/libgcc.a
LOAD /home/ical/.arduino15/packages/arduino/tools/arm-none-eabi-gcc/7-2017q4/bin/../lib/gcc/arm-none-eabi/7.2.1/../../../../arm-none-eabi/lib/thumb/v6-m/libc_nano.a
LOAD /home/ical/.arduino15/packages/arduino/tools/arm-none-eabi-gcc/7-2017q4/bin/../lib/gcc/arm-none-eabi/7.2.1/../../../../arm-none-eabi/lib/thumb/v6-m/libnosys.a
END GROUP
LOAD /home/ical/.arduino15/packages/arduino/tools/arm-none-eabi-gcc/7-2017q4/bin/../lib/gcc/arm-none-eabi/7.2.1/thumb/v6-m/crtend.o
LOAD /home/ical/.arduino15/packages/arduino/tools/arm-none-eabi-gcc/7-2017q4/bin/../lib/gcc/arm-none-eabi/7.2.1/thumb/v6-m/crtn.o

.text           0x0000000000002000     0x3e20
                0x0000000000002000                __text_start__ = .
 *(.sketch_boot)
                0x0000000000002000                . = ALIGN (0x2000)
 *(.isr_vector)
 .isr_vector    0x0000000000002000       0xb4 build-nano_33_iot/libcore.a(cortex_handlers.c.o)
                0x0000000000002000                exception_table
 *(.text*)
 .text          0x00000000000020b4       0x48 /home/ical/.arduino15/packages/arduino/tools/arm-none-eabi-gcc/7-2017q4/bin/../lib/gcc/arm-none-eabi/7.2.1/thumb/v6-m/crtbegin.o
 .text._ZNK8std_msgs4Time9serializeEPh
                0x00000000000020fc       0x30 build-nano_33_iot/encoder.ino.o
                0x00000000000020fc                std_msgs::Time::serialize(unsigned char*) const
 .text._ZN8std_msgs4Time11deserializeEPh
                0x000000000000212c       0x3c build-nano_33_iot/encoder.ino.o
                0x000000000000212c                std_msgs::Time::deserialize(unsigned char*)
 .text._ZN8std_msgs4Time7getTypeEv
                0x0000000000002168        0x8 build-nano_33_iot/encoder.ino.o
                0x0000000000002168                std_msgs::Time::getType()
 .text._ZN8std_msgs4Time6getMD5Ev
                0x0000000000002170        0x8 build-nano_33_iot/encoder.ino.o
                0x0000000000002170                std_msgs::Time::getMD5()
 .text._ZN14rosserial_msgs9TopicInfo7getTypeEv
                0x0000000000002178        0x8 build-nano_33_iot/encoder.ino.o
                0x0000000000002178                rosserial_msgs::TopicInfo::getType()
 .text._ZN14rosserial_msgs9TopicInfo6getMD5Ev
                0x0000000000002180        0x8 build-nano_33_iot/encoder.ino.o
                0x0000000000002180                rosserial_msgs::TopicInfo::getMD5()
 .text._ZN14rosserial_msgs3Log7getTypeEv
                0x0000000000002188        0x8 build-nano_33_iot/encoder.ino.o
                0x0000000000002188                rosserial_msgs::Log::getType()
 .text._ZN14rosserial_msgs3Log6getMD5Ev
                0x0000000000002190        0x8 build-nano_33_iot/encoder.ino.o
                0x0000000000002190                rosserial_msgs::Log::getMD5()
 .text._ZN14rosserial_msgs20RequestParamResponse7getTypeEv
                0x0000000000002198        0x8 build-nano_33_iot/encoder.ino.o
                0x0000000000002198                rosserial_msgs::RequestParamResponse::getType()
 .text._ZN14rosserial_msgs20RequestParamResponse6getMD5Ev
                0x00000000000021a0        0x8 build-nano_33_iot/encoder.ino.o
                0x00000000000021a0                rosserial_msgs::RequestParamResponse::getMD5()
 .text._ZNK17wheel_tokyo_weili7encoder9serializeEPh
                0x00000000000021a8       0x3e build-nano_33_iot/encoder.ino.o
                0x00000000000021a8                wheel_tokyo_weili::encoder::serialize(unsigned char*) const
 .text._ZN17wheel_tokyo_weili7encoder11deserializeEPh
                0x00000000000021e6       0x4a build-nano_33_iot/encoder.ino.o
                0x00000000000021e6                wheel_tokyo_weili::encoder::deserialize(unsigned char*)
 .text._ZN17wheel_tokyo_weili7encoder7getTypeEv
                0x0000000000002230        0x8 build-nano_33_iot/encoder.ino.o
                0x0000000000002230                wheel_tokyo_weili::encoder::getType()
 .text._ZN17wheel_tokyo_weili7encoder6getMD5Ev
                0x0000000000002238        0x8 build-nano_33_iot/encoder.ino.o
                0x0000000000002238                wheel_tokyo_weili::encoder::getMD5()
 .text._ZNK17wheel_tokyo_weili13wheel_planner9serializeEPh
                0x0000000000002240       0x28 build-nano_33_iot/encoder.ino.o
                0x0000000000002240                wheel_tokyo_weili::wheel_planner::serialize(unsigned char*) const
 .text._ZN17wheel_tokyo_weili13wheel_planner11deserializeEPh
                0x0000000000002268       0x36 build-nano_33_iot/encoder.ino.o
                0x0000000000002268                wheel_tokyo_weili::wheel_planner::deserialize(unsigned char*)
 *fill*         0x000000000000229e        0x2 
 .text._ZN17wheel_tokyo_weili13wheel_planner7getTypeEv
                0x00000000000022a0        0x8 build-nano_33_iot/encoder.ino.o
                0x00000000000022a0                wheel_tokyo_weili::wheel_planner::getType()
 .text._ZN17wheel_tokyo_weili13wheel_planner6getMD5Ev
                0x00000000000022a8        0x8 build-nano_33_iot/encoder.ino.o
                0x00000000000022a8                wheel_tokyo_weili::wheel_planner::getMD5()
 .text._Z8callbackRKN17wheel_tokyo_weili13wheel_plannerE
                0x00000000000022b0       0x1c build-nano_33_iot/encoder.ino.o
                0x00000000000022b0                callback(wheel_tokyo_weili::wheel_planner const&)
 .text._ZN3ros10SubscriberIN17wheel_tokyo_weili13wheel_plannerEvE8callbackEPh
                0x00000000000022cc       0x16 build-nano_33_iot/encoder.ino.o
                0x00000000000022cc                ros::Subscriber<wheel_tokyo_weili::wheel_planner, void>::callback(unsigned char*)
 .text._ZN3ros10SubscriberIN17wheel_tokyo_weili13wheel_plannerEvE15getEndpointTypeEv
                0x00000000000022e2        0x4 build-nano_33_iot/encoder.ino.o
                0x00000000000022e2                ros::Subscriber<wheel_tokyo_weili::wheel_planner, void>::getEndpointType()
 *fill*         0x00000000000022e6        0x2 
 .text._ZN3ros10SubscriberIN17wheel_tokyo_weili13wheel_plannerEvE10getMsgTypeEv
                0x00000000000022e8        0x8 build-nano_33_iot/encoder.ino.o
                0x00000000000022e8                ros::Subscriber<wheel_tokyo_weili::wheel_planner, void>::getMsgType()
 .text._ZN3ros10SubscriberIN17wheel_tokyo_weili13wheel_plannerEvE9getMsgMD5Ev
                0x00000000000022f0        0x8 build-nano_33_iot/encoder.ino.o
                0x00000000000022f0                ros::Subscriber<wheel_tokyo_weili::wheel_planner, void>::getMsgMD5()
 .text._ZN3ros11NodeHandle_I15ArduinoHardwareLi25ELi25ELi512ELi512EE9connectedEv
                0x00000000000022f8        0x8 build-nano_33_iot/encoder.ino.o
                0x00000000000022f8                ros::NodeHandle_<ArduinoHardware, 25, 25, 512, 512>::connected()
 .text._Z12readEncoder0v
                0x0000000000002300       0x2c build-nano_33_iot/encoder.ino.o
                0x0000000000002300                readEncoder0()
 .text._Z12readEncoder1v
                0x000000000000232c       0x2c build-nano_33_iot/encoder.ino.o
                0x000000000000232c                readEncoder1()
 .text._Z12readEncoder2v
                0x0000000000002358       0x2c build-nano_33_iot/encoder.ino.o
                0x0000000000002358                readEncoder2()
 .text._Z12readEncoder3v
                0x0000000000002384       0x2c build-nano_33_iot/encoder.ino.o
                0x0000000000002384                readEncoder3()
 .text._ZN3ros11NodeHandle_I15ArduinoHardwareLi25ELi25ELi512ELi512EE7publishEiPKNS_3MsgE
                0x00000000000023b0       0xdc build-nano_33_iot/encoder.ino.o
                0x00000000000023b0                ros::NodeHandle_<ArduinoHardware, 25, 25, 512, 512>::publish(int, ros::Msg const*)
 .text.setup    0x000000000000248c      0x110 build-nano_33_iot/encoder.ino.o
                0x000000000000248c                setup
 .text._ZN3ros3Msg8varToArrIPhmEEvT_T0_
                0x000000000000259c       0x10 build-nano_33_iot/encoder.ino.o
                0x000000000000259c                void ros::Msg::varToArr<unsigned char*, unsigned long>(unsigned char*, unsigned long)
 .text._ZNK14rosserial_msgs20RequestParamResponse9serializeEPh
                0x00000000000025ac       0xe4 build-nano_33_iot/encoder.ino.o
                0x00000000000025ac                rosserial_msgs::RequestParamResponse::serialize(unsigned char*) const
 .text._ZNK14rosserial_msgs3Log9serializeEPh
                0x0000000000002690       0x28 build-nano_33_iot/encoder.ino.o
                0x0000000000002690                rosserial_msgs::Log::serialize(unsigned char*) const
 .text._ZNK14rosserial_msgs9TopicInfo9serializeEPh
                0x00000000000026b8       0x7e build-nano_33_iot/encoder.ino.o
                0x00000000000026b8                rosserial_msgs::TopicInfo::serialize(unsigned char*) const
 .text._ZN3ros3Msg8arrToVarImPhEEvRT_T0_
                0x0000000000002736       0x1a build-nano_33_iot/encoder.ino.o
                0x0000000000002736                void ros::Msg::arrToVar<unsigned long, unsigned char*>(unsigned long&, unsigned char*)
 .text._ZN14rosserial_msgs3Log11deserializeEPh
                0x0000000000002750       0x34 build-nano_33_iot/encoder.ino.o
                0x0000000000002750                rosserial_msgs::Log::deserialize(unsigned char*)
 .text._ZN14rosserial_msgs9TopicInfo11deserializeEPh
                0x0000000000002784       0xae build-nano_33_iot/encoder.ino.o
                0x0000000000002784                rosserial_msgs::TopicInfo::deserialize(unsigned char*)
 .text._ZN14rosserial_msgs20RequestParamResponse11deserializeEPh
                0x0000000000002832      0x138 build-nano_33_iot/encoder.ino.o
                0x0000000000002832                rosserial_msgs::RequestParamResponse::deserialize(unsigned char*)
 *fill*         0x000000000000296a        0x2 
 .text._ZN3ros11NodeHandle_I15ArduinoHardwareLi25ELi25ELi512ELi512EE15requestSyncTimeEv
                0x000000000000296c       0x24 build-nano_33_iot/encoder.ino.o
                0x000000000000296c                ros::NodeHandle_<ArduinoHardware, 25, 25, 512, 512>::requestSyncTime()
 .text._ZN3ros11NodeHandle_I15ArduinoHardwareLi25ELi25ELi512ELi512EE15negotiateTopicsEv
                0x0000000000002990       0xc8 build-nano_33_iot/encoder.ino.o
                0x0000000000002990                ros::NodeHandle_<ArduinoHardware, 25, 25, 512, 512>::negotiateTopics()
 .text._ZN3ros11NodeHandle_I15ArduinoHardwareLi25ELi25ELi512ELi512EE8syncTimeEPh
                0x0000000000002a58       0xa0 build-nano_33_iot/encoder.ino.o
                0x0000000000002a58                ros::NodeHandle_<ArduinoHardware, 25, 25, 512, 512>::syncTime(unsigned char*)
 .text._ZN3ros11NodeHandle_I15ArduinoHardwareLi25ELi25ELi512ELi512EE8spinOnceEv
                0x0000000000002af8      0x218 build-nano_33_iot/encoder.ino.o
                0x0000000000002af8                ros::NodeHandle_<ArduinoHardware, 25, 25, 512, 512>::spinOnce()
 .text.loop     0x0000000000002d10       0x64 build-nano_33_iot/encoder.ino.o
                0x0000000000002d10                loop
 .text.startup._GLOBAL__sub_I_nh
                0x0000000000002d74      0x11c build-nano_33_iot/encoder.ino.o
 .text.attachInterrupt
                0x0000000000002e90      0x130 build-nano_33_iot/libcore.a(WInterrupts.c.o)
                0x0000000000002e90                attachInterrupt
 .text.EIC_Handler
                0x0000000000002fc0       0x3c build-nano_33_iot/libcore.a(WInterrupts.c.o)
                0x0000000000002fc0                EIC_Handler
 .text.pinMode  0x0000000000002ffc       0x98 build-nano_33_iot/libcore.a(wiring_digital.c.o)
                0x0000000000002ffc                pinMode
 .text.digitalWrite
                0x0000000000003094       0x58 build-nano_33_iot/libcore.a(wiring_digital.c.o)
                0x0000000000003094                digitalWrite
 .text.digitalRead
                0x00000000000030ec       0x30 build-nano_33_iot/libcore.a(wiring_digital.c.o)
                0x00000000000030ec                digitalRead
 .text.pinPeripheral
                0x000000000000311c       0xc0 build-nano_33_iot/libcore.a(wiring_private.c.o)
                0x000000000000311c                pinPeripheral
 .text.millis   0x00000000000031dc        0xc build-nano_33_iot/libcore.a(delay.c.o)
                0x00000000000031dc                millis
 .text.micros   0x00000000000031e8       0x60 build-nano_33_iot/libcore.a(delay.c.o)
                0x00000000000031e8                micros
 .text.delay    0x0000000000003248       0x30 build-nano_33_iot/libcore.a(delay.c.o)
                0x0000000000003248                delay
 .text.resetExternalChip
                0x0000000000003278        0x2 build-nano_33_iot/libcore.a(delay.c.o)
                0x0000000000003278                resetExternalChip
 *fill*         0x000000000000327a        0x2 
 .text.SysTick_DefaultHandler
                0x000000000000327c       0x14 build-nano_33_iot/libcore.a(delay.c.o)
                0x000000000000327c                SysTick_DefaultHandler
 .text.Dummy_Handler
                0x0000000000003290        0x2 build-nano_33_iot/libcore.a(cortex_handlers.c.o)
                0x0000000000003290                DMAC_Handler
                0x0000000000003290                HardFault_Handler
                0x0000000000003290                AC_Handler
                0x0000000000003290                PendSV_Handler
                0x0000000000003290                NMI_Handler
                0x0000000000003290                TC7_Handler
                0x0000000000003290                SERCOM1_Handler
                0x0000000000003290                ADC_Handler
                0x0000000000003290                TCC1_Handler
                0x0000000000003290                TCC0_Handler
                0x0000000000003290                RTC_Handler
                0x0000000000003290                TC6_Handler
                0x0000000000003290                WDT_Handler
                0x0000000000003290                TC4_Handler
                0x0000000000003290                TC3_Handler
                0x0000000000003290                Dummy_Handler
                0x0000000000003290                PM_Handler
                0x0000000000003290                SVC_Handler
                0x0000000000003290                TCC2_Handler
                0x0000000000003290                EVSYS_Handler
                0x0000000000003290                SERCOM4_Handler
                0x0000000000003290                I2S_Handler
                0x0000000000003290                NVMCTRL_Handler
                0x0000000000003290                SERCOM0_Handler
                0x0000000000003290                DAC_Handler
                0x0000000000003290                PTC_Handler
                0x0000000000003290                SYSCTRL_Handler
 *fill*         0x0000000000003292        0x2 
 .text.USB_Handler
                0x0000000000003294       0x14 build-nano_33_iot/libcore.a(cortex_handlers.c.o)
                0x0000000000003294                USB_Handler
 .text.Reset_Handler
                0x00000000000032a8       0x54 build-nano_33_iot/libcore.a(cortex_handlers.c.o)
                0x00000000000032a8                Reset_Handler
 .text.SysTick_Handler
                0x00000000000032fc       0x10 build-nano_33_iot/libcore.a(cortex_handlers.c.o)
                0x00000000000032fc                SysTick_Handler
 .text.USB_SetHandler
                0x000000000000330c        0xc build-nano_33_iot/libcore.a(cortex_handlers.c.o)
                0x000000000000330c                USB_SetHandler
 .text.initiateReset
                0x0000000000003318       0x14 build-nano_33_iot/libcore.a(Reset.cpp.o)
                0x0000000000003318                initiateReset
 .text.cancelReset
                0x000000000000332c       0x10 build-nano_33_iot/libcore.a(Reset.cpp.o)
                0x000000000000332c                cancelReset
 .text.tickReset
                0x000000000000333c       0x78 build-nano_33_iot/libcore.a(Reset.cpp.o)
                0x000000000000333c                tickReset
 .text.startup.main
                0x00000000000033b4       0x40 build-nano_33_iot/libcore.a(main.cpp.o)
                0x00000000000033b4                main
 .text._ZN26DoubleBufferedEPOutHandlerD2Ev
                0x00000000000033f4        0x2 build-nano_33_iot/libcore.a(USBCore.cpp.o)
                0x00000000000033f4                DoubleBufferedEPOutHandler::~DoubleBufferedEPOutHandler()
                0x00000000000033f4                DoubleBufferedEPOutHandler::~DoubleBufferedEPOutHandler()
 .text._ZN26DoubleBufferedEPOutHandlerD0Ev
                0x00000000000033f6        0xe build-nano_33_iot/libcore.a(USBCore.cpp.o)
                0x00000000000033f6                DoubleBufferedEPOutHandler::~DoubleBufferedEPOutHandler()
 .text._ZN14USBDeviceClass6initEPEmm.part.7
                0x0000000000003404       0xc4 build-nano_33_iot/libcore.a(USBCore.cpp.o)
 .text._ZN7__GuardC2Ev
                0x00000000000034c8        0xe build-nano_33_iot/libcore.a(USBCore.cpp.o)
                0x00000000000034c8                __Guard::__Guard()
                0x00000000000034c8                __Guard::__Guard()
 .text._ZN7__GuardD2Ev
                0x00000000000034d6        0xe build-nano_33_iot/libcore.a(USBCore.cpp.o)
                0x00000000000034d6                __Guard::~__Guard()
                0x00000000000034d6                __Guard::~__Guard()
 .text._ZNK26DoubleBufferedEPOutHandler10_availableEv
                0x00000000000034e4       0x70 build-nano_33_iot/libcore.a(USBCore.cpp.o)
                0x00000000000034e4                DoubleBufferedEPOutHandler::_available() const
 .text._ZN26DoubleBufferedEPOutHandler7releaseEv
                0x0000000000003554       0x38 build-nano_33_iot/libcore.a(USBCore.cpp.o)
                0x0000000000003554                DoubleBufferedEPOutHandler::release()
 .text._ZN26DoubleBufferedEPOutHandler14handleEndpointEv
                0x000000000000358c       0xe2 build-nano_33_iot/libcore.a(USBCore.cpp.o)
                0x000000000000358c                DoubleBufferedEPOutHandler::handleEndpoint()
 .text._ZN14USBDeviceClass14SendInterfacesEPm
                0x000000000000366e       0x20 build-nano_33_iot/libcore.a(USBCore.cpp.o)
                0x000000000000366e                USBDeviceClass::SendInterfaces(unsigned long*)
 *fill*         0x000000000000368e        0x2 
 .text._ZN14USBDeviceClass6attachEv
                0x0000000000003690       0x34 build-nano_33_iot/libcore.a(USBCore.cpp.o)
                0x0000000000003690                USBDeviceClass::attach()
 .text._ZN14USBDeviceClass10setAddressEm
                0x00000000000036c4       0x48 build-nano_33_iot/libcore.a(USBCore.cpp.o)
                0x00000000000036c4                USBDeviceClass::setAddress(unsigned long)
 .text._ZN14USBDeviceClass25handleClassInterfaceSetupERN7arduino8USBSetupE
                0x000000000000370c       0x24 build-nano_33_iot/libcore.a(USBCore.cpp.o)
                0x000000000000370c                USBDeviceClass::handleClassInterfaceSetup(arduino::USBSetup&)
 .text._ZN14USBDeviceClass6initEPEmm
                0x0000000000003730      0x10c build-nano_33_iot/libcore.a(USBCore.cpp.o)
                0x0000000000003730                USBDeviceClass::initEP(unsigned long, unsigned long)
 .text._ZN14USBDeviceClass13initEndpointsEv
                0x000000000000383c       0x24 build-nano_33_iot/libcore.a(USBCore.cpp.o)
                0x000000000000383c                USBDeviceClass::initEndpoints()
 .text._ZN14USBDeviceClass5clearEm
                0x0000000000003860       0x38 build-nano_33_iot/libcore.a(USBCore.cpp.o)
                0x0000000000003860                USBDeviceClass::clear(unsigned long)
 .text._ZN14USBDeviceClass9availableEm
                0x0000000000003898       0x2c build-nano_33_iot/libcore.a(USBCore.cpp.o)
                0x0000000000003898                USBDeviceClass::available(unsigned long)
 .text._ZN14USBDeviceClass5flushEm
                0x00000000000038c4       0x2c build-nano_33_iot/libcore.a(USBCore.cpp.o)
                0x00000000000038c4                USBDeviceClass::flush(unsigned long)
 .text._ZN14USBDeviceClass4recvEmPvm
                0x00000000000038f0       0xc0 build-nano_33_iot/libcore.a(USBCore.cpp.o)
                0x00000000000038f0                USBDeviceClass::recv(unsigned long, void*, unsigned long)
 .text._ZN14USBDeviceClass4recvEm
                0x00000000000039b0       0x1c build-nano_33_iot/libcore.a(USBCore.cpp.o)
                0x00000000000039b0                USBDeviceClass::recv(unsigned long)
 .text._ZN14USBDeviceClass14armRecvCtrlOUTEm
                0x00000000000039cc       0x5c build-nano_33_iot/libcore.a(USBCore.cpp.o)
                0x00000000000039cc                USBDeviceClass::armRecvCtrlOUT(unsigned long)
 .text._ZN14USBDeviceClass11recvControlEPvm
                0x0000000000003a28       0x28 build-nano_33_iot/libcore.a(USBCore.cpp.o)
                0x0000000000003a28                USBDeviceClass::recvControl(void*, unsigned long)
 .text._ZN14USBDeviceClass4sendEmPKvm
                0x0000000000003a50      0x10c build-nano_33_iot/libcore.a(USBCore.cpp.o)
                0x0000000000003a50                USBDeviceClass::send(unsigned long, void const*, unsigned long)
 .text._ZN14USBDeviceClass7armSendEmPKvm
                0x0000000000003b5c       0x48 build-nano_33_iot/libcore.a(USBCore.cpp.o)
                0x0000000000003b5c                USBDeviceClass::armSend(unsigned long, void const*, unsigned long)
 .text._ZN14USBDeviceClass11sendControlEPKvm
                0x0000000000003ba4       0x54 build-nano_33_iot/libcore.a(USBCore.cpp.o)
                0x0000000000003ba4                USBDeviceClass::sendControl(void const*, unsigned long)
 .text._ZN14USBDeviceClass20sendStringDescriptorEPKhm
                0x0000000000003bf8       0x64 build-nano_33_iot/libcore.a(USBCore.cpp.o)
                0x0000000000003bf8                USBDeviceClass::sendStringDescriptor(unsigned char const*, unsigned long)
 .text._ZN14USBDeviceClass17sendConfigurationEm
                0x0000000000003c5c       0x80 build-nano_33_iot/libcore.a(USBCore.cpp.o)
                0x0000000000003c5c                USBDeviceClass::sendConfiguration(unsigned long)
 .text._ZN14USBDeviceClass14sendDescriptorERN7arduino8USBSetupE
                0x0000000000003cdc       0xd8 build-nano_33_iot/libcore.a(USBCore.cpp.o)
                0x0000000000003cdc                USBDeviceClass::sendDescriptor(arduino::USBSetup&)
 .text._ZN14USBDeviceClass7sendZlpEm
                0x0000000000003db4       0x18 build-nano_33_iot/libcore.a(USBCore.cpp.o)
                0x0000000000003db4                USBDeviceClass::sendZlp(unsigned long)
 .text._ZN14USBDeviceClass19handleStandardSetupERN7arduino8USBSetupE
                0x0000000000003dcc       0xf0 build-nano_33_iot/libcore.a(USBCore.cpp.o)
                0x0000000000003dcc                USBDeviceClass::handleStandardSetup(arduino::USBSetup&)
 .text._ZN14USBDeviceClass10ISRHandlerEv
                0x0000000000003ebc      0x108 build-nano_33_iot/libcore.a(USBCore.cpp.o)
                0x0000000000003ebc                USBDeviceClass::ISRHandler()
 .text.UDD_Handler
                0x0000000000003fc4       0x10 build-nano_33_iot/libcore.a(USBCore.cpp.o)
                0x0000000000003fc4                UDD_Handler
 .text._ZN7arduino13PluggableUSB_C2Ev
                0x0000000000003fd4       0x10 build-nano_33_iot/libcore.a(USBCore.cpp.o)
                0x0000000000003fd4                arduino::PluggableUSB_::PluggableUSB_()
                0x0000000000003fd4                arduino::PluggableUSB_::PluggableUSB_()
 .text._Z8epBufferj
                0x0000000000003fe4        0xc build-nano_33_iot/libcore.a(USBCore.cpp.o)
                0x0000000000003fe4                epBuffer(unsigned int)
 .text._ZN7arduino11RingBufferNILi64EE10store_charEh
                0x0000000000003ff0       0x1c build-nano_33_iot/libcore.a(USBCore.cpp.o)
                0x0000000000003ff0                arduino::RingBufferN<64>::store_char(unsigned char)
 .text._ZN26DoubleBufferedEPOutHandler5_recvEv
                0x000000000000400c      0x15e build-nano_33_iot/libcore.a(USBCore.cpp.o)
                0x000000000000400c                DoubleBufferedEPOutHandler::_recv()
 .text._ZN26DoubleBufferedEPOutHandler9availableEv
                0x000000000000416a        0xc build-nano_33_iot/libcore.a(USBCore.cpp.o)
                0x000000000000416a                DoubleBufferedEPOutHandler::available()
 .text._ZN26DoubleBufferedEPOutHandler4peekEv
                0x0000000000004176       0x1c build-nano_33_iot/libcore.a(USBCore.cpp.o)
                0x0000000000004176                DoubleBufferedEPOutHandler::peek()
 .text._ZN26DoubleBufferedEPOutHandler4recvEPvm
                0x0000000000004192       0x60 build-nano_33_iot/libcore.a(USBCore.cpp.o)
                0x0000000000004192                DoubleBufferedEPOutHandler::recv(void*, unsigned long)
 *fill*         0x00000000000041f2        0x2 
 .text.startup._GLOBAL__sub_I_usbd
                0x00000000000041f4       0x10 build-nano_33_iot/libcore.a(USBCore.cpp.o)
 .text._ZN14USBDeviceClass4initEv
                0x0000000000004204      0x15c build-nano_33_iot/libcore.a(USBCore.cpp.o)
                0x0000000000004204                USBDeviceClass::init()
 .text._ZN7Serial_13getDescriptorERN7arduino8USBSetupE
                0x0000000000004360        0x4 build-nano_33_iot/libcore.a(CDC.cpp.o)
                0x0000000000004360                Serial_::getDescriptor(arduino::USBSetup&)
 .text._ZL5utox8mPc
                0x0000000000004364       0x24 build-nano_33_iot/libcore.a(CDC.cpp.o)
 .text._ZN7Serial_12getShortNameEPc
                0x0000000000004388       0x44 build-nano_33_iot/libcore.a(CDC.cpp.o)
                0x0000000000004388                Serial_::getShortName(char*)
 .text._ZThn16_N7Serial_12getShortNameEPc
                0x00000000000043cc       0x10 build-nano_33_iot/libcore.a(CDC.cpp.o)
                0x00000000000043cc                non-virtual thunk to Serial_::getShortName(char*)
 .text._ZN7Serial_5beginEm
                0x00000000000043dc        0x2 build-nano_33_iot/libcore.a(CDC.cpp.o)
                0x00000000000043dc                Serial_::begin(unsigned long)
 .text._ZN7Serial_5beginEmt
                0x00000000000043de        0x2 build-nano_33_iot/libcore.a(CDC.cpp.o)
                0x00000000000043de                Serial_::begin(unsigned long, unsigned short)
 .text._ZN7Serial_17availableForWriteEv
                0x00000000000043e0        0x4 build-nano_33_iot/libcore.a(CDC.cpp.o)
                0x00000000000043e0                Serial_::availableForWrite()
 .text._ZN7Serial_5writeEh
                0x00000000000043e4       0x14 build-nano_33_iot/libcore.a(CDC.cpp.o)
                0x00000000000043e4                Serial_::write(unsigned char)
 .text._ZN7Serial_12getInterfaceEPh
                0x00000000000043f8      0x11c build-nano_33_iot/libcore.a(CDC.cpp.o)
                0x00000000000043f8                Serial_::getInterface(unsigned char*)
 .text._ZThn16_N7Serial_12getInterfaceEPh
                0x0000000000004514       0x10 build-nano_33_iot/libcore.a(CDC.cpp.o)
                0x0000000000004514                non-virtual thunk to Serial_::getInterface(unsigned char*)
 .text._ZN7Serial_5setupERN7arduino8USBSetupE
                0x0000000000004524       0x98 build-nano_33_iot/libcore.a(CDC.cpp.o)
                0x0000000000004524                Serial_::setup(arduino::USBSetup&)
 .text._ZThn16_N7Serial_5setupERN7arduino8USBSetupE
                0x00000000000045bc       0x10 build-nano_33_iot/libcore.a(CDC.cpp.o)
                0x00000000000045bc                non-virtual thunk to Serial_::setup(arduino::USBSetup&)
 .text._ZN7Serial_3endEv
                0x00000000000045cc       0x14 build-nano_33_iot/libcore.a(CDC.cpp.o)
                0x00000000000045cc                Serial_::end()
 .text._ZN7Serial_9availableEv
                0x00000000000045e0       0x20 build-nano_33_iot/libcore.a(CDC.cpp.o)
                0x00000000000045e0                Serial_::available()
 .text._ZN7Serial_5flushEv
                0x0000000000004600        0xe build-nano_33_iot/libcore.a(CDC.cpp.o)
                0x0000000000004600                Serial_::flush()
 .text._ZN7Serial_5clearEv
                0x000000000000460e        0xe build-nano_33_iot/libcore.a(CDC.cpp.o)
                0x000000000000460e                Serial_::clear()
 .text._ZN7Serial_5writeEPKhj
                0x000000000000461c       0x1e build-nano_33_iot/libcore.a(CDC.cpp.o)
                0x000000000000461c                Serial_::write(unsigned char const*, unsigned int)
 *fill*         0x000000000000463a        0x2 
 .text._ZN7Serial_4peekEv
                0x000000000000463c       0x1c build-nano_33_iot/libcore.a(CDC.cpp.o)
                0x000000000000463c                Serial_::peek()
 .text._ZN7Serial_4readEv
                0x0000000000004658       0x24 build-nano_33_iot/libcore.a(CDC.cpp.o)
                0x0000000000004658                Serial_::read()
 .text._ZN7Serial_cvbEv
                0x000000000000467c       0x28 build-nano_33_iot/libcore.a(CDC.cpp.o)
                0x000000000000467c                Serial_::operator bool()
 .text._ZThn16_N7Serial_13getDescriptorERN7arduino8USBSetupE
                0x00000000000046a4        0x4 build-nano_33_iot/libcore.a(CDC.cpp.o)
                0x00000000000046a4                non-virtual thunk to Serial_::getDescriptor(arduino::USBSetup&)
 .text._ZN7Serial_14handleEndpointEi
                0x00000000000046a8        0x2 build-nano_33_iot/libcore.a(CDC.cpp.o)
                0x00000000000046a8                Serial_::handleEndpoint(int)
 *fill*         0x00000000000046aa        0x2 
 .text._ZN7Serial_C2ER14USBDeviceClass
                0x00000000000046ac       0x50 build-nano_33_iot/libcore.a(CDC.cpp.o)
                0x00000000000046ac                Serial_::Serial_(USBDeviceClass&)
                0x00000000000046ac                Serial_::Serial_(USBDeviceClass&)
 .text._ZN7Serial_15enableInterruptEv
                0x00000000000046fc       0x30 build-nano_33_iot/libcore.a(CDC.cpp.o)
                0x00000000000046fc                Serial_::enableInterrupt()
 .text.startup._GLOBAL__sub_I__ZN7Serial_12getInterfaceEPh
                0x000000000000472c       0x14 build-nano_33_iot/libcore.a(CDC.cpp.o)
 .text._ZN3ros16normalizeSecNSecERmS0_
                0x0000000000004740       0x28 build-nano_33_iot/libcore.a(time.cpp.o)
                0x0000000000004740                ros::normalizeSecNSec(unsigned long&, unsigned long&)
 .text.initVariant
                0x0000000000004768       0x24 build-nano_33_iot/libcore.a(variant.cpp.o)
                0x0000000000004768                initVariant
 .text.SERCOM5_Handler
                0x000000000000478c       0x10 build-nano_33_iot/libcore.a(variant.cpp.o)
                0x000000000000478c                SERCOM5_Handler
 .text.SERCOM3_Handler
                0x000000000000479c       0x10 build-nano_33_iot/libcore.a(variant.cpp.o)
                0x000000000000479c                SERCOM3_Handler
 .text.SERCOM2_Handler
                0x00000000000047ac       0x10 build-nano_33_iot/libcore.a(variant.cpp.o)
                0x00000000000047ac                SERCOM2_Handler
 .text.startup._GLOBAL__sub_I_g_APinDescription
                0x00000000000047bc       0xbc build-nano_33_iot/libcore.a(variant.cpp.o)
 .text.init     0x0000000000004878       0xf0 build-nano_33_iot/libcore.a(wiring.c.o)
                0x0000000000004878                init
 .text.__empty  0x0000000000004968        0x2 build-nano_33_iot/libcore.a(hooks.c.o)
                0x0000000000004968                yield
 .text.__false  0x000000000000496a        0x4 build-nano_33_iot/libcore.a(hooks.c.o)
                0x000000000000496a                sysTickHook
 *fill*         0x000000000000496e        0x2 
 .text.analogReference
                0x0000000000004970       0x64 build-nano_33_iot/libcore.a(wiring_analog.c.o)
                0x0000000000004970                analogReference
 .text.SystemInit
                0x00000000000049d4      0x194 build-nano_33_iot/libcore.a(startup.c.o)
                0x00000000000049d4                SystemInit
 .text._ZN6SERCOMC2EP6Sercom
                0x0000000000004b68        0x8 build-nano_33_iot/libcore.a(SERCOM.cpp.o)
                0x0000000000004b68                SERCOM::SERCOM(Sercom*)
                0x0000000000004b68                SERCOM::SERCOM(Sercom*)
 .text._ZN6SERCOM9initFrameE18SercomUartCharSize15SercomDataOrder16SercomParityMode19SercomNumberStopBit
                0x0000000000004b70       0x3a build-nano_33_iot/libcore.a(SERCOM.cpp.o)
                0x0000000000004b70                SERCOM::initFrame(SercomUartCharSize, SercomDataOrder, SercomParityMode, SercomNumberStopBit)
 .text._ZN6SERCOM8initPadsE15SercomUartTXPad11SercomRXPad
                0x0000000000004baa       0x26 build-nano_33_iot/libcore.a(SERCOM.cpp.o)
                0x0000000000004baa                SERCOM::initPads(SercomUartTXPad, SercomRXPad)
 .text._ZN6SERCOM9resetUARTEv
                0x0000000000004bd0       0x1a build-nano_33_iot/libcore.a(SERCOM.cpp.o)
                0x0000000000004bd0                SERCOM::resetUART()
 .text._ZN6SERCOM10enableUARTEv
                0x0000000000004bea       0x14 build-nano_33_iot/libcore.a(SERCOM.cpp.o)
                0x0000000000004bea                SERCOM::enableUART()
 .text._ZN6SERCOM9flushUARTEv
                0x0000000000004bfe       0x14 build-nano_33_iot/libcore.a(SERCOM.cpp.o)
                0x0000000000004bfe                SERCOM::flushUART()
 .text._ZN6SERCOM15clearStatusUARTEv
                0x0000000000004c12        0x8 build-nano_33_iot/libcore.a(SERCOM.cpp.o)
                0x0000000000004c12                SERCOM::clearStatusUART()
 .text._ZN6SERCOM17availableDataUARTEv
                0x0000000000004c1a        0xa build-nano_33_iot/libcore.a(SERCOM.cpp.o)
                0x0000000000004c1a                SERCOM::availableDataUART()
 .text._ZN6SERCOM11isUARTErrorEv
                0x0000000000004c24        0x8 build-nano_33_iot/libcore.a(SERCOM.cpp.o)
                0x0000000000004c24                SERCOM::isUARTError()
 .text._ZN6SERCOM20acknowledgeUARTErrorEv
                0x0000000000004c2c        0xe build-nano_33_iot/libcore.a(SERCOM.cpp.o)
                0x0000000000004c2c                SERCOM::acknowledgeUARTError()
 .text._ZN6SERCOM16isFrameErrorUARTEv
                0x0000000000004c3a        0xa build-nano_33_iot/libcore.a(SERCOM.cpp.o)
                0x0000000000004c3a                SERCOM::isFrameErrorUART()
 .text._ZN6SERCOM19clearFrameErrorUARTEv
                0x0000000000004c44        0xc build-nano_33_iot/libcore.a(SERCOM.cpp.o)
                0x0000000000004c44                SERCOM::clearFrameErrorUART()
 .text._ZN6SERCOM23isDataRegisterEmptyUARTEv
                0x0000000000004c50        0xa build-nano_33_iot/libcore.a(SERCOM.cpp.o)
                0x0000000000004c50                SERCOM::isDataRegisterEmptyUART()
 .text._ZN6SERCOM12readDataUARTEv
                0x0000000000004c5a        0x8 build-nano_33_iot/libcore.a(SERCOM.cpp.o)
                0x0000000000004c5a                SERCOM::readDataUART()
 .text._ZN6SERCOM13writeDataUARTEh
                0x0000000000004c62       0x14 build-nano_33_iot/libcore.a(SERCOM.cpp.o)
                0x0000000000004c62                SERCOM::writeDataUART(unsigned char)
 .text._ZN6SERCOM36enableDataRegisterEmptyInterruptUARTEv
                0x0000000000004c76        0x8 build-nano_33_iot/libcore.a(SERCOM.cpp.o)
                0x0000000000004c76                SERCOM::enableDataRegisterEmptyInterruptUART()
 .text._ZN6SERCOM37disableDataRegisterEmptyInterruptUARTEv
                0x0000000000004c7e        0x8 build-nano_33_iot/libcore.a(SERCOM.cpp.o)
                0x0000000000004c7e                SERCOM::disableDataRegisterEmptyInterruptUART()
 *fill*         0x0000000000004c86        0x2 
 .text._ZN6SERCOM13initClockNVICEv
                0x0000000000004c88       0xa8 build-nano_33_iot/libcore.a(SERCOM.cpp.o)
                0x0000000000004c88                SERCOM::initClockNVIC()
 .text._ZN6SERCOM8initUARTE14SercomUartMode20SercomUartSampleRatem
                0x0000000000004d30       0x6c build-nano_33_iot/libcore.a(SERCOM.cpp.o)
                0x0000000000004d30                SERCOM::initUART(SercomUartMode, SercomUartSampleRate, unsigned long)
 .text._Znwj    0x0000000000004d9c        0x8 build-nano_33_iot/libcore.a(new.cpp.o)
                0x0000000000004d9c                operator new(unsigned int)
 .text._ZdlPv   0x0000000000004da4        0x8 build-nano_33_iot/libcore.a(new.cpp.o)
                0x0000000000004da4                operator delete(void*)
 .text._ZN4UartcvbEv
                0x0000000000004dac        0x4 build-nano_33_iot/libcore.a(Uart.cpp.o)
                0x0000000000004dac                Uart::operator bool()
 .text._ZN4Uart5beginEm
                0x0000000000004db0       0x10 build-nano_33_iot/libcore.a(Uart.cpp.o)
                0x0000000000004db0                Uart::begin(unsigned long)
 .text._ZN4Uart9availableEv
                0x0000000000004dc0        0x6 build-nano_33_iot/libcore.a(Uart.cpp.o)
                0x0000000000004dc0                Uart::available()
 .text._ZN4Uart17availableForWriteEv
                0x0000000000004dc6       0x10 build-nano_33_iot/libcore.a(Uart.cpp.o)
                0x0000000000004dc6                Uart::availableForWrite()
 .text._ZN4Uart4peekEv
                0x0000000000004dd6       0x18 build-nano_33_iot/libcore.a(Uart.cpp.o)
                0x0000000000004dd6                Uart::peek()
 .text._ZN4Uart3endEv
                0x0000000000004dee       0x24 build-nano_33_iot/libcore.a(Uart.cpp.o)
                0x0000000000004dee                Uart::end()
 .text._ZN4Uart5flushEv
                0x0000000000004e12       0x16 build-nano_33_iot/libcore.a(Uart.cpp.o)
                0x0000000000004e12                Uart::flush()
 .text._ZN4Uart16extractNbStopBitEt
                0x0000000000004e28        0xc build-nano_33_iot/libcore.a(Uart.cpp.o)
                0x0000000000004e28                Uart::extractNbStopBit(unsigned short)
 .text._ZN4Uart15extractCharSizeEt
                0x0000000000004e34       0x28 build-nano_33_iot/libcore.a(Uart.cpp.o)
                0x0000000000004e34                Uart::extractCharSize(unsigned short)
 .text._ZN4Uart13extractParityEt
                0x0000000000004e5c       0x14 build-nano_33_iot/libcore.a(Uart.cpp.o)
                0x0000000000004e5c                Uart::extractParity(unsigned short)
 .text._ZN4Uart5beginEmt
                0x0000000000004e70       0xf8 build-nano_33_iot/libcore.a(Uart.cpp.o)
                0x0000000000004e70                Uart::begin(unsigned long, unsigned short)
 .text._ZN7arduino11RingBufferNILi256EEC2Ev
                0x0000000000004f68       0x1e build-nano_33_iot/libcore.a(Uart.cpp.o)
                0x0000000000004f68                arduino::RingBufferN<256>::RingBufferN()
                0x0000000000004f68                arduino::RingBufferN<256>::RingBufferN()
 *fill*         0x0000000000004f86        0x2 
 .text._ZN4UartC2EP6SERCOMhh11SercomRXPad15SercomUartTXPadhh
                0x0000000000004f88       0x88 build-nano_33_iot/libcore.a(Uart.cpp.o)
                0x0000000000004f88                Uart::Uart(SERCOM*, unsigned char, unsigned char, SercomRXPad, SercomUartTXPad, unsigned char, unsigned char)
                0x0000000000004f88                Uart::Uart(SERCOM*, unsigned char, unsigned char, SercomRXPad, SercomUartTXPad, unsigned char, unsigned char)
 .text._ZN4UartC2EP6SERCOMhh11SercomRXPad15SercomUartTXPad
                0x0000000000005010       0x74 build-nano_33_iot/libcore.a(Uart.cpp.o)
                0x0000000000005010                Uart::Uart(SERCOM*, unsigned char, unsigned char, SercomRXPad, SercomUartTXPad)
                0x0000000000005010                Uart::Uart(SERCOM*, unsigned char, unsigned char, SercomRXPad, SercomUartTXPad)
 .text._ZN7arduino15SafeRingBufferNILi256EE10store_charEh
                0x0000000000005084       0x4a build-nano_33_iot/libcore.a(Uart.cpp.o)
                0x0000000000005084                arduino::SafeRingBufferN<256>::store_char(unsigned char)
 .text._ZN7arduino15SafeRingBufferNILi256EE9read_charEv
                0x00000000000050ce       0x50 build-nano_33_iot/libcore.a(Uart.cpp.o)
                0x00000000000050ce                arduino::SafeRingBufferN<256>::read_char()
 .text._ZN4Uart10IrqHandlerEv
                0x000000000000511e       0xa4 build-nano_33_iot/libcore.a(Uart.cpp.o)
                0x000000000000511e                Uart::IrqHandler()
 *fill*         0x00000000000051c2        0x2 
 .text._ZN4Uart5writeEh
                0x00000000000051c4       0x9c build-nano_33_iot/libcore.a(Uart.cpp.o)
                0x00000000000051c4                Uart::write(unsigned char)
 .text._ZN4Uart4readEv
                0x0000000000005260       0x34 build-nano_33_iot/libcore.a(Uart.cpp.o)
                0x0000000000005260                Uart::read()
 .text._ZN7arduino5Print5writeEPKhj
                0x0000000000005294       0x28 build-nano_33_iot/libcore.a(Print.cpp.o)
                0x0000000000005294                arduino::Print::write(unsigned char const*, unsigned int)
 .text._ZN7arduino13PluggableUSB_12getInterfaceEPh
                0x00000000000052bc       0x28 build-nano_33_iot/libcore.a(PluggableUSB.cpp.o)
                0x00000000000052bc                arduino::PluggableUSB_::getInterface(unsigned char*)
 .text._ZN7arduino13PluggableUSB_13getDescriptorERNS_8USBSetupE
                0x00000000000052e4       0x20 build-nano_33_iot/libcore.a(PluggableUSB.cpp.o)
                0x00000000000052e4                arduino::PluggableUSB_::getDescriptor(arduino::USBSetup&)
 .text._ZN7arduino13PluggableUSB_12getShortNameEPc
                0x0000000000005304       0x1e build-nano_33_iot/libcore.a(PluggableUSB.cpp.o)
                0x0000000000005304                arduino::PluggableUSB_::getShortName(char*)
 .text._ZN7arduino13PluggableUSB_5setupERNS_8USBSetupE
                0x0000000000005322       0x20 build-nano_33_iot/libcore.a(PluggableUSB.cpp.o)
                0x0000000000005322                arduino::PluggableUSB_::setup(arduino::USBSetup&)
 .text._ZN7arduino13PluggableUSB_4plugEPNS_18PluggableUSBModuleE
                0x0000000000005342       0x5c build-nano_33_iot/libcore.a(PluggableUSB.cpp.o)
                0x0000000000005342                arduino::PluggableUSB_::plug(arduino::PluggableUSBModule*)
 *fill*         0x000000000000539e        0x2 
 .text._Z12PluggableUSBv
                0x00000000000053a0       0x24 build-nano_33_iot/libcore.a(PluggableUSB.cpp.o)
                0x00000000000053a0                PluggableUSB()
 .text._ZdlPvj  0x00000000000053c4        0x8 /home/ical/.arduino15/packages/arduino/tools/arm-none-eabi-gcc/7-2017q4/bin/../lib/gcc/arm-none-eabi/7.2.1/../../../../arm-none-eabi/lib/thumb/v6-m/libstdc++_nano.a(del_ops.o)
                0x00000000000053c4                operator delete(void*, unsigned int)
 .text          0x00000000000053cc       0x14 /home/ical/.arduino15/packages/arduino/tools/arm-none-eabi-gcc/7-2017q4/bin/../lib/gcc/arm-none-eabi/7.2.1/thumb/v6-m/libgcc.a(_thumb1_case_uqi.o)
                0x00000000000053cc                __gnu_thumb1_case_uqi
 .text          0x00000000000053e0      0x114 /home/ical/.arduino15/packages/arduino/tools/arm-none-eabi-gcc/7-2017q4/bin/../lib/gcc/arm-none-eabi/7.2.1/thumb/v6-m/libgcc.a(_udivsi3.o)
                0x00000000000053e0                __udivsi3
                0x00000000000053e0                __aeabi_uidiv
                0x00000000000054ec                __aeabi_uidivmod
 .text          0x00000000000054f4        0x4 /home/ical/.arduino15/packages/arduino/tools/arm-none-eabi-gcc/7-2017q4/bin/../lib/gcc/arm-none-eabi/7.2.1/thumb/v6-m/libgcc.a(_dvmd_tls.o)
                0x00000000000054f4                __aeabi_ldiv0
                0x00000000000054f4                __aeabi_idiv0
 .text.__libc_init_array
                0x00000000000054f8       0x48 /home/ical/.arduino15/packages/arduino/tools/arm-none-eabi-gcc/7-2017q4/bin/../lib/gcc/arm-none-eabi/7.2.1/../../../../arm-none-eabi/lib/thumb/v6-m/libc_nano.a(lib_a-init.o)
                0x00000000000054f8                __libc_init_array
 .text.malloc   0x0000000000005540       0x14 /home/ical/.arduino15/packages/arduino/tools/arm-none-eabi-gcc/7-2017q4/bin/../lib/gcc/arm-none-eabi/7.2.1/../../../../arm-none-eabi/lib/thumb/v6-m/libc_nano.a(lib_a-malloc.o)
                0x0000000000005540                malloc
 .text.free     0x0000000000005554       0x14 /home/ical/.arduino15/packages/arduino/tools/arm-none-eabi-gcc/7-2017q4/bin/../lib/gcc/arm-none-eabi/7.2.1/../../../../arm-none-eabi/lib/thumb/v6-m/libc_nano.a(lib_a-malloc.o)
                0x0000000000005554                free
 .text.memcpy   0x0000000000005568       0x12 /home/ical/.arduino15/packages/arduino/tools/arm-none-eabi-gcc/7-2017q4/bin/../lib/gcc/arm-none-eabi/7.2.1/../../../../arm-none-eabi/lib/thumb/v6-m/libc_nano.a(lib_a-memcpy-stub.o)
                0x0000000000005568                memcpy
 .text.memset   0x000000000000557a       0x10 /home/ical/.arduino15/packages/arduino/tools/arm-none-eabi-gcc/7-2017q4/bin/../lib/gcc/arm-none-eabi/7.2.1/../../../../arm-none-eabi/lib/thumb/v6-m/libc_nano.a(lib_a-memset.o)
                0x000000000000557a                memset
 *fill*         0x000000000000558a        0x2 
 .text._free_r  0x000000000000558c       0x94 /home/ical/.arduino15/packages/arduino/tools/arm-none-eabi-gcc/7-2017q4/bin/../lib/gcc/arm-none-eabi/7.2.1/../../../../arm-none-eabi/lib/thumb/v6-m/libc_nano.a(lib_a-nano-freer.o)
                0x000000000000558c                _free_r
 .text._malloc_r
                0x0000000000005620       0xbc /home/ical/.arduino15/packages/arduino/tools/arm-none-eabi-gcc/7-2017q4/bin/../lib/gcc/arm-none-eabi/7.2.1/../../../../arm-none-eabi/lib/thumb/v6-m/libc_nano.a(lib_a-nano-mallocr.o)
                0x0000000000005620                _malloc_r
 .text.realloc  0x00000000000056dc       0x14 /home/ical/.arduino15/packages/arduino/tools/arm-none-eabi-gcc/7-2017q4/bin/../lib/gcc/arm-none-eabi/7.2.1/../../../../arm-none-eabi/lib/thumb/v6-m/libc_nano.a(lib_a-realloc.o)
                0x00000000000056dc                realloc
 .text._sbrk_r  0x00000000000056f0       0x24 /home/ical/.arduino15/packages/arduino/tools/arm-none-eabi-gcc/7-2017q4/bin/../lib/gcc/arm-none-eabi/7.2.1/../../../../arm-none-eabi/lib/thumb/v6-m/libc_nano.a(lib_a-sbrkr.o)
                0x00000000000056f0                _sbrk_r
 .text          0x0000000000005714        0xe /home/ical/.arduino15/packages/arduino/tools/arm-none-eabi-gcc/7-2017q4/bin/../lib/gcc/arm-none-eabi/7.2.1/../../../../arm-none-eabi/lib/thumb/v6-m/libc_nano.a(lib_a-strlen.o)
                0x0000000000005714                strlen
 .text.__malloc_lock
                0x0000000000005722        0x2 /home/ical/.arduino15/packages/arduino/tools/arm-none-eabi-gcc/7-2017q4/bin/../lib/gcc/arm-none-eabi/7.2.1/../../../../arm-none-eabi/lib/thumb/v6-m/libc_nano.a(lib_a-mlock.o)
                0x0000000000005722                __malloc_lock
 .text.__malloc_unlock
                0x0000000000005724        0x2 /home/ical/.arduino15/packages/arduino/tools/arm-none-eabi-gcc/7-2017q4/bin/../lib/gcc/arm-none-eabi/7.2.1/../../../../arm-none-eabi/lib/thumb/v6-m/libc_nano.a(lib_a-mlock.o)
                0x0000000000005724                __malloc_unlock
 .text._realloc_r
                0x0000000000005726       0x4c /home/ical/.arduino15/packages/arduino/tools/arm-none-eabi-gcc/7-2017q4/bin/../lib/gcc/arm-none-eabi/7.2.1/../../../../arm-none-eabi/lib/thumb/v6-m/libc_nano.a(lib_a-nano-reallocr.o)
                0x0000000000005726                _realloc_r
 .text._malloc_usable_size_r
                0x0000000000005772       0x10 /home/ical/.arduino15/packages/arduino/tools/arm-none-eabi-gcc/7-2017q4/bin/../lib/gcc/arm-none-eabi/7.2.1/../../../../arm-none-eabi/lib/thumb/v6-m/libc_nano.a(lib_a-nano-msizer.o)
                0x0000000000005772                _malloc_usable_size_r
 *fill*         0x0000000000005782        0x2 
 .text._sbrk    0x0000000000005784       0x1c /home/ical/.arduino15/packages/arduino/tools/arm-none-eabi-gcc/7-2017q4/bin/../lib/gcc/arm-none-eabi/7.2.1/../../../../arm-none-eabi/lib/thumb/v6-m/libnosys.a(sbrk.o)
                0x0000000000005784                _sbrk
 *(.init)
 .init          0x00000000000057a0        0x4 /home/ical/.arduino15/packages/arduino/tools/arm-none-eabi-gcc/7-2017q4/bin/../lib/gcc/arm-none-eabi/7.2.1/thumb/v6-m/crti.o
                0x00000000000057a0                _init
 .init          0x00000000000057a4        0x8 /home/ical/.arduino15/packages/arduino/tools/arm-none-eabi-gcc/7-2017q4/bin/../lib/gcc/arm-none-eabi/7.2.1/thumb/v6-m/crtn.o
 *(.fini)
 .fini          0x00000000000057ac        0x4 /home/ical/.arduino15/packages/arduino/tools/arm-none-eabi-gcc/7-2017q4/bin/../lib/gcc/arm-none-eabi/7.2.1/thumb/v6-m/crti.o
                0x00000000000057ac                _fini
 .fini          0x00000000000057b0        0x8 /home/ical/.arduino15/packages/arduino/tools/arm-none-eabi-gcc/7-2017q4/bin/../lib/gcc/arm-none-eabi/7.2.1/thumb/v6-m/crtn.o
 *crtbegin.o(.ctors)
 *crtbegin?.o(.ctors)
 *(EXCLUDE_FILE(*crtend.o *crtend?.o) .ctors)
 *(SORT_BY_NAME(.ctors.*))
 *(.ctors)
 *crtbegin.o(.dtors)
 *crtbegin?.o(.dtors)
 *(EXCLUDE_FILE(*crtend.o *crtend?.o) .dtors)
 *(SORT_BY_NAME(.dtors.*))
 *(.dtors)
 *(.rodata*)
 .rodata._ZTVN8std_msgs4TimeE
                0x00000000000057b8       0x18 build-nano_33_iot/encoder.ino.o
                0x00000000000057b8                vtable for std_msgs::Time
 .rodata._ZTVN14rosserial_msgs9TopicInfoE
                0x00000000000057d0       0x18 build-nano_33_iot/encoder.ino.o
                0x00000000000057d0                vtable for rosserial_msgs::TopicInfo
 .rodata._ZTVN14rosserial_msgs3LogE
                0x00000000000057e8       0x18 build-nano_33_iot/encoder.ino.o
                0x00000000000057e8                vtable for rosserial_msgs::Log
 .rodata._ZTVN14rosserial_msgs20RequestParamResponseE
                0x0000000000005800       0x18 build-nano_33_iot/encoder.ino.o
                0x0000000000005800                vtable for rosserial_msgs::RequestParamResponse
 .rodata._ZTVN17wheel_tokyo_weili7encoderE
                0x0000000000005818       0x18 build-nano_33_iot/encoder.ino.o
                0x0000000000005818                vtable for wheel_tokyo_weili::encoder
 .rodata._ZTVN17wheel_tokyo_weili13wheel_plannerE
                0x0000000000005830       0x18 build-nano_33_iot/encoder.ino.o
                0x0000000000005830                vtable for wheel_tokyo_weili::wheel_planner
 .rodata._ZTVN3ros11NodeHandle_I15ArduinoHardwareLi25ELi25ELi512ELi512EEE
                0x0000000000005848       0x14 build-nano_33_iot/encoder.ino.o
                0x0000000000005848                vtable for ros::NodeHandle_<ArduinoHardware, 25, 25, 512, 512>
 .rodata._ZTVN3ros10SubscriberIN17wheel_tokyo_weili13wheel_plannerEvEE
                0x000000000000585c       0x18 build-nano_33_iot/encoder.ino.o
                0x000000000000585c                vtable for ros::Subscriber<wheel_tokyo_weili::wheel_planner, void>
 .rodata._GLOBAL__sub_I_nh.str1.1
                0x0000000000005874        0xf build-nano_33_iot/encoder.ino.o
                                         0x18 (size before relaxing)
 .rodata._ZN14rosserial_msgs20RequestParamResponse6getMD5Ev.str1.1
                0x0000000000005883       0x21 build-nano_33_iot/encoder.ino.o
 .rodata._ZN14rosserial_msgs3Log6getMD5Ev.str1.1
                0x00000000000058a4       0x21 build-nano_33_iot/encoder.ino.o
 .rodata._ZN14rosserial_msgs3Log7getTypeEv.str1.1
                0x00000000000058c5       0x13 build-nano_33_iot/encoder.ino.o
 .rodata._ZN14rosserial_msgs9TopicInfo6getMD5Ev.str1.1
                0x00000000000058d8       0x21 build-nano_33_iot/encoder.ino.o
 .rodata._ZN14rosserial_msgs9TopicInfo7getTypeEv.str1.1
                0x00000000000058f9       0x19 build-nano_33_iot/encoder.ino.o
 .rodata._ZN14rosserial_msgsL12REQUESTPARAME
                0x0000000000005912       0x1c build-nano_33_iot/encoder.ino.o
 .rodata._ZN17wheel_tokyo_weili13wheel_planner6getMD5Ev.str1.1
                0x000000000000592e       0x21 build-nano_33_iot/encoder.ino.o
 .rodata._ZN17wheel_tokyo_weili13wheel_planner7getTypeEv.str1.1
                0x000000000000594f       0x20 build-nano_33_iot/encoder.ino.o
 .rodata._ZN17wheel_tokyo_weili7encoder6getMD5Ev.str1.1
                0x000000000000596f       0x21 build-nano_33_iot/encoder.ino.o
 .rodata._ZN17wheel_tokyo_weili7encoder7getTypeEv.str1.1
                0x0000000000005990       0x1a build-nano_33_iot/encoder.ino.o
 .rodata._ZN3ros11NodeHandle_I15ArduinoHardwareLi25ELi25ELi512ELi512EE15negotiateTopicsEv.str1.1
                0x00000000000059aa       0x1a build-nano_33_iot/encoder.ino.o
                                          0x1 (size before relaxing)
 .rodata._ZN3ros11NodeHandle_I15ArduinoHardwareLi25ELi25ELi512ELi512EE7publishEiPKNS_3MsgE.str1.1
                0x00000000000059aa       0x39 build-nano_33_iot/encoder.ino.o
 .rodata._ZN8std_msgs4Time6getMD5Ev.str1.1
                0x00000000000059e3       0x21 build-nano_33_iot/encoder.ino.o
 .rodata._ZN8std_msgs4Time7getTypeEv.str1.1
                0x0000000000005a04        0xe build-nano_33_iot/encoder.ino.o
 *fill*         0x0000000000005a12        0x2 
 .rodata._ZTV26DoubleBufferedEPOutHandler
                0x0000000000005a14       0x24 build-nano_33_iot/libcore.a(USBCore.cpp.o)
                0x0000000000005a14                vtable for DoubleBufferedEPOutHandler
 .rodata._ZL14STRING_PRODUCT
                0x0000000000005a38       0x14 build-nano_33_iot/libcore.a(USBCore.cpp.o)
 .rodata._ZL15STRING_LANGUAGE
                0x0000000000005a4c        0x4 build-nano_33_iot/libcore.a(USBCore.cpp.o)
 .rodata._ZL19STRING_MANUFACTURER
                0x0000000000005a50        0xc build-nano_33_iot/libcore.a(USBCore.cpp.o)
 .rodata._ZL21USB_DeviceDescriptorB
                0x0000000000005a5c       0x12 build-nano_33_iot/libcore.a(USBCore.cpp.o)
 *fill*         0x0000000000005a6e        0x2 
 .rodata._ZTV7Serial_
                0x0000000000005a70       0x60 build-nano_33_iot/libcore.a(CDC.cpp.o)
                0x0000000000005a70                vtable for Serial_
 .rodata.g_APinDescription
                0x0000000000005ad0      0x318 build-nano_33_iot/libcore.a(variant.cpp.o)
                0x0000000000005ad0                g_APinDescription
 .rodata._ZTV4Uart
                0x0000000000005de8       0x34 build-nano_33_iot/libcore.a(Uart.cpp.o)
                0x0000000000005de8                vtable for Uart
 *(.eh_frame*)
 .eh_frame      0x0000000000005e1c        0x0 /home/ical/.arduino15/packages/arduino/tools/arm-none-eabi-gcc/7-2017q4/bin/../lib/gcc/arm-none-eabi/7.2.1/thumb/v6-m/crtbegin.o
 .eh_frame      0x0000000000005e1c        0x4 /home/ical/.arduino15/packages/arduino/tools/arm-none-eabi-gcc/7-2017q4/bin/../lib/gcc/arm-none-eabi/7.2.1/thumb/v6-m/crtend.o

.glue_7         0x0000000000005e20        0x0
 .glue_7        0x0000000000005e20        0x0 linker stubs

.glue_7t        0x0000000000005e20        0x0
 .glue_7t       0x0000000000005e20        0x0 linker stubs

.vfp11_veneer   0x0000000000005e20        0x0
 .vfp11_veneer  0x0000000000005e20        0x0 linker stubs

.v4_bx          0x0000000000005e20        0x0
 .v4_bx         0x0000000000005e20        0x0 linker stubs

.iplt           0x0000000000005e20        0x0
 .iplt          0x0000000000005e20        0x0 /home/ical/.arduino15/packages/arduino/tools/arm-none-eabi-gcc/7-2017q4/bin/../lib/gcc/arm-none-eabi/7.2.1/thumb/v6-m/crtbegin.o

.rel.dyn        0x0000000000005e20        0x0
 .rel.iplt      0x0000000000005e20        0x0 /home/ical/.arduino15/packages/arduino/tools/arm-none-eabi-gcc/7-2017q4/bin/../lib/gcc/arm-none-eabi/7.2.1/thumb/v6-m/crtbegin.o

.ARM.extab
 *(.ARM.extab* .gnu.linkonce.armextab.*)
                0x0000000000005e20                __exidx_start = .

.ARM.exidx
 *(.ARM.exidx* .gnu.linkonce.armexidx.*)
                0x0000000000005e20                __exidx_end = .
                0x0000000000005e20                __etext = .

.data           0x0000000020000000       0x98 load address 0x0000000000005e20
                0x0000000020000000                __data_start__ = .
 *(vtable)
 *(.data*)
 .data.interval
                0x0000000020000000        0x4 build-nano_33_iot/encoder.ino.o
                0x0000000020000000                interval
 .data._ZL5ticks
                0x0000000020000004        0x4 build-nano_33_iot/libcore.a(Reset.cpp.o)
 .data._ZL10breakValue
                0x0000000020000008        0x4 build-nano_33_iot/libcore.a(CDC.cpp.o)
 .data._ZL12_usbLineInfo
                0x000000002000000c        0x8 build-nano_33_iot/libcore.a(CDC.cpp.o)
 .data._serialPeek
                0x0000000020000014        0x4 build-nano_33_iot/libcore.a(CDC.cpp.o)
                0x0000000020000014                _serialPeek
 .data.SystemCoreClock
                0x0000000020000018        0x4 build-nano_33_iot/libcore.a(wiring.c.o)
                0x0000000020000018                SystemCoreClock
 .data._impure_ptr
                0x000000002000001c        0x4 /home/ical/.arduino15/packages/arduino/tools/arm-none-eabi-gcc/7-2017q4/bin/../lib/gcc/arm-none-eabi/7.2.1/../../../../arm-none-eabi/lib/thumb/v6-m/libc_nano.a(lib_a-impure.o)
                0x000000002000001c                _impure_ptr
 .data.impure_data
                0x0000000020000020       0x60 /home/ical/.arduino15/packages/arduino/tools/arm-none-eabi-gcc/7-2017q4/bin/../lib/gcc/arm-none-eabi/7.2.1/../../../../arm-none-eabi/lib/thumb/v6-m/libc_nano.a(lib_a-impure.o)
                0x0000000020000080                . = ALIGN (0x4)
                0x0000000020000080                PROVIDE (__preinit_array_start, .)
 *(.preinit_array)
                0x0000000020000080                PROVIDE (__preinit_array_end, .)
                0x0000000020000080                . = ALIGN (0x4)
                0x0000000020000080                PROVIDE (__init_array_start, .)
 *(SORT_BY_NAME(.init_array.*))
 *(.init_array)
 .init_array    0x0000000020000080        0x4 /home/ical/.arduino15/packages/arduino/tools/arm-none-eabi-gcc/7-2017q4/bin/../lib/gcc/arm-none-eabi/7.2.1/thumb/v6-m/crtbegin.o
 .init_array    0x0000000020000084        0x4 build-nano_33_iot/encoder.ino.o
 .init_array    0x0000000020000088        0x4 build-nano_33_iot/libcore.a(USBCore.cpp.o)
 .init_array    0x000000002000008c        0x4 build-nano_33_iot/libcore.a(CDC.cpp.o)
 .init_array    0x0000000020000090        0x4 build-nano_33_iot/libcore.a(variant.cpp.o)
                0x0000000020000094                PROVIDE (__init_array_end, .)
                0x0000000020000094                . = ALIGN (0x4)
                [!provide]                        PROVIDE (__fini_array_start, .)
 *(SORT_BY_NAME(.fini_array.*))
 *(.fini_array)
 .fini_array    0x0000000020000094        0x4 /home/ical/.arduino15/packages/arduino/tools/arm-none-eabi-gcc/7-2017q4/bin/../lib/gcc/arm-none-eabi/7.2.1/thumb/v6-m/crtbegin.o
                [!provide]                        PROVIDE (__fini_array_end, .)
 *(.jcr*)
                0x0000000020000098                . = ALIGN (0x4)
                0x0000000020000098                __data_end__ = .

.igot.plt       0x0000000020000098        0x0 load address 0x0000000000005eb8
 .igot.plt      0x0000000020000098        0x0 /home/ical/.arduino15/packages/arduino/tools/arm-none-eabi-gcc/7-2017q4/bin/../lib/gcc/arm-none-eabi/7.2.1/thumb/v6-m/crtbegin.o

.bss            0x0000000020000098     0x13a8 load address 0x0000000000005eb8
                0x0000000020000098                . = ALIGN (0x4)
                0x0000000020000098                __bss_start__ = .
 *(.bss*)
 .bss           0x0000000020000098       0x1c /home/ical/.arduino15/packages/arduino/tools/arm-none-eabi-gcc/7-2017q4/bin/../lib/gcc/arm-none-eabi/7.2.1/thumb/v6-m/crtbegin.o
 .bss.e_msg     0x00000000200000b4       0x20 build-nano_33_iot/encoder.ino.o
                0x00000000200000b4                e_msg
 .bss.nh        0x00000000200000d4      0x534 build-nano_33_iot/encoder.ino.o
                0x00000000200000d4                nh
 .bss.p_msg     0x0000000020000608       0x10 build-nano_33_iot/encoder.ino.o
                0x0000000020000608                p_msg
 .bss.pos       0x0000000020000618       0x10 build-nano_33_iot/encoder.ino.o
                0x0000000020000618                pos
 .bss.posi      0x0000000020000628       0x10 build-nano_33_iot/encoder.ino.o
                0x0000000020000628                posi
 .bss.previousMillis
                0x0000000020000638        0x4 build-nano_33_iot/encoder.ino.o
                0x0000000020000638                previousMillis
 .bss.pub       0x000000002000063c       0x14 build-nano_33_iot/encoder.ino.o
                0x000000002000063c                pub
 .bss.sub       0x0000000020000650       0x24 build-nano_33_iot/encoder.ino.o
                0x0000000020000650                sub
 .bss.ISRcallback
                0x0000000020000674       0x44 build-nano_33_iot/libcore.a(WInterrupts.c.o)
 .bss.ISRlist   0x00000000200006b8       0x44 build-nano_33_iot/libcore.a(WInterrupts.c.o)
 .bss.enabled.13006
                0x00000000200006fc        0x4 build-nano_33_iot/libcore.a(WInterrupts.c.o)
 .bss.nints     0x0000000020000700        0x4 build-nano_33_iot/libcore.a(WInterrupts.c.o)
 .bss._ulTickCount
                0x0000000020000704        0x4 build-nano_33_iot/libcore.a(delay.c.o)
 .bss.usb_isr   0x0000000020000708        0x4 build-nano_33_iot/libcore.a(cortex_handlers.c.o)
 .bss.EndPoints
                0x000000002000070c       0x28 build-nano_33_iot/libcore.a(USBCore.cpp.o)
                0x000000002000070c                EndPoints
 .bss.USBDevice
                0x0000000020000734        0x1 build-nano_33_iot/libcore.a(USBCore.cpp.o)
                0x0000000020000734                USBDevice
 *fill*         0x0000000020000735        0x3 
 .bss._ZL10epHandlers
                0x0000000020000738       0x1c build-nano_33_iot/libcore.a(USBCore.cpp.o)
 .bss._ZL14isEndpointHalt
                0x0000000020000754        0x1 build-nano_33_iot/libcore.a(USBCore.cpp.o)
 .bss._ZL20LastTransmitTimedOut
                0x0000000020000755        0x7 build-nano_33_iot/libcore.a(USBCore.cpp.o)
 .bss._ZL21isRemoteWakeUpEnabled
                0x000000002000075c        0x1 build-nano_33_iot/libcore.a(USBCore.cpp.o)
 *fill*         0x000000002000075d        0x3 
 .bss._ZL22udd_ep_in_cache_buffer
                0x0000000020000760      0x1c0 build-nano_33_iot/libcore.a(USBCore.cpp.o)
 .bss._ZL23udd_ep_out_cache_buffer
                0x0000000020000920      0x1c0 build-nano_33_iot/libcore.a(USBCore.cpp.o)
 .bss._dry_run  0x0000000020000ae0        0x1 build-nano_33_iot/libcore.a(USBCore.cpp.o)
                0x0000000020000ae0                _dry_run
 .bss._pack_buffer
                0x0000000020000ae1      0x100 build-nano_33_iot/libcore.a(USBCore.cpp.o)
                0x0000000020000ae1                _pack_buffer
 .bss._pack_message
                0x0000000020000be1        0x1 build-nano_33_iot/libcore.a(USBCore.cpp.o)
                0x0000000020000be1                _pack_message
 .bss._pack_size
                0x0000000020000be2        0x2 build-nano_33_iot/libcore.a(USBCore.cpp.o)
                0x0000000020000be2                _pack_size
 .bss._usbConfiguration
                0x0000000020000be4        0x4 build-nano_33_iot/libcore.a(USBCore.cpp.o)
                0x0000000020000be4                _usbConfiguration
 .bss._usbSetInterface
                0x0000000020000be8        0x4 build-nano_33_iot/libcore.a(USBCore.cpp.o)
                0x0000000020000be8                _usbSetInterface
 .bss.usbd      0x0000000020000bec      0x104 build-nano_33_iot/libcore.a(USBCore.cpp.o)
                0x0000000020000bec                usbd
 .bss.SerialUSB
                0x0000000020000cf0       0x34 build-nano_33_iot/libcore.a(CDC.cpp.o)
                0x0000000020000cf0                SerialUSB
 .bss.Serial1   0x0000000020000d24      0x244 build-nano_33_iot/libcore.a(variant.cpp.o)
                0x0000000020000d24                Serial1
 .bss.Serial2   0x0000000020000f68      0x244 build-nano_33_iot/libcore.a(variant.cpp.o)
                0x0000000020000f68                Serial2
 .bss.SerialHCI
                0x00000000200011ac      0x244 build-nano_33_iot/libcore.a(variant.cpp.o)
                0x00000000200011ac                SerialHCI
 .bss.sercom0   0x00000000200013f0        0x8 build-nano_33_iot/libcore.a(variant.cpp.o)
                0x00000000200013f0                sercom0
 .bss.sercom1   0x00000000200013f8        0x8 build-nano_33_iot/libcore.a(variant.cpp.o)
                0x00000000200013f8                sercom1
 .bss.sercom2   0x0000000020001400        0x8 build-nano_33_iot/libcore.a(variant.cpp.o)
                0x0000000020001400                sercom2
 .bss.sercom3   0x0000000020001408        0x8 build-nano_33_iot/libcore.a(variant.cpp.o)
                0x0000000020001408                sercom3
 .bss.sercom4   0x0000000020001410        0x8 build-nano_33_iot/libcore.a(variant.cpp.o)
                0x0000000020001410                sercom4
 .bss.sercom5   0x0000000020001418        0x8 build-nano_33_iot/libcore.a(variant.cpp.o)
                0x0000000020001418                sercom5
 .bss._ZGVZ12PluggableUSBvE3obj
                0x0000000020001420        0x4 build-nano_33_iot/libcore.a(PluggableUSB.cpp.o)
 .bss._ZZ12PluggableUSBvE3obj
                0x0000000020001424        0xc build-nano_33_iot/libcore.a(PluggableUSB.cpp.o)
 .bss.__malloc_free_list
                0x0000000020001430        0x4 /home/ical/.arduino15/packages/arduino/tools/arm-none-eabi-gcc/7-2017q4/bin/../lib/gcc/arm-none-eabi/7.2.1/../../../../arm-none-eabi/lib/thumb/v6-m/libc_nano.a(lib_a-nano-mallocr.o)
                0x0000000020001430                __malloc_free_list
 .bss.__malloc_sbrk_start
                0x0000000020001434        0x4 /home/ical/.arduino15/packages/arduino/tools/arm-none-eabi-gcc/7-2017q4/bin/../lib/gcc/arm-none-eabi/7.2.1/../../../../arm-none-eabi/lib/thumb/v6-m/libc_nano.a(lib_a-nano-mallocr.o)
                0x0000000020001434                __malloc_sbrk_start
 .bss.heap_end.4102
                0x0000000020001438        0x4 /home/ical/.arduino15/packages/arduino/tools/arm-none-eabi-gcc/7-2017q4/bin/../lib/gcc/arm-none-eabi/7.2.1/../../../../arm-none-eabi/lib/thumb/v6-m/libnosys.a(sbrk.o)
 *(COMMON)
 COMMON         0x000000002000143c        0x4 /home/ical/.arduino15/packages/arduino/tools/arm-none-eabi-gcc/7-2017q4/bin/../lib/gcc/arm-none-eabi/7.2.1/../../../../arm-none-eabi/lib/thumb/v6-m/libc_nano.a(lib_a-reent.o)
                0x000000002000143c                errno
                0x0000000020001440                . = ALIGN (0x4)
                0x0000000020001440                __bss_end__ = .

.heap           0x0000000020001440        0x0
                0x0000000020001440                __end__ = .
                0x0000000020001440                PROVIDE (end, .)
 *(.heap*)
                0x0000000020001440                __HeapLimit = .

.stack_dummy    0x0000000020001440        0x0
 *(.stack*)
                0x0000000020008000                __StackTop = (ORIGIN (RAM) + LENGTH (RAM))
                0x0000000020008000                __StackLimit = (__StackTop - SIZEOF (.stack_dummy))
                0x0000000020008000                PROVIDE (__stack, __StackTop)
                0x0000000020007fff                __ram_end__ = ((ORIGIN (RAM) + LENGTH (RAM)) - 0x1)
                0x0000000000000001                ASSERT ((__StackLimit >= __HeapLimit), region RAM overflowed with stack)
OUTPUT(build-nano_33_iot/encoder.elf elf32-littlearm)

.ARM.attributes
                0x0000000000000000       0x28
 .ARM.attributes
                0x0000000000000000       0x1e /home/ical/.arduino15/packages/arduino/tools/arm-none-eabi-gcc/7-2017q4/bin/../lib/gcc/arm-none-eabi/7.2.1/thumb/v6-m/crti.o
 .ARM.attributes
                0x000000000000001e       0x2c /home/ical/.arduino15/packages/arduino/tools/arm-none-eabi-gcc/7-2017q4/bin/../lib/gcc/arm-none-eabi/7.2.1/thumb/v6-m/crtbegin.o
 .ARM.attributes
                0x000000000000004a       0x32 build-nano_33_iot/encoder.ino.o
 .ARM.attributes
                0x000000000000007c       0x32 build-nano_33_iot/libcore.a(WInterrupts.c.o)
 .ARM.attributes
                0x00000000000000ae       0x32 build-nano_33_iot/libcore.a(wiring_digital.c.o)
 .ARM.attributes
                0x00000000000000e0       0x32 build-nano_33_iot/libcore.a(wiring_private.c.o)
 .ARM.attributes
                0x0000000000000112       0x32 build-nano_33_iot/libcore.a(delay.c.o)
 .ARM.attributes
                0x0000000000000144       0x32 build-nano_33_iot/libcore.a(cortex_handlers.c.o)
 .ARM.attributes
                0x0000000000000176       0x32 build-nano_33_iot/libcore.a(Reset.cpp.o)
 .ARM.attributes
                0x00000000000001a8       0x32 build-nano_33_iot/libcore.a(main.cpp.o)
 .ARM.attributes
                0x00000000000001da       0x32 build-nano_33_iot/libcore.a(USBCore.cpp.o)
 .ARM.attributes
                0x000000000000020c       0x32 build-nano_33_iot/libcore.a(CDC.cpp.o)
 .ARM.attributes
                0x000000000000023e       0x32 build-nano_33_iot/libcore.a(time.cpp.o)
 .ARM.attributes
                0x0000000000000270       0x32 build-nano_33_iot/libcore.a(variant.cpp.o)
 .ARM.attributes
                0x00000000000002a2       0x32 build-nano_33_iot/libcore.a(wiring.c.o)
 .ARM.attributes
                0x00000000000002d4       0x32 build-nano_33_iot/libcore.a(hooks.c.o)
 .ARM.attributes
                0x0000000000000306       0x32 build-nano_33_iot/libcore.a(wiring_analog.c.o)
 .ARM.attributes
                0x0000000000000338       0x32 build-nano_33_iot/libcore.a(startup.c.o)
 .ARM.attributes
                0x000000000000036a       0x32 build-nano_33_iot/libcore.a(SERCOM.cpp.o)
 .ARM.attributes
                0x000000000000039c       0x32 build-nano_33_iot/libcore.a(new.cpp.o)
 .ARM.attributes
                0x00000000000003ce       0x32 build-nano_33_iot/libcore.a(Uart.cpp.o)
 .ARM.attributes
                0x0000000000000400       0x32 build-nano_33_iot/libcore.a(Print.cpp.o)
 .ARM.attributes
                0x0000000000000432       0x32 build-nano_33_iot/libcore.a(PluggableUSB.cpp.o)
 .ARM.attributes
                0x0000000000000464       0x2c /home/ical/.arduino15/packages/arduino/tools/arm-none-eabi-gcc/7-2017q4/bin/../lib/gcc/arm-none-eabi/7.2.1/../../../../arm-none-eabi/lib/thumb/v6-m/libstdc++_nano.a(del_ops.o)
 .ARM.attributes
                0x0000000000000490       0x1e /home/ical/.arduino15/packages/arduino/tools/arm-none-eabi-gcc/7-2017q4/bin/../lib/gcc/arm-none-eabi/7.2.1/thumb/v6-m/libgcc.a(_thumb1_case_uqi.o)
 .ARM.attributes
                0x00000000000004ae       0x1e /home/ical/.arduino15/packages/arduino/tools/arm-none-eabi-gcc/7-2017q4/bin/../lib/gcc/arm-none-eabi/7.2.1/thumb/v6-m/libgcc.a(_udivsi3.o)
 .ARM.attributes
                0x00000000000004cc       0x1e /home/ical/.arduino15/packages/arduino/tools/arm-none-eabi-gcc/7-2017q4/bin/../lib/gcc/arm-none-eabi/7.2.1/thumb/v6-m/libgcc.a(_dvmd_tls.o)
 .ARM.attributes
                0x00000000000004ea       0x2c /home/ical/.arduino15/packages/arduino/tools/arm-none-eabi-gcc/7-2017q4/bin/../lib/gcc/arm-none-eabi/7.2.1/../../../../arm-none-eabi/lib/thumb/v6-m/libc_nano.a(lib_a-impure.o)
 .ARM.attributes
                0x0000000000000516       0x2c /home/ical/.arduino15/packages/arduino/tools/arm-none-eabi-gcc/7-2017q4/bin/../lib/gcc/arm-none-eabi/7.2.1/../../../../arm-none-eabi/lib/thumb/v6-m/libc_nano.a(lib_a-init.o)
 .ARM.attributes
                0x0000000000000542       0x2c /home/ical/.arduino15/packages/arduino/tools/arm-none-eabi-gcc/7-2017q4/bin/../lib/gcc/arm-none-eabi/7.2.1/../../../../arm-none-eabi/lib/thumb/v6-m/libc_nano.a(lib_a-malloc.o)
 .ARM.attributes
                0x000000000000056e       0x2c /home/ical/.arduino15/packages/arduino/tools/arm-none-eabi-gcc/7-2017q4/bin/../lib/gcc/arm-none-eabi/7.2.1/../../../../arm-none-eabi/lib/thumb/v6-m/libc_nano.a(lib_a-memcpy-stub.o)
 .ARM.attributes
                0x000000000000059a       0x2c /home/ical/.arduino15/packages/arduino/tools/arm-none-eabi-gcc/7-2017q4/bin/../lib/gcc/arm-none-eabi/7.2.1/../../../../arm-none-eabi/lib/thumb/v6-m/libc_nano.a(lib_a-memset.o)
 .ARM.attributes
                0x00000000000005c6       0x2c /home/ical/.arduino15/packages/arduino/tools/arm-none-eabi-gcc/7-2017q4/bin/../lib/gcc/arm-none-eabi/7.2.1/../../../../arm-none-eabi/lib/thumb/v6-m/libc_nano.a(lib_a-nano-freer.o)
 .ARM.attributes
                0x00000000000005f2       0x2c /home/ical/.arduino15/packages/arduino/tools/arm-none-eabi-gcc/7-2017q4/bin/../lib/gcc/arm-none-eabi/7.2.1/../../../../arm-none-eabi/lib/thumb/v6-m/libc_nano.a(lib_a-nano-mallocr.o)
 .ARM.attributes
                0x000000000000061e       0x2c /home/ical/.arduino15/packages/arduino/tools/arm-none-eabi-gcc/7-2017q4/bin/../lib/gcc/arm-none-eabi/7.2.1/../../../../arm-none-eabi/lib/thumb/v6-m/libc_nano.a(lib_a-realloc.o)
 .ARM.attributes
                0x000000000000064a       0x2c /home/ical/.arduino15/packages/arduino/tools/arm-none-eabi-gcc/7-2017q4/bin/../lib/gcc/arm-none-eabi/7.2.1/../../../../arm-none-eabi/lib/thumb/v6-m/libc_nano.a(lib_a-sbrkr.o)
 .ARM.attributes
                0x0000000000000676       0x1c /home/ical/.arduino15/packages/arduino/tools/arm-none-eabi-gcc/7-2017q4/bin/../lib/gcc/arm-none-eabi/7.2.1/../../../../arm-none-eabi/lib/thumb/v6-m/libc_nano.a(lib_a-strlen.o)
 .ARM.attributes
                0x0000000000000692       0x2c /home/ical/.arduino15/packages/arduino/tools/arm-none-eabi-gcc/7-2017q4/bin/../lib/gcc/arm-none-eabi/7.2.1/../../../../arm-none-eabi/lib/thumb/v6-m/libc_nano.a(lib_a-mlock.o)
 .ARM.attributes
                0x00000000000006be       0x2c /home/ical/.arduino15/packages/arduino/tools/arm-none-eabi-gcc/7-2017q4/bin/../lib/gcc/arm-none-eabi/7.2.1/../../../../arm-none-eabi/lib/thumb/v6-m/libc_nano.a(lib_a-nano-reallocr.o)
 .ARM.attributes
                0x00000000000006ea       0x2c /home/ical/.arduino15/packages/arduino/tools/arm-none-eabi-gcc/7-2017q4/bin/../lib/gcc/arm-none-eabi/7.2.1/../../../../arm-none-eabi/lib/thumb/v6-m/libc_nano.a(lib_a-reent.o)
 .ARM.attributes
                0x0000000000000716       0x2c /home/ical/.arduino15/packages/arduino/tools/arm-none-eabi-gcc/7-2017q4/bin/../lib/gcc/arm-none-eabi/7.2.1/../../../../arm-none-eabi/lib/thumb/v6-m/libc_nano.a(lib_a-nano-msizer.o)
 .ARM.attributes
                0x0000000000000742       0x2c /home/ical/.arduino15/packages/arduino/tools/arm-none-eabi-gcc/7-2017q4/bin/../lib/gcc/arm-none-eabi/7.2.1/../../../../arm-none-eabi/lib/thumb/v6-m/libnosys.a(sbrk.o)
 .ARM.attributes
                0x000000000000076e       0x2c /home/ical/.arduino15/packages/arduino/tools/arm-none-eabi-gcc/7-2017q4/bin/../lib/gcc/arm-none-eabi/7.2.1/thumb/v6-m/crtend.o
 .ARM.attributes
                0x000000000000079a       0x1e /home/ical/.arduino15/packages/arduino/tools/arm-none-eabi-gcc/7-2017q4/bin/../lib/gcc/arm-none-eabi/7.2.1/thumb/v6-m/crtn.o

.comment        0x0000000000000000       0x7f
 .comment       0x0000000000000000       0x7f build-nano_33_iot/encoder.ino.o
                                         0x80 (size before relaxing)
 .comment       0x000000000000007f       0x80 build-nano_33_iot/libcore.a(WInterrupts.c.o)
 .comment       0x000000000000007f       0x80 build-nano_33_iot/libcore.a(wiring_digital.c.o)
 .comment       0x000000000000007f       0x80 build-nano_33_iot/libcore.a(wiring_private.c.o)
 .comment       0x000000000000007f       0x80 build-nano_33_iot/libcore.a(delay.c.o)
 .comment       0x000000000000007f       0x80 build-nano_33_iot/libcore.a(cortex_handlers.c.o)
 .comment       0x000000000000007f       0x80 build-nano_33_iot/libcore.a(Reset.cpp.o)
 .comment       0x000000000000007f       0x80 build-nano_33_iot/libcore.a(main.cpp.o)
 .comment       0x000000000000007f       0x80 build-nano_33_iot/libcore.a(USBCore.cpp.o)
 .comment       0x000000000000007f       0x80 build-nano_33_iot/libcore.a(CDC.cpp.o)
 .comment       0x000000000000007f       0x80 build-nano_33_iot/libcore.a(time.cpp.o)
 .comment       0x000000000000007f       0x80 build-nano_33_iot/libcore.a(variant.cpp.o)
 .comment       0x000000000000007f       0x80 build-nano_33_iot/libcore.a(wiring.c.o)
 .comment       0x000000000000007f       0x80 build-nano_33_iot/libcore.a(hooks.c.o)
 .comment       0x000000000000007f       0x80 build-nano_33_iot/libcore.a(wiring_analog.c.o)
 .comment       0x000000000000007f       0x80 build-nano_33_iot/libcore.a(startup.c.o)
 .comment       0x000000000000007f       0x80 build-nano_33_iot/libcore.a(SERCOM.cpp.o)
 .comment       0x000000000000007f       0x80 build-nano_33_iot/libcore.a(new.cpp.o)
 .comment       0x000000000000007f       0x80 build-nano_33_iot/libcore.a(Uart.cpp.o)
 .comment       0x000000000000007f       0x80 build-nano_33_iot/libcore.a(Print.cpp.o)
 .comment       0x000000000000007f       0x80 build-nano_33_iot/libcore.a(PluggableUSB.cpp.o)

.debug_frame    0x0000000000000000      0x290
 .debug_frame   0x0000000000000000       0x28 /home/ical/.arduino15/packages/arduino/tools/arm-none-eabi-gcc/7-2017q4/bin/../lib/gcc/arm-none-eabi/7.2.1/../../../../arm-none-eabi/lib/thumb/v6-m/libstdc++_nano.a(del_ops.o)
 .debug_frame   0x0000000000000028       0x20 /home/ical/.arduino15/packages/arduino/tools/arm-none-eabi-gcc/7-2017q4/bin/../lib/gcc/arm-none-eabi/7.2.1/thumb/v6-m/libgcc.a(_udivsi3.o)
 .debug_frame   0x0000000000000048       0x2c /home/ical/.arduino15/packages/arduino/tools/arm-none-eabi-gcc/7-2017q4/bin/../lib/gcc/arm-none-eabi/7.2.1/../../../../arm-none-eabi/lib/thumb/v6-m/libc_nano.a(lib_a-init.o)
 .debug_frame   0x0000000000000074       0x40 /home/ical/.arduino15/packages/arduino/tools/arm-none-eabi-gcc/7-2017q4/bin/../lib/gcc/arm-none-eabi/7.2.1/../../../../arm-none-eabi/lib/thumb/v6-m/libc_nano.a(lib_a-malloc.o)
 .debug_frame   0x00000000000000b4       0x28 /home/ical/.arduino15/packages/arduino/tools/arm-none-eabi-gcc/7-2017q4/bin/../lib/gcc/arm-none-eabi/7.2.1/../../../../arm-none-eabi/lib/thumb/v6-m/libc_nano.a(lib_a-memcpy-stub.o)
 .debug_frame   0x00000000000000dc       0x20 /home/ical/.arduino15/packages/arduino/tools/arm-none-eabi-gcc/7-2017q4/bin/../lib/gcc/arm-none-eabi/7.2.1/../../../../arm-none-eabi/lib/thumb/v6-m/libc_nano.a(lib_a-memset.o)
 .debug_frame   0x00000000000000fc       0x2c /home/ical/.arduino15/packages/arduino/tools/arm-none-eabi-gcc/7-2017q4/bin/../lib/gcc/arm-none-eabi/7.2.1/../../../../arm-none-eabi/lib/thumb/v6-m/libc_nano.a(lib_a-nano-freer.o)
 .debug_frame   0x0000000000000128       0x2c /home/ical/.arduino15/packages/arduino/tools/arm-none-eabi-gcc/7-2017q4/bin/../lib/gcc/arm-none-eabi/7.2.1/../../../../arm-none-eabi/lib/thumb/v6-m/libc_nano.a(lib_a-nano-mallocr.o)
 .debug_frame   0x0000000000000154       0x28 /home/ical/.arduino15/packages/arduino/tools/arm-none-eabi-gcc/7-2017q4/bin/../lib/gcc/arm-none-eabi/7.2.1/../../../../arm-none-eabi/lib/thumb/v6-m/libc_nano.a(lib_a-realloc.o)
 .debug_frame   0x000000000000017c       0x2c /home/ical/.arduino15/packages/arduino/tools/arm-none-eabi-gcc/7-2017q4/bin/../lib/gcc/arm-none-eabi/7.2.1/../../../../arm-none-eabi/lib/thumb/v6-m/libc_nano.a(lib_a-sbrkr.o)
 .debug_frame   0x00000000000001a8       0x30 /home/ical/.arduino15/packages/arduino/tools/arm-none-eabi-gcc/7-2017q4/bin/../lib/gcc/arm-none-eabi/7.2.1/../../../../arm-none-eabi/lib/thumb/v6-m/libc_nano.a(lib_a-mlock.o)
 .debug_frame   0x00000000000001d8       0x30 /home/ical/.arduino15/packages/arduino/tools/arm-none-eabi-gcc/7-2017q4/bin/../lib/gcc/arm-none-eabi/7.2.1/../../../../arm-none-eabi/lib/thumb/v6-m/libc_nano.a(lib_a-nano-reallocr.o)
 .debug_frame   0x0000000000000208       0x48 /home/ical/.arduino15/packages/arduino/tools/arm-none-eabi-gcc/7-2017q4/bin/../lib/gcc/arm-none-eabi/7.2.1/../../../../arm-none-eabi/lib/thumb/v6-m/libc_nano.a(lib_a-reent.o)
 .debug_frame   0x0000000000000250       0x20 /home/ical/.arduino15/packages/arduino/tools/arm-none-eabi-gcc/7-2017q4/bin/../lib/gcc/arm-none-eabi/7.2.1/../../../../arm-none-eabi/lib/thumb/v6-m/libc_nano.a(lib_a-nano-msizer.o)
 .debug_frame   0x0000000000000270       0x20 /home/ical/.arduino15/packages/arduino/tools/arm-none-eabi-gcc/7-2017q4/bin/../lib/gcc/arm-none-eabi/7.2.1/../../../../arm-none-eabi/lib/thumb/v6-m/libnosys.a(sbrk.o)

Cross Reference Table

Symbol                                            File
AC_Handler                                        build-nano_33_iot/libcore.a(cortex_handlers.c.o)
ADC_Handler                                       build-nano_33_iot/libcore.a(cortex_handlers.c.o)
DAC_Handler                                       build-nano_33_iot/libcore.a(cortex_handlers.c.o)
DMAC_Handler                                      build-nano_33_iot/libcore.a(cortex_handlers.c.o)
DoubleBufferedEPOutHandler::_available() const    build-nano_33_iot/libcore.a(USBCore.cpp.o)
DoubleBufferedEPOutHandler::_recv()               build-nano_33_iot/libcore.a(USBCore.cpp.o)
DoubleBufferedEPOutHandler::available()           build-nano_33_iot/libcore.a(USBCore.cpp.o)
DoubleBufferedEPOutHandler::handleEndpoint()      build-nano_33_iot/libcore.a(USBCore.cpp.o)
DoubleBufferedEPOutHandler::peek()                build-nano_33_iot/libcore.a(USBCore.cpp.o)
DoubleBufferedEPOutHandler::recv(void*, unsigned long) build-nano_33_iot/libcore.a(USBCore.cpp.o)
DoubleBufferedEPOutHandler::release()             build-nano_33_iot/libcore.a(USBCore.cpp.o)
DoubleBufferedEPOutHandler::~DoubleBufferedEPOutHandler() build-nano_33_iot/libcore.a(USBCore.cpp.o)
DoubleBufferedEPOutHandler::~DoubleBufferedEPOutHandler() build-nano_33_iot/libcore.a(USBCore.cpp.o)
DoubleBufferedEPOutHandler::~DoubleBufferedEPOutHandler() build-nano_33_iot/libcore.a(USBCore.cpp.o)
Dummy_Handler                                     build-nano_33_iot/libcore.a(cortex_handlers.c.o)
EIC_Handler                                       build-nano_33_iot/libcore.a(WInterrupts.c.o)
EVSYS_Handler                                     build-nano_33_iot/libcore.a(cortex_handlers.c.o)
EndPoints                                         build-nano_33_iot/libcore.a(USBCore.cpp.o)
HardFault_Handler                                 build-nano_33_iot/libcore.a(cortex_handlers.c.o)
I2S_Handler                                       build-nano_33_iot/libcore.a(cortex_handlers.c.o)
NMI_Handler                                       build-nano_33_iot/libcore.a(cortex_handlers.c.o)
NVMCTRL_Handler                                   build-nano_33_iot/libcore.a(cortex_handlers.c.o)
PINCOUNT_fn                                       build-nano_33_iot/libcore.a(variant.cpp.o)
PM_Handler                                        build-nano_33_iot/libcore.a(cortex_handlers.c.o)
PTC_Handler                                       build-nano_33_iot/libcore.a(cortex_handlers.c.o)
PendSV_Handler                                    build-nano_33_iot/libcore.a(cortex_handlers.c.o)
PluggableUSB()                                    build-nano_33_iot/libcore.a(PluggableUSB.cpp.o)
                                                  build-nano_33_iot/libcore.a(CDC.cpp.o)
                                                  build-nano_33_iot/libcore.a(USBCore.cpp.o)
RTC_Handler                                       build-nano_33_iot/libcore.a(cortex_handlers.c.o)
Reset_Handler                                     build-nano_33_iot/libcore.a(cortex_handlers.c.o)
SERCOM0_Handler                                   build-nano_33_iot/libcore.a(cortex_handlers.c.o)
SERCOM1_Handler                                   build-nano_33_iot/libcore.a(cortex_handlers.c.o)
SERCOM2_Handler                                   build-nano_33_iot/libcore.a(variant.cpp.o)
                                                  build-nano_33_iot/libcore.a(cortex_handlers.c.o)
SERCOM3_Handler                                   build-nano_33_iot/libcore.a(variant.cpp.o)
                                                  build-nano_33_iot/libcore.a(cortex_handlers.c.o)
SERCOM4_Handler                                   build-nano_33_iot/libcore.a(cortex_handlers.c.o)
SERCOM5_Handler                                   build-nano_33_iot/libcore.a(variant.cpp.o)
                                                  build-nano_33_iot/libcore.a(cortex_handlers.c.o)
SERCOM::SERCOM(Sercom*)                           build-nano_33_iot/libcore.a(SERCOM.cpp.o)
                                                  build-nano_33_iot/libcore.a(variant.cpp.o)
SERCOM::SERCOM(Sercom*)                           build-nano_33_iot/libcore.a(SERCOM.cpp.o)
SERCOM::acknowledgeUARTError()                    build-nano_33_iot/libcore.a(SERCOM.cpp.o)
                                                  build-nano_33_iot/libcore.a(Uart.cpp.o)
SERCOM::availableDataUART()                       build-nano_33_iot/libcore.a(SERCOM.cpp.o)
                                                  build-nano_33_iot/libcore.a(Uart.cpp.o)
SERCOM::availableWIRE()                           build-nano_33_iot/libcore.a(SERCOM.cpp.o)
SERCOM::calculateBaudrateSynchronous(unsigned long) build-nano_33_iot/libcore.a(SERCOM.cpp.o)
SERCOM::clearFrameErrorUART()                     build-nano_33_iot/libcore.a(SERCOM.cpp.o)
                                                  build-nano_33_iot/libcore.a(Uart.cpp.o)
SERCOM::clearStatusUART()                         build-nano_33_iot/libcore.a(SERCOM.cpp.o)
                                                  build-nano_33_iot/libcore.a(Uart.cpp.o)
SERCOM::disableDataRegisterEmptyInterruptUART()   build-nano_33_iot/libcore.a(SERCOM.cpp.o)
                                                  build-nano_33_iot/libcore.a(Uart.cpp.o)
SERCOM::disableSPI()                              build-nano_33_iot/libcore.a(SERCOM.cpp.o)
SERCOM::disableWIRE()                             build-nano_33_iot/libcore.a(SERCOM.cpp.o)
SERCOM::enableDataRegisterEmptyInterruptUART()    build-nano_33_iot/libcore.a(SERCOM.cpp.o)
                                                  build-nano_33_iot/libcore.a(Uart.cpp.o)
SERCOM::enableSPI()                               build-nano_33_iot/libcore.a(SERCOM.cpp.o)
SERCOM::enableUART()                              build-nano_33_iot/libcore.a(SERCOM.cpp.o)
                                                  build-nano_33_iot/libcore.a(Uart.cpp.o)
SERCOM::enableWIRE()                              build-nano_33_iot/libcore.a(SERCOM.cpp.o)
SERCOM::flushUART()                               build-nano_33_iot/libcore.a(SERCOM.cpp.o)
                                                  build-nano_33_iot/libcore.a(Uart.cpp.o)
SERCOM::getDataOrderSPI()                         build-nano_33_iot/libcore.a(SERCOM.cpp.o)
SERCOM::initClockNVIC()                           build-nano_33_iot/libcore.a(SERCOM.cpp.o)
SERCOM::initFrame(SercomUartCharSize, SercomDataOrder, SercomParityMode, SercomNumberStopBit) build-nano_33_iot/libcore.a(SERCOM.cpp.o)
                                                  build-nano_33_iot/libcore.a(Uart.cpp.o)
SERCOM::initMasterWIRE(unsigned long)             build-nano_33_iot/libcore.a(SERCOM.cpp.o)
SERCOM::initPads(SercomUartTXPad, SercomRXPad)    build-nano_33_iot/libcore.a(SERCOM.cpp.o)
                                                  build-nano_33_iot/libcore.a(Uart.cpp.o)
SERCOM::initSPI(SercomSpiTXPad, SercomRXPad, SercomSpiCharSize, SercomDataOrder) build-nano_33_iot/libcore.a(SERCOM.cpp.o)
SERCOM::initSPIClock(SercomSpiClockMode, unsigned long) build-nano_33_iot/libcore.a(SERCOM.cpp.o)
SERCOM::initSlaveWIRE(unsigned char, bool)        build-nano_33_iot/libcore.a(SERCOM.cpp.o)
SERCOM::initUART(SercomUartMode, SercomUartSampleRate, unsigned long) build-nano_33_iot/libcore.a(SERCOM.cpp.o)
                                                  build-nano_33_iot/libcore.a(Uart.cpp.o)
SERCOM::isAddressMatch()                          build-nano_33_iot/libcore.a(SERCOM.cpp.o)
SERCOM::isArbLostWIRE()                           build-nano_33_iot/libcore.a(SERCOM.cpp.o)
SERCOM::isBufferOverflowErrorSPI()                build-nano_33_iot/libcore.a(SERCOM.cpp.o)
SERCOM::isBufferOverflowErrorUART()               build-nano_33_iot/libcore.a(SERCOM.cpp.o)
SERCOM::isBusBusyWIRE()                           build-nano_33_iot/libcore.a(SERCOM.cpp.o)
SERCOM::isBusIdleWIRE()                           build-nano_33_iot/libcore.a(SERCOM.cpp.o)
SERCOM::isBusOwnerWIRE()                          build-nano_33_iot/libcore.a(SERCOM.cpp.o)
SERCOM::isDataReadyWIRE()                         build-nano_33_iot/libcore.a(SERCOM.cpp.o)
SERCOM::isDataRegisterEmptySPI()                  build-nano_33_iot/libcore.a(SERCOM.cpp.o)
SERCOM::isDataRegisterEmptyUART()                 build-nano_33_iot/libcore.a(SERCOM.cpp.o)
                                                  build-nano_33_iot/libcore.a(Uart.cpp.o)
SERCOM::isFrameErrorUART()                        build-nano_33_iot/libcore.a(SERCOM.cpp.o)
                                                  build-nano_33_iot/libcore.a(Uart.cpp.o)
SERCOM::isMasterReadOperationWIRE()               build-nano_33_iot/libcore.a(SERCOM.cpp.o)
SERCOM::isMasterWIRE()                            build-nano_33_iot/libcore.a(SERCOM.cpp.o)
SERCOM::isParityErrorUART()                       build-nano_33_iot/libcore.a(SERCOM.cpp.o)
SERCOM::isRXNackReceivedWIRE()                    build-nano_33_iot/libcore.a(SERCOM.cpp.o)
SERCOM::isRestartDetectedWIRE()                   build-nano_33_iot/libcore.a(SERCOM.cpp.o)
SERCOM::isSlaveWIRE()                             build-nano_33_iot/libcore.a(SERCOM.cpp.o)
SERCOM::isStopDetectedWIRE()                      build-nano_33_iot/libcore.a(SERCOM.cpp.o)
SERCOM::isUARTError()                             build-nano_33_iot/libcore.a(SERCOM.cpp.o)
                                                  build-nano_33_iot/libcore.a(Uart.cpp.o)
SERCOM::prepareAckBitWIRE()                       build-nano_33_iot/libcore.a(SERCOM.cpp.o)
SERCOM::prepareCommandBitsWire(unsigned char)     build-nano_33_iot/libcore.a(SERCOM.cpp.o)
SERCOM::prepareNackBitWIRE()                      build-nano_33_iot/libcore.a(SERCOM.cpp.o)
SERCOM::readDataUART()                            build-nano_33_iot/libcore.a(SERCOM.cpp.o)
                                                  build-nano_33_iot/libcore.a(Uart.cpp.o)
SERCOM::readDataWIRE()                            build-nano_33_iot/libcore.a(SERCOM.cpp.o)
SERCOM::resetSPI()                                build-nano_33_iot/libcore.a(SERCOM.cpp.o)
SERCOM::resetUART()                               build-nano_33_iot/libcore.a(SERCOM.cpp.o)
                                                  build-nano_33_iot/libcore.a(Uart.cpp.o)
SERCOM::resetWIRE()                               build-nano_33_iot/libcore.a(SERCOM.cpp.o)
SERCOM::sendDataMasterWIRE(unsigned char)         build-nano_33_iot/libcore.a(SERCOM.cpp.o)
SERCOM::sendDataSlaveWIRE(unsigned char)          build-nano_33_iot/libcore.a(SERCOM.cpp.o)
SERCOM::setBaudrateSPI(unsigned char)             build-nano_33_iot/libcore.a(SERCOM.cpp.o)
SERCOM::setClockModeSPI(SercomSpiClockMode)       build-nano_33_iot/libcore.a(SERCOM.cpp.o)
SERCOM::setDataOrderSPI(SercomDataOrder)          build-nano_33_iot/libcore.a(SERCOM.cpp.o)
SERCOM::startTransmissionWIRE(unsigned char, SercomWireReadWriteFlag) build-nano_33_iot/libcore.a(SERCOM.cpp.o)
SERCOM::transferDataSPI(unsigned char)            build-nano_33_iot/libcore.a(SERCOM.cpp.o)
SERCOM::writeDataUART(unsigned char)              build-nano_33_iot/libcore.a(SERCOM.cpp.o)