Archive member included to satisfy reference by file (symbol)

build-nano_33_iot/libcore.a(WInterrupts.c.o)
                              build-nano_33_iot/test.ino.o (attachInterrupt)
build-nano_33_iot/libcore.a(wiring_digital.c.o)
                              build-nano_33_iot/test.ino.o (pinMode)
build-nano_33_iot/libcore.a(wiring_private.c.o)
                              build-nano_33_iot/libcore.a(WInterrupts.c.o) (pinPeripheral)
build-nano_33_iot/libcore.a(delay.c.o)
                              build-nano_33_iot/test.ino.o (millis)
build-nano_33_iot/libcore.a(cortex_handlers.c.o)
                              (Reset_Handler)
build-nano_33_iot/libcore.a(Reset.cpp.o)
                              build-nano_33_iot/libcore.a(delay.c.o) (tickReset)
build-nano_33_iot/libcore.a(main.cpp.o)
                              /home/zisheng/.arduino15/packages/arduino/tools/arm-none-eabi-gcc/7-2017q4/bin/../lib/gcc/arm-none-eabi/7.2.1/../../../../arm-none-eabi/lib/thumb/v6-m/crt0.o (main)
build-nano_33_iot/libcore.a(Print.cpp.o)
                              build-nano_33_iot/test.ino.o (arduino::Print::print(char const*))
build-nano_33_iot/libcore.a(USBCore.cpp.o)
                              build-nano_33_iot/libcore.a(main.cpp.o) (USBDeviceClass::attach())
build-nano_33_iot/libcore.a(CDC.cpp.o)
                              build-nano_33_iot/test.ino.o (Serial_::begin(unsigned long))
build-nano_33_iot/libcore.a(variant.cpp.o)
                              build-nano_33_iot/libcore.a(WInterrupts.c.o) (g_APinDescription)
build-nano_33_iot/libcore.a(wiring.c.o)
                              build-nano_33_iot/libcore.a(main.cpp.o) (init)
build-nano_33_iot/libcore.a(hooks.c.o)
                              build-nano_33_iot/libcore.a(delay.c.o) (yield)
build-nano_33_iot/libcore.a(wiring_analog.c.o)
                              build-nano_33_iot/libcore.a(wiring.c.o) (analogReference)
build-nano_33_iot/libcore.a(startup.c.o)
                              build-nano_33_iot/libcore.a(cortex_handlers.c.o) (SystemInit)
build-nano_33_iot/libcore.a(abi.cpp.o)
                              build-nano_33_iot/libcore.a(Print.cpp.o) (__cxa_pure_virtual)
build-nano_33_iot/libcore.a(SERCOM.cpp.o)
                              build-nano_33_iot/libcore.a(variant.cpp.o) (SERCOM::SERCOM(Sercom*))
build-nano_33_iot/libcore.a(new.cpp.o)
                              build-nano_33_iot/libcore.a(USBCore.cpp.o) (operator new(unsigned int))
build-nano_33_iot/libcore.a(Uart.cpp.o)
                              build-nano_33_iot/libcore.a(variant.cpp.o) (Uart::Uart(SERCOM*, unsigned char, unsigned char, SercomRXPad, SercomUartTXPad, unsigned char, unsigned char))
build-nano_33_iot/libcore.a(PluggableUSB.cpp.o)
                              build-nano_33_iot/libcore.a(USBCore.cpp.o) (arduino::PluggableUSB_::getInterface(unsigned char*))
/home/zisheng/.arduino15/packages/arduino/tools/arm-none-eabi-gcc/7-2017q4/bin/../lib/gcc/arm-none-eabi/7.2.1/../../../../arm-none-eabi/lib/thumb/v6-m/libstdc++_nano.a(del_ops.o)
                              build-nano_33_iot/libcore.a(USBCore.cpp.o) (operator delete(void*, unsigned int))
/home/zisheng/.arduino15/packages/arduino/tools/arm-none-eabi-gcc/7-2017q4/bin/../lib/gcc/arm-none-eabi/7.2.1/thumb/v6-m/libgcc.a(_thumb1_case_uqi.o)
                              build-nano_33_iot/libcore.a(WInterrupts.c.o) (__gnu_thumb1_case_uqi)
/home/zisheng/.arduino15/packages/arduino/tools/arm-none-eabi-gcc/7-2017q4/bin/../lib/gcc/arm-none-eabi/7.2.1/thumb/v6-m/libgcc.a(_udivsi3.o)
                              build-nano_33_iot/libcore.a(delay.c.o) (__aeabi_uidiv)
/home/zisheng/.arduino15/packages/arduino/tools/arm-none-eabi-gcc/7-2017q4/bin/../lib/gcc/arm-none-eabi/7.2.1/thumb/v6-m/libgcc.a(_divsi3.o)
                              build-nano_33_iot/libcore.a(Print.cpp.o) (__aeabi_idiv)
/home/zisheng/.arduino15/packages/arduino/tools/arm-none-eabi-gcc/7-2017q4/bin/../lib/gcc/arm-none-eabi/7.2.1/thumb/v6-m/libgcc.a(_dvmd_tls.o)
                              /home/zisheng/.arduino15/packages/arduino/tools/arm-none-eabi-gcc/7-2017q4/bin/../lib/gcc/arm-none-eabi/7.2.1/thumb/v6-m/libgcc.a(_udivsi3.o) (__aeabi_idiv0)
/home/zisheng/.arduino15/packages/arduino/tools/arm-none-eabi-gcc/7-2017q4/bin/../lib/gcc/arm-none-eabi/7.2.1/thumb/v6-m/libgcc.a(_arm_cmpdf2.o)
                              build-nano_33_iot/libcore.a(Print.cpp.o) (__aeabi_dcmplt)
/home/zisheng/.arduino15/packages/arduino/tools/arm-none-eabi-gcc/7-2017q4/bin/../lib/gcc/arm-none-eabi/7.2.1/thumb/v6-m/libgcc.a(_aeabi_uldivmod.o)
                              build-nano_33_iot/libcore.a(Print.cpp.o) (__aeabi_uldivmod)
/home/zisheng/.arduino15/packages/arduino/tools/arm-none-eabi-gcc/7-2017q4/bin/../lib/gcc/arm-none-eabi/7.2.1/thumb/v6-m/libgcc.a(_fixunsdfsi.o)
                              build-nano_33_iot/libcore.a(Print.cpp.o) (__aeabi_d2uiz)
[...]
Memory Configuration

Name             Origin             Length             Attributes
FLASH            0x0000000000002000 0x000000000003e000 xr
RAM              0x0000000020000000 0x0000000000008000 xrw
*default*        0x0000000000000000 0xffffffffffffffff

Linker script and memory map

LOAD /home/zisheng/.arduino15/packages/arduino/tools/arm-none-eabi-gcc/7-2017q4/bin/../lib/gcc/arm-none-eabi/7.2.1/thumb/v6-m/crti.o
LOAD /home/zisheng/.arduino15/packages/arduino/tools/arm-none-eabi-gcc/7-2017q4/bin/../lib/gcc/arm-none-eabi/7.2.1/thumb/v6-m/crtbegin.o
LOAD /home/zisheng/.arduino15/packages/arduino/tools/arm-none-eabi-gcc/7-2017q4/bin/../lib/gcc/arm-none-eabi/7.2.1/../../../../arm-none-eabi/lib/thumb/v6-m/crt0.o
LOAD build-nano_33_iot/test.ino.o
START GROUP
LOAD /home/zisheng/.arduino15/packages/arduino/tools/CMSIS/4.5.0/CMSIS/Lib/GCC/libarm_cortexM0l_math.a
LOAD build-nano_33_iot/libcore.a
END GROUP
LOAD /home/zisheng/.arduino15/packages/arduino/tools/arm-none-eabi-gcc/7-2017q4/bin/../lib/gcc/arm-none-eabi/7.2.1/../../../../arm-none-eabi/lib/thumb/v6-m/libstdc++_nano.a
LOAD /home/zisheng/.arduino15/packages/arduino/tools/arm-none-eabi-gcc/7-2017q4/bin/../lib/gcc/arm-none-eabi/7.2.1/../../../../arm-none-eabi/lib/thumb/v6-m/libm.a
START GROUP
LOAD /home/zisheng/.arduino15/packages/arduino/tools/arm-none-eabi-gcc/7-2017q4/bin/../lib/gcc/arm-none-eabi/7.2.1/thumb/v6-m/libgcc.a
LOAD /home/zisheng/.arduino15/packages/arduino/tools/arm-none-eabi-gcc/7-2017q4/bin/../lib/gcc/arm-none-eabi/7.2.1/../../../../arm-none-eabi/lib/thumb/v6-m/libc_nano.a
END GROUP
START GROUP
LOAD /home/zisheng/.arduino15/packages/arduino/tools/arm-none-eabi-gcc/7-2017q4/bin/../lib/gcc/arm-none-eabi/7.2.1/thumb/v6-m/libgcc.a
LOAD /home/zisheng/.arduino15/packages/arduino/tools/arm-none-eabi-gcc/7-2017q4/bin/../lib/gcc/arm-none-eabi/7.2.1/../../../../arm-none-eabi/lib/thumb/v6-m/libc_nano.a
LOAD /home/zisheng/.arduino15/packages/arduino/tools/arm-none-eabi-gcc/7-2017q4/bin/../lib/gcc/arm-none-eabi/7.2.1/../../../../arm-none-eabi/lib/thumb/v6-m/libnosys.a
END GROUP
START GROUP
LOAD /home/zisheng/.arduino15/packages/arduino/tools/arm-none-eabi-gcc/7-2017q4/bin/../lib/gcc/arm-none-eabi/7.2.1/thumb/v6-m/libgcc.a
LOAD /home/zisheng/.arduino15/packages/arduino/tools/arm-none-eabi-gcc/7-2017q4/bin/../lib/gcc/arm-none-eabi/7.2.1/../../../../arm-none-eabi/lib/thumb/v6-m/libc_nano.a
LOAD /home/zisheng/.arduino15/packages/arduino/tools/arm-none-eabi-gcc/7-2017q4/bin/../lib/gcc/arm-none-eabi/7.2.1/../../../../arm-none-eabi/lib/thumb/v6-m/libnosys.a
END GROUP
LOAD /home/zisheng/.arduino15/packages/arduino/tools/arm-none-eabi-gcc/7-2017q4/bin/../lib/gcc/arm-none-eabi/7.2.1/thumb/v6-m/crtend.o
LOAD /home/zisheng/.arduino15/packages/arduino/tools/arm-none-eabi-gcc/7-2017q4/bin/../lib/gcc/arm-none-eabi/7.2.1/thumb/v6-m/crtn.o

.text           0x0000000000002000     0x3074
                0x0000000000002000                __text_start__ = .
 *(.sketch_boot)
                0x0000000000002000                . = ALIGN (0x2000)
 *(.isr_vector)
 .isr_vector    0x0000000000002000       0xb4 build-nano_33_iot/libcore.a(cortex_handlers.c.o)
                0x0000000000002000                exception_table
 *(.text*)
 .text          0x00000000000020b4       0x48 /home/zisheng/.arduino15/packages/arduino/tools/arm-none-eabi-gcc/7-2017q4/bin/../lib/gcc/arm-none-eabi/7.2.1/thumb/v6-m/crtbegin.o
 .text._Z12readEncoder0v
                0x00000000000020fc       0x2c build-nano_33_iot/test.ino.o
                0x00000000000020fc                readEncoder0()
 .text._Z12readEncoder1v
                0x0000000000002128       0x2c build-nano_33_iot/test.ino.o
                0x0000000000002128                readEncoder1()
 .text._Z12readEncoder2v
                0x0000000000002154       0x2c build-nano_33_iot/test.ino.o
                0x0000000000002154                readEncoder2()
 .text._Z12readEncoder3v
                0x0000000000002180       0x2c build-nano_33_iot/test.ino.o
                0x0000000000002180                readEncoder3()
 .text.loop     0x00000000000021ac       0x98 build-nano_33_iot/test.ino.o
                0x00000000000021ac                loop
 .text.setup    0x0000000000002244       0x9c build-nano_33_iot/test.ino.o
                0x0000000000002244                setup
 .text.attachInterrupt
                0x00000000000022e0      0x130 build-nano_33_iot/libcore.a(WInterrupts.c.o)
                0x00000000000022e0                attachInterrupt
 .text.EIC_Handler
                0x0000000000002410       0x3c build-nano_33_iot/libcore.a(WInterrupts.c.o)
                0x0000000000002410                EIC_Handler
 .text.pinMode  0x000000000000244c       0x98 build-nano_33_iot/libcore.a(wiring_digital.c.o)
                0x000000000000244c                pinMode
 .text.digitalWrite
                0x00000000000024e4       0x58 build-nano_33_iot/libcore.a(wiring_digital.c.o)
                0x00000000000024e4                digitalWrite
 .text.digitalRead
                0x000000000000253c       0x30 build-nano_33_iot/libcore.a(wiring_digital.c.o)
                0x000000000000253c                digitalRead
 .text.pinPeripheral
                0x000000000000256c       0xc0 build-nano_33_iot/libcore.a(wiring_private.c.o)
                0x000000000000256c                pinPeripheral
 .text.millis   0x000000000000262c        0xc build-nano_33_iot/libcore.a(delay.c.o)
                0x000000000000262c                millis
 .text.micros   0x0000000000002638       0x60 build-nano_33_iot/libcore.a(delay.c.o)
                0x0000000000002638                micros
 .text.delay    0x0000000000002698       0x30 build-nano_33_iot/libcore.a(delay.c.o)
                0x0000000000002698                delay
 .text.resetExternalChip
                0x00000000000026c8        0x2 build-nano_33_iot/libcore.a(delay.c.o)
                0x00000000000026c8                resetExternalChip
 *fill*         0x00000000000026ca        0x2 
 .text.SysTick_DefaultHandler
                0x00000000000026cc       0x14 build-nano_33_iot/libcore.a(delay.c.o)
                0x00000000000026cc                SysTick_DefaultHandler
 .text.Dummy_Handler
                0x00000000000026e0        0x2 build-nano_33_iot/libcore.a(cortex_handlers.c.o)
                0x00000000000026e0                DMAC_Handler
                0x00000000000026e0                HardFault_Handler
                0x00000000000026e0                AC_Handler
                0x00000000000026e0                PendSV_Handler
                0x00000000000026e0                NMI_Handler
                0x00000000000026e0                TC7_Handler
                0x00000000000026e0                SERCOM1_Handler
                0x00000000000026e0                ADC_Handler
                0x00000000000026e0                TCC1_Handler
                0x00000000000026e0                TCC0_Handler
                0x00000000000026e0                RTC_Handler
                0x00000000000026e0                TC6_Handler
                0x00000000000026e0                WDT_Handler
                0x00000000000026e0                TC4_Handler
                0x00000000000026e0                TC3_Handler
                0x00000000000026e0                Dummy_Handler
                0x00000000000026e0                PM_Handler
                0x00000000000026e0                SVC_Handler
                0x00000000000026e0                TCC2_Handler
                0x00000000000026e0                EVSYS_Handler
                0x00000000000026e0                SERCOM4_Handler
                0x00000000000026e0                I2S_Handler
                0x00000000000026e0                NVMCTRL_Handler
                0x00000000000026e0                SERCOM0_Handler
                0x00000000000026e0                DAC_Handler
                0x00000000000026e0                PTC_Handler
                0x00000000000026e0                SYSCTRL_Handler
 *fill*         0x00000000000026e2        0x2 
 .text.USB_Handler
                0x00000000000026e4       0x14 build-nano_33_iot/libcore.a(cortex_handlers.c.o)
                0x00000000000026e4                USB_Handler
 .text.Reset_Handler
                0x00000000000026f8       0x54 build-nano_33_iot/libcore.a(cortex_handlers.c.o)
                0x00000000000026f8                Reset_Handler
 .text.SysTick_Handler
                0x000000000000274c       0x10 build-nano_33_iot/libcore.a(cortex_handlers.c.o)
                0x000000000000274c                SysTick_Handler
 .text.USB_SetHandler
                0x000000000000275c        0xc build-nano_33_iot/libcore.a(cortex_handlers.c.o)
                0x000000000000275c                USB_SetHandler
 .text.initiateReset
                0x0000000000002768       0x14 build-nano_33_iot/libcore.a(Reset.cpp.o)
                0x0000000000002768                initiateReset
 .text.cancelReset
                0x000000000000277c       0x10 build-nano_33_iot/libcore.a(Reset.cpp.o)
                0x000000000000277c                cancelReset
 .text.tickReset
                0x000000000000278c       0x78 build-nano_33_iot/libcore.a(Reset.cpp.o)
                0x000000000000278c                tickReset
 .text.startup.main
                0x0000000000002804       0x40 build-nano_33_iot/libcore.a(main.cpp.o)
                0x0000000000002804                main
 .text._ZN7arduino5Print5writeEPKhj
                0x0000000000002844       0x28 build-nano_33_iot/libcore.a(Print.cpp.o)
                0x0000000000002844                arduino::Print::write(unsigned char const*, unsigned int)
 .text._ZN7arduino5Print5writeEPKc.part.2
                0x000000000000286c       0x1a build-nano_33_iot/libcore.a(Print.cpp.o)
 .text._ZN7arduino5Print5writeEPKc
                0x0000000000002886       0x10 build-nano_33_iot/libcore.a(Print.cpp.o)
                0x0000000000002886                arduino::Print::write(char const*)
 .text._ZN7arduino5Print5printEPKc
                0x0000000000002896        0x8 build-nano_33_iot/libcore.a(Print.cpp.o)
                0x0000000000002896                arduino::Print::print(char const*)
 .text._ZN7arduino5Print5printEc
                0x000000000000289e        0xa build-nano_33_iot/libcore.a(Print.cpp.o)
                0x000000000000289e                arduino::Print::print(char)
 .text._ZN7arduino5Print7printlnEv
                0x00000000000028a8       0x10 build-nano_33_iot/libcore.a(Print.cpp.o)
                0x00000000000028a8                arduino::Print::println()
 .text._ZN7arduino5Print11printNumberEmh
                0x00000000000028b8       0x48 build-nano_33_iot/libcore.a(Print.cpp.o)
                0x00000000000028b8                arduino::Print::printNumber(unsigned long, unsigned char)
 .text._ZN7arduino5Print5printEli
                0x0000000000002900       0x3e build-nano_33_iot/libcore.a(Print.cpp.o)
                0x0000000000002900                arduino::Print::print(long, int)
 .text._ZN7arduino5Print5printEii
                0x000000000000293e        0x8 build-nano_33_iot/libcore.a(Print.cpp.o)
                0x000000000000293e                arduino::Print::print(int, int)
 .text._ZN7arduino5Print7printlnEii
                0x0000000000002946       0x14 build-nano_33_iot/libcore.a(Print.cpp.o)
                0x0000000000002946                arduino::Print::println(int, int)
 .text._ZN26DoubleBufferedEPOutHandlerD2Ev
                0x000000000000295a        0x2 build-nano_33_iot/libcore.a(USBCore.cpp.o)
                0x000000000000295a                DoubleBufferedEPOutHandler::~DoubleBufferedEPOutHandler()
                0x000000000000295a                DoubleBufferedEPOutHandler::~DoubleBufferedEPOutHandler()
 .text._ZN26DoubleBufferedEPOutHandlerD0Ev
                0x000000000000295c        0xe build-nano_33_iot/libcore.a(USBCore.cpp.o)
                0x000000000000295c                DoubleBufferedEPOutHandler::~DoubleBufferedEPOutHandler()
 *fill*         0x000000000000296a        0x2 
 .text._ZN14USBDeviceClass6initEPEmm.part.7
                0x000000000000296c       0xc4 build-nano_33_iot/libcore.a(USBCore.cpp.o)
 .text._ZN7__GuardC2Ev
                0x0000000000002a30        0xe build-nano_33_iot/libcore.a(USBCore.cpp.o)
                0x0000000000002a30                __Guard::__Guard()
                0x0000000000002a30                __Guard::__Guard()
 .text._ZN7__GuardD2Ev
                0x0000000000002a3e        0xe build-nano_33_iot/libcore.a(USBCore.cpp.o)
                0x0000000000002a3e                __Guard::~__Guard()
                0x0000000000002a3e                __Guard::~__Guard()
 .text._ZNK26DoubleBufferedEPOutHandler10_availableEv
                0x0000000000002a4c       0x70 build-nano_33_iot/libcore.a(USBCore.cpp.o)
                0x0000000000002a4c                DoubleBufferedEPOutHandler::_available() const
 .text._ZN26DoubleBufferedEPOutHandler7releaseEv
                0x0000000000002abc       0x38 build-nano_33_iot/libcore.a(USBCore.cpp.o)
                0x0000000000002abc                DoubleBufferedEPOutHandler::release()
 .text._ZN26DoubleBufferedEPOutHandler14handleEndpointEv
                0x0000000000002af4       0xe2 build-nano_33_iot/libcore.a(USBCore.cpp.o)
                0x0000000000002af4                DoubleBufferedEPOutHandler::handleEndpoint()
 .text._ZN14USBDeviceClass14SendInterfacesEPm
                0x0000000000002bd6       0x20 build-nano_33_iot/libcore.a(USBCore.cpp.o)
                0x0000000000002bd6                USBDeviceClass::SendInterfaces(unsigned long*)
 *fill*         0x0000000000002bf6        0x2 
 .text._ZN14USBDeviceClass6attachEv
                0x0000000000002bf8       0x34 build-nano_33_iot/libcore.a(USBCore.cpp.o)
                0x0000000000002bf8                USBDeviceClass::attach()
 .text._ZN14USBDeviceClass10setAddressEm
                0x0000000000002c2c       0x48 build-nano_33_iot/libcore.a(USBCore.cpp.o)
                0x0000000000002c2c                USBDeviceClass::setAddress(unsigned long)
 .text._ZN14USBDeviceClass25handleClassInterfaceSetupERN7arduino8USBSetupE
                0x0000000000002c74       0x24 build-nano_33_iot/libcore.a(USBCore.cpp.o)
                0x0000000000002c74                USBDeviceClass::handleClassInterfaceSetup(arduino::USBSetup&)
 .text._ZN14USBDeviceClass6initEPEmm
                0x0000000000002c98      0x10c build-nano_33_iot/libcore.a(USBCore.cpp.o)
                0x0000000000002c98                USBDeviceClass::initEP(unsigned long, unsigned long)
 .text._ZN14USBDeviceClass13initEndpointsEv
                0x0000000000002da4       0x24 build-nano_33_iot/libcore.a(USBCore.cpp.o)
                0x0000000000002da4                USBDeviceClass::initEndpoints()
 .text._ZN14USBDeviceClass5clearEm
                0x0000000000002dc8       0x38 build-nano_33_iot/libcore.a(USBCore.cpp.o)
                0x0000000000002dc8                USBDeviceClass::clear(unsigned long)
 .text._ZN14USBDeviceClass9availableEm
                0x0000000000002e00       0x2c build-nano_33_iot/libcore.a(USBCore.cpp.o)
                0x0000000000002e00                USBDeviceClass::available(unsigned long)
 .text._ZN14USBDeviceClass5flushEm
                0x0000000000002e2c       0x2c build-nano_33_iot/libcore.a(USBCore.cpp.o)
                0x0000000000002e2c                USBDeviceClass::flush(unsigned long)
 .text._ZN14USBDeviceClass4recvEmPvm
                0x0000000000002e58       0xc0 build-nano_33_iot/libcore.a(USBCore.cpp.o)
                0x0000000000002e58                USBDeviceClass::recv(unsigned long, void*, unsigned long)
 .text._ZN14USBDeviceClass4recvEm
                0x0000000000002f18       0x1c build-nano_33_iot/libcore.a(USBCore.cpp.o)
                0x0000000000002f18                USBDeviceClass::recv(unsigned long)
 .text._ZN14USBDeviceClass14armRecvCtrlOUTEm
                0x0000000000002f34       0x5c build-nano_33_iot/libcore.a(USBCore.cpp.o)
                0x0000000000002f34                USBDeviceClass::armRecvCtrlOUT(unsigned long)
 .text._ZN14USBDeviceClass11recvControlEPvm
                0x0000000000002f90       0x28 build-nano_33_iot/libcore.a(USBCore.cpp.o)
                0x0000000000002f90                USBDeviceClass::recvControl(void*, unsigned long)
 .text._ZN14USBDeviceClass4sendEmPKvm
                0x0000000000002fb8      0x10c build-nano_33_iot/libcore.a(USBCore.cpp.o)
                0x0000000000002fb8                USBDeviceClass::send(unsigned long, void const*, unsigned long)
 .text._ZN14USBDeviceClass7armSendEmPKvm
                0x00000000000030c4       0x48 build-nano_33_iot/libcore.a(USBCore.cpp.o)
                0x00000000000030c4                USBDeviceClass::armSend(unsigned long, void const*, unsigned long)
 .text._ZN14USBDeviceClass11sendControlEPKvm
                0x000000000000310c       0x54 build-nano_33_iot/libcore.a(USBCore.cpp.o)
                0x000000000000310c                USBDeviceClass::sendControl(void const*, unsigned long)
 .text._ZN14USBDeviceClass20sendStringDescriptorEPKhm
                0x0000000000003160       0x64 build-nano_33_iot/libcore.a(USBCore.cpp.o)
                0x0000000000003160                USBDeviceClass::sendStringDescriptor(unsigned char const*, unsigned long)
 .text._ZN14USBDeviceClass17sendConfigurationEm
                0x00000000000031c4       0x80 build-nano_33_iot/libcore.a(USBCore.cpp.o)
                0x00000000000031c4                USBDeviceClass::sendConfiguration(unsigned long)
 .text._ZN14USBDeviceClass14sendDescriptorERN7arduino8USBSetupE
                0x0000000000003244       0xd8 build-nano_33_iot/libcore.a(USBCore.cpp.o)
                0x0000000000003244                USBDeviceClass::sendDescriptor(arduino::USBSetup&)
 .text._ZN14USBDeviceClass7sendZlpEm
                0x000000000000331c       0x18 build-nano_33_iot/libcore.a(USBCore.cpp.o)
                0x000000000000331c                USBDeviceClass::sendZlp(unsigned long)
 .text._ZN14USBDeviceClass19handleStandardSetupERN7arduino8USBSetupE
                0x0000000000003334       0xf0 build-nano_33_iot/libcore.a(USBCore.cpp.o)
                0x0000000000003334                USBDeviceClass::handleStandardSetup(arduino::USBSetup&)
 .text._ZN14USBDeviceClass10ISRHandlerEv
                0x0000000000003424      0x108 build-nano_33_iot/libcore.a(USBCore.cpp.o)
                0x0000000000003424                USBDeviceClass::ISRHandler()
 .text.UDD_Handler
                0x000000000000352c       0x10 build-nano_33_iot/libcore.a(USBCore.cpp.o)
                0x000000000000352c                UDD_Handler
 .text._ZN7arduino13PluggableUSB_C2Ev
                0x000000000000353c       0x10 build-nano_33_iot/libcore.a(USBCore.cpp.o)
                0x000000000000353c                arduino::PluggableUSB_::PluggableUSB_()
                0x000000000000353c                arduino::PluggableUSB_::PluggableUSB_()
 .text._Z8epBufferj
                0x000000000000354c        0xc build-nano_33_iot/libcore.a(USBCore.cpp.o)
                0x000000000000354c                epBuffer(unsigned int)
 .text._ZN7arduino11RingBufferNILi64EE10store_charEh
                0x0000000000003558       0x1c build-nano_33_iot/libcore.a(USBCore.cpp.o)
                0x0000000000003558                arduino::RingBufferN<64>::store_char(unsigned char)
 .text._ZN26DoubleBufferedEPOutHandler5_recvEv
                0x0000000000003574      0x15e build-nano_33_iot/libcore.a(USBCore.cpp.o)
                0x0000000000003574                DoubleBufferedEPOutHandler::_recv()
 .text._ZN26DoubleBufferedEPOutHandler9availableEv
                0x00000000000036d2        0xc build-nano_33_iot/libcore.a(USBCore.cpp.o)
                0x00000000000036d2                DoubleBufferedEPOutHandler::available()
 .text._ZN26DoubleBufferedEPOutHandler4peekEv
                0x00000000000036de       0x1c build-nano_33_iot/libcore.a(USBCore.cpp.o)
                0x00000000000036de                DoubleBufferedEPOutHandler::peek()
 .text._ZN26DoubleBufferedEPOutHandler4recvEPvm
                0x00000000000036fa       0x60 build-nano_33_iot/libcore.a(USBCore.cpp.o)
                0x00000000000036fa                DoubleBufferedEPOutHandler::recv(void*, unsigned long)
 *fill*         0x000000000000375a        0x2 
 .text.startup._GLOBAL__sub_I_usbd
                0x000000000000375c       0x10 build-nano_33_iot/libcore.a(USBCore.cpp.o)
 .text._ZN14USBDeviceClass4initEv
                0x000000000000376c      0x15c build-nano_33_iot/libcore.a(USBCore.cpp.o)
                0x000000000000376c                USBDeviceClass::init()
 .text._ZN7Serial_13getDescriptorERN7arduino8USBSetupE
                0x00000000000038c8        0x4 build-nano_33_iot/libcore.a(CDC.cpp.o)
                0x00000000000038c8                Serial_::getDescriptor(arduino::USBSetup&)
 .text._ZL5utox8mPc
                0x00000000000038cc       0x24 build-nano_33_iot/libcore.a(CDC.cpp.o)
 .text._ZN7Serial_12getShortNameEPc
                0x00000000000038f0       0x44 build-nano_33_iot/libcore.a(CDC.cpp.o)
                0x00000000000038f0                Serial_::getShortName(char*)
 .text._ZThn16_N7Serial_12getShortNameEPc
                0x0000000000003934       0x10 build-nano_33_iot/libcore.a(CDC.cpp.o)
                0x0000000000003934                non-virtual thunk to Serial_::getShortName(char*)
 .text._ZN7Serial_5beginEm
                0x0000000000003944        0x2 build-nano_33_iot/libcore.a(CDC.cpp.o)
                0x0000000000003944                Serial_::begin(unsigned long)
 .text._ZN7Serial_5beginEmt
                0x0000000000003946        0x2 build-nano_33_iot/libcore.a(CDC.cpp.o)
                0x0000000000003946                Serial_::begin(unsigned long, unsigned short)
 .text._ZN7Serial_17availableForWriteEv
                0x0000000000003948        0x4 build-nano_33_iot/libcore.a(CDC.cpp.o)
                0x0000000000003948                Serial_::availableForWrite()
 .text._ZN7Serial_5writeEh
                0x000000000000394c       0x14 build-nano_33_iot/libcore.a(CDC.cpp.o)
                0x000000000000394c                Serial_::write(unsigned char)
 .text._ZN7Serial_12getInterfaceEPh
                0x0000000000003960      0x11c build-nano_33_iot/libcore.a(CDC.cpp.o)
                0x0000000000003960                Serial_::getInterface(unsigned char*)
 .text._ZThn16_N7Serial_12getInterfaceEPh
                0x0000000000003a7c       0x10 build-nano_33_iot/libcore.a(CDC.cpp.o)
                0x0000000000003a7c                non-virtual thunk to Serial_::getInterface(unsigned char*)
 .text._ZN7Serial_5setupERN7arduino8USBSetupE
                0x0000000000003a8c       0x98 build-nano_33_iot/libcore.a(CDC.cpp.o)
                0x0000000000003a8c                Serial_::setup(arduino::USBSetup&)
 .text._ZThn16_N7Serial_5setupERN7arduino8USBSetupE
                0x0000000000003b24       0x10 build-nano_33_iot/libcore.a(CDC.cpp.o)
                0x0000000000003b24                non-virtual thunk to Serial_::setup(arduino::USBSetup&)
 .text._ZN7Serial_3endEv
                0x0000000000003b34       0x14 build-nano_33_iot/libcore.a(CDC.cpp.o)
                0x0000000000003b34                Serial_::end()
 .text._ZN7Serial_9availableEv
                0x0000000000003b48       0x20 build-nano_33_iot/libcore.a(CDC.cpp.o)
                0x0000000000003b48                Serial_::available()
 .text._ZN7Serial_5flushEv
                0x0000000000003b68        0xe build-nano_33_iot/libcore.a(CDC.cpp.o)
                0x0000000000003b68                Serial_::flush()
 .text._ZN7Serial_5clearEv
                0x0000000000003b76        0xe build-nano_33_iot/libcore.a(CDC.cpp.o)
                0x0000000000003b76                Serial_::clear()
 .text._ZN7Serial_5writeEPKhj
                0x0000000000003b84       0x1e build-nano_33_iot/libcore.a(CDC.cpp.o)
                0x0000000000003b84                Serial_::write(unsigned char const*, unsigned int)
 *fill*         0x0000000000003ba2        0x2 
 .text._ZN7Serial_4peekEv
                0x0000000000003ba4       0x1c build-nano_33_iot/libcore.a(CDC.cpp.o)
                0x0000000000003ba4                Serial_::peek()
 .text._ZN7Serial_4readEv
                0x0000000000003bc0       0x24 build-nano_33_iot/libcore.a(CDC.cpp.o)
                0x0000000000003bc0                Serial_::read()
 .text._ZN7Serial_cvbEv
                0x0000000000003be4       0x28 build-nano_33_iot/libcore.a(CDC.cpp.o)
                0x0000000000003be4                Serial_::operator bool()
 .text._ZThn16_N7Serial_13getDescriptorERN7arduino8USBSetupE
                0x0000000000003c0c        0x4 build-nano_33_iot/libcore.a(CDC.cpp.o)
                0x0000000000003c0c                non-virtual thunk to Serial_::getDescriptor(arduino::USBSetup&)
 .text._ZN7Serial_14handleEndpointEi
                0x0000000000003c10        0x2 build-nano_33_iot/libcore.a(CDC.cpp.o)
                0x0000000000003c10                Serial_::handleEndpoint(int)
 *fill*         0x0000000000003c12        0x2 
 .text._ZN7Serial_C2ER14USBDeviceClass
                0x0000000000003c14       0x50 build-nano_33_iot/libcore.a(CDC.cpp.o)
                0x0000000000003c14                Serial_::Serial_(USBDeviceClass&)
                0x0000000000003c14                Serial_::Serial_(USBDeviceClass&)
 .text._ZN7Serial_15enableInterruptEv
                0x0000000000003c64       0x30 build-nano_33_iot/libcore.a(CDC.cpp.o)
                0x0000000000003c64                Serial_::enableInterrupt()
 .text.startup._GLOBAL__sub_I__ZN7Serial_12getInterfaceEPh
                0x0000000000003c94       0x14 build-nano_33_iot/libcore.a(CDC.cpp.o)
 .text.initVariant
                0x0000000000003ca8       0x24 build-nano_33_iot/libcore.a(variant.cpp.o)
                0x0000000000003ca8                initVariant
 .text.SERCOM5_Handler
                0x0000000000003ccc       0x10 build-nano_33_iot/libcore.a(variant.cpp.o)
                0x0000000000003ccc                SERCOM5_Handler
 .text.SERCOM3_Handler
                0x0000000000003cdc       0x10 build-nano_33_iot/libcore.a(variant.cpp.o)
                0x0000000000003cdc                SERCOM3_Handler
 .text.SERCOM2_Handler
                0x0000000000003cec       0x10 build-nano_33_iot/libcore.a(variant.cpp.o)
                0x0000000000003cec                SERCOM2_Handler
 .text.startup._GLOBAL__sub_I_g_APinDescription
                0x0000000000003cfc       0xbc build-nano_33_iot/libcore.a(variant.cpp.o)
 .text.init     0x0000000000003db8       0xf0 build-nano_33_iot/libcore.a(wiring.c.o)
                0x0000000000003db8                init
 .text.__empty  0x0000000000003ea8        0x2 build-nano_33_iot/libcore.a(hooks.c.o)
                0x0000000000003ea8                yield
 .text.__false  0x0000000000003eaa        0x4 build-nano_33_iot/libcore.a(hooks.c.o)
                0x0000000000003eaa                sysTickHook
 *fill*         0x0000000000003eae        0x2 
 .text.analogReference
                0x0000000000003eb0       0x64 build-nano_33_iot/libcore.a(wiring_analog.c.o)
                0x0000000000003eb0                analogReference
 .text.SystemInit
                0x0000000000003f14      0x194 build-nano_33_iot/libcore.a(startup.c.o)
                0x0000000000003f14                SystemInit
 .text._ZN6SERCOMC2EP6Sercom
                0x00000000000040a8        0x8 build-nano_33_iot/libcore.a(SERCOM.cpp.o)
                0x00000000000040a8                SERCOM::SERCOM(Sercom*)
                0x00000000000040a8                SERCOM::SERCOM(Sercom*)
 .text._ZN6SERCOM9initFrameE18SercomUartCharSize15SercomDataOrder16SercomParityMode19SercomNumberStopBit
                0x00000000000040b0       0x3a build-nano_33_iot/libcore.a(SERCOM.cpp.o)
                0x00000000000040b0                SERCOM::initFrame(SercomUartCharSize, SercomDataOrder, SercomParityMode, SercomNumberStopBit)
 .text._ZN6SERCOM8initPadsE15SercomUartTXPad11SercomRXPad
                0x00000000000040ea       0x26 build-nano_33_iot/libcore.a(SERCOM.cpp.o)
                0x00000000000040ea                SERCOM::initPads(SercomUartTXPad, SercomRXPad)
 .text._ZN6SERCOM9resetUARTEv
                0x0000000000004110       0x1a build-nano_33_iot/libcore.a(SERCOM.cpp.o)
                0x0000000000004110                SERCOM::resetUART()
 .text._ZN6SERCOM10enableUARTEv
                0x000000000000412a       0x14 build-nano_33_iot/libcore.a(SERCOM.cpp.o)
                0x000000000000412a                SERCOM::enableUART()
 .text._ZN6SERCOM9flushUARTEv
                0x000000000000413e       0x14 build-nano_33_iot/libcore.a(SERCOM.cpp.o)
                0x000000000000413e                SERCOM::flushUART()
 .text._ZN6SERCOM15clearStatusUARTEv
                0x0000000000004152        0x8 build-nano_33_iot/libcore.a(SERCOM.cpp.o)
                0x0000000000004152                SERCOM::clearStatusUART()
 .text._ZN6SERCOM17availableDataUARTEv
                0x000000000000415a        0xa build-nano_33_iot/libcore.a(SERCOM.cpp.o)
                0x000000000000415a                SERCOM::availableDataUART()
 .text._ZN6SERCOM11isUARTErrorEv
                0x0000000000004164        0x8 build-nano_33_iot/libcore.a(SERCOM.cpp.o)
                0x0000000000004164                SERCOM::isUARTError()
 .text._ZN6SERCOM20acknowledgeUARTErrorEv
                0x000000000000416c        0xe build-nano_33_iot/libcore.a(SERCOM.cpp.o)
                0x000000000000416c                SERCOM::acknowledgeUARTError()
 .text._ZN6SERCOM16isFrameErrorUARTEv
                0x000000000000417a        0xa build-nano_33_iot/libcore.a(SERCOM.cpp.o)
                0x000000000000417a                SERCOM::isFrameErrorUART()
 .text._ZN6SERCOM19clearFrameErrorUARTEv
                0x0000000000004184        0xc build-nano_33_iot/libcore.a(SERCOM.cpp.o)
                0x0000000000004184                SERCOM::clearFrameErrorUART()
 .text._ZN6SERCOM23isDataRegisterEmptyUARTEv
                0x0000000000004190        0xa build-nano_33_iot/libcore.a(SERCOM.cpp.o)
                0x0000000000004190                SERCOM::isDataRegisterEmptyUART()
 .text._ZN6SERCOM12readDataUARTEv
                0x000000000000419a        0x8 build-nano_33_iot/libcore.a(SERCOM.cpp.o)
                0x000000000000419a                SERCOM::readDataUART()
 .text._ZN6SERCOM13writeDataUARTEh
                0x00000000000041a2       0x14 build-nano_33_iot/libcore.a(SERCOM.cpp.o)
                0x00000000000041a2                SERCOM::writeDataUART(unsigned char)
 .text._ZN6SERCOM36enableDataRegisterEmptyInterruptUARTEv
                0x00000000000041b6        0x8 build-nano_33_iot/libcore.a(SERCOM.cpp.o)
                0x00000000000041b6                SERCOM::enableDataRegisterEmptyInterruptUART()
 .text._ZN6SERCOM37disableDataRegisterEmptyInterruptUARTEv
                0x00000000000041be        0x8 build-nano_33_iot/libcore.a(SERCOM.cpp.o)
                0x00000000000041be                SERCOM::disableDataRegisterEmptyInterruptUART()
 *fill*         0x00000000000041c6        0x2 
 .text._ZN6SERCOM13initClockNVICEv
                0x00000000000041c8       0xa8 build-nano_33_iot/libcore.a(SERCOM.cpp.o)
                0x00000000000041c8                SERCOM::initClockNVIC()
 .text._ZN6SERCOM8initUARTE14SercomUartMode20SercomUartSampleRatem
                0x0000000000004270       0x6c build-nano_33_iot/libcore.a(SERCOM.cpp.o)
                0x0000000000004270                SERCOM::initUART(SercomUartMode, SercomUartSampleRate, unsigned long)
 .text._Znwj    0x00000000000042dc        0x8 build-nano_33_iot/libcore.a(new.cpp.o)
                0x00000000000042dc                operator new(unsigned int)
 .text._ZdlPv   0x00000000000042e4        0x8 build-nano_33_iot/libcore.a(new.cpp.o)
                0x00000000000042e4                operator delete(void*)
 .text._ZN4UartcvbEv
                0x00000000000042ec        0x4 build-nano_33_iot/libcore.a(Uart.cpp.o)
                0x00000000000042ec                Uart::operator bool()
 .text._ZN4Uart5beginEm
                0x00000000000042f0       0x10 build-nano_33_iot/libcore.a(Uart.cpp.o)
                0x00000000000042f0                Uart::begin(unsigned long)
 .text._ZN4Uart9availableEv
                0x0000000000004300        0x6 build-nano_33_iot/libcore.a(Uart.cpp.o)
                0x0000000000004300                Uart::available()
 .text._ZN4Uart17availableForWriteEv
                0x0000000000004306       0x10 build-nano_33_iot/libcore.a(Uart.cpp.o)
                0x0000000000004306                Uart::availableForWrite()
 .text._ZN4Uart4peekEv
                0x0000000000004316       0x18 build-nano_33_iot/libcore.a(Uart.cpp.o)
                0x0000000000004316                Uart::peek()
 .text._ZN4Uart3endEv
                0x000000000000432e       0x24 build-nano_33_iot/libcore.a(Uart.cpp.o)
                0x000000000000432e                Uart::end()
 .text._ZN4Uart5flushEv
                0x0000000000004352       0x16 build-nano_33_iot/libcore.a(Uart.cpp.o)
                0x0000000000004352                Uart::flush()
 .text._ZN4Uart16extractNbStopBitEt
                0x0000000000004368        0xc build-nano_33_iot/libcore.a(Uart.cpp.o)
                0x0000000000004368                Uart::extractNbStopBit(unsigned short)
 .text._ZN4Uart15extractCharSizeEt
                0x0000000000004374       0x28 build-nano_33_iot/libcore.a(Uart.cpp.o)
                0x0000000000004374                Uart::extractCharSize(unsigned short)
 .text._ZN4Uart13extractParityEt
                0x000000000000439c       0x14 build-nano_33_iot/libcore.a(Uart.cpp.o)
                0x000000000000439c                Uart::extractParity(unsigned short)
 .text._ZN4Uart5beginEmt
                0x00000000000043b0       0xf8 build-nano_33_iot/libcore.a(Uart.cpp.o)
                0x00000000000043b0                Uart::begin(unsigned long, unsigned short)
 .text._ZN7arduino11RingBufferNILi256EEC2Ev
                0x00000000000044a8       0x1e build-nano_33_iot/libcore.a(Uart.cpp.o)
                0x00000000000044a8                arduino::RingBufferN<256>::RingBufferN()
                0x00000000000044a8                arduino::RingBufferN<256>::RingBufferN()
 *fill*         0x00000000000044c6        0x2 
 .text._ZN4UartC2EP6SERCOMhh11SercomRXPad15SercomUartTXPadhh
                0x00000000000044c8       0x88 build-nano_33_iot/libcore.a(Uart.cpp.o)
                0x00000000000044c8                Uart::Uart(SERCOM*, unsigned char, unsigned char, SercomRXPad, SercomUartTXPad, unsigned char, unsigned char)
                0x00000000000044c8                Uart::Uart(SERCOM*, unsigned char, unsigned char, SercomRXPad, SercomUartTXPad, unsigned char, unsigned char)
 .text._ZN4UartC2EP6SERCOMhh11SercomRXPad15SercomUartTXPad
                0x0000000000004550       0x74 build-nano_33_iot/libcore.a(Uart.cpp.o)
                0x0000000000004550                Uart::Uart(SERCOM*, unsigned char, unsigned char, SercomRXPad, SercomUartTXPad)
                0x0000000000004550                Uart::Uart(SERCOM*, unsigned char, unsigned char, SercomRXPad, SercomUartTXPad)
 .text._ZN7arduino15SafeRingBufferNILi256EE10store_charEh
                0x00000000000045c4       0x4a build-nano_33_iot/libcore.a(Uart.cpp.o)
                0x00000000000045c4                arduino::SafeRingBufferN<256>::store_char(unsigned char)
 .text._ZN7arduino15SafeRingBufferNILi256EE9read_charEv
                0x000000000000460e       0x50 build-nano_33_iot/libcore.a(Uart.cpp.o)
                0x000000000000460e                arduino::SafeRingBufferN<256>::read_char()
 .text._ZN4Uart10IrqHandlerEv
                0x000000000000465e       0xa4 build-nano_33_iot/libcore.a(Uart.cpp.o)
                0x000000000000465e                Uart::IrqHandler()
 *fill*         0x0000000000004702        0x2 
 .text._ZN4Uart5writeEh
                0x0000000000004704       0x9c build-nano_33_iot/libcore.a(Uart.cpp.o)
                0x0000000000004704                Uart::write(unsigned char)
 .text._ZN4Uart4readEv
                0x00000000000047a0       0x34 build-nano_33_iot/libcore.a(Uart.cpp.o)
                0x00000000000047a0                Uart::read()
 .text._ZN7arduino13PluggableUSB_12getInterfaceEPh
                0x00000000000047d4       0x28 build-nano_33_iot/libcore.a(PluggableUSB.cpp.o)
                0x00000000000047d4                arduino::PluggableUSB_::getInterface(unsigned char*)
 .text._ZN7arduino13PluggableUSB_13getDescriptorERNS_8USBSetupE
                0x00000000000047fc       0x20 build-nano_33_iot/libcore.a(PluggableUSB.cpp.o)
                0x00000000000047fc                arduino::PluggableUSB_::getDescriptor(arduino::USBSetup&)
 .text._ZN7arduino13PluggableUSB_12getShortNameEPc
                0x000000000000481c       0x1e build-nano_33_iot/libcore.a(PluggableUSB.cpp.o)
                0x000000000000481c                arduino::PluggableUSB_::getShortName(char*)
 .text._ZN7arduino13PluggableUSB_5setupERNS_8USBSetupE
                0x000000000000483a       0x20 build-nano_33_iot/libcore.a(PluggableUSB.cpp.o)
                0x000000000000483a                arduino::PluggableUSB_::setup(arduino::USBSetup&)
 .text._ZN7arduino13PluggableUSB_4plugEPNS_18PluggableUSBModuleE
                0x000000000000485a       0x5c build-nano_33_iot/libcore.a(PluggableUSB.cpp.o)
                0x000000000000485a                arduino::PluggableUSB_::plug(arduino::PluggableUSBModule*)
 *fill*         0x00000000000048b6        0x2 
 .text._Z12PluggableUSBv
                0x00000000000048b8       0x24 build-nano_33_iot/libcore.a(PluggableUSB.cpp.o)
                0x00000000000048b8                PluggableUSB()
 .text._ZdlPvj  0x00000000000048dc        0x8 /home/zisheng/.arduino15/packages/arduino/tools/arm-none-eabi-gcc/7-2017q4/bin/../lib/gcc/arm-none-eabi/7.2.1/../../../../arm-none-eabi/lib/thumb/v6-m/libstdc++_nano.a(del_ops.o)
                0x00000000000048dc                operator delete(void*, unsigned int)
 .text          0x00000000000048e4       0x14 /home/zisheng/.arduino15/packages/arduino/tools/arm-none-eabi-gcc/7-2017q4/bin/../lib/gcc/arm-none-eabi/7.2.1/thumb/v6-m/libgcc.a(_thumb1_case_uqi.o)
                0x00000000000048e4                __gnu_thumb1_case_uqi
 .text          0x00000000000048f8      0x114 /home/zisheng/.arduino15/packages/arduino/tools/arm-none-eabi-gcc/7-2017q4/bin/../lib/gcc/arm-none-eabi/7.2.1/thumb/v6-m/libgcc.a(_udivsi3.o)
                0x00000000000048f8                __udivsi3
                0x00000000000048f8                __aeabi_uidiv
                0x0000000000004a04                __aeabi_uidivmod
 .text          0x0000000000004a0c        0x4 /home/zisheng/.arduino15/packages/arduino/tools/arm-none-eabi-gcc/7-2017q4/bin/../lib/gcc/arm-none-eabi/7.2.1/thumb/v6-m/libgcc.a(_dvmd_tls.o)
                0x0000000000004a0c                __aeabi_ldiv0
                0x0000000000004a0c                __aeabi_idiv0
 .text.__libc_init_array
                0x0000000000004a10       0x48 /home/zisheng/.arduino15/packages/arduino/tools/arm-none-eabi-gcc/7-2017q4/bin/../lib/gcc/arm-none-eabi/7.2.1/../../../../arm-none-eabi/lib/thumb/v6-m/libc_nano.a(lib_a-init.o)
                0x0000000000004a10                __libc_init_array
 .text.malloc   0x0000000000004a58       0x14 /home/zisheng/.arduino15/packages/arduino/tools/arm-none-eabi-gcc/7-2017q4/bin/../lib/gcc/arm-none-eabi/7.2.1/../../../../arm-none-eabi/lib/thumb/v6-m/libc_nano.a(lib_a-malloc.o)
                0x0000000000004a58                malloc
 .text.free     0x0000000000004a6c       0x14 /home/zisheng/.arduino15/packages/arduino/tools/arm-none-eabi-gcc/7-2017q4/bin/../lib/gcc/arm-none-eabi/7.2.1/../../../../arm-none-eabi/lib/thumb/v6-m/libc_nano.a(lib_a-malloc.o)
                0x0000000000004a6c                free
 .text.memcpy   0x0000000000004a80       0x12 /home/zisheng/.arduino15/packages/arduino/tools/arm-none-eabi-gcc/7-2017q4/bin/../lib/gcc/arm-none-eabi/7.2.1/../../../../arm-none-eabi/lib/thumb/v6-m/libc_nano.a(lib_a-memcpy-stub.o)
                0x0000000000004a80                memcpy
 .text.memset   0x0000000000004a92       0x10 /home/zisheng/.arduino15/packages/arduino/tools/arm-none-eabi-gcc/7-2017q4/bin/../lib/gcc/arm-none-eabi/7.2.1/../../../../arm-none-eabi/lib/thumb/v6-m/libc_nano.a(lib_a-memset.o)
                0x0000000000004a92                memset
 *fill*         0x0000000000004aa2        0x2 
 .text._free_r  0x0000000000004aa4       0x94 /home/zisheng/.arduino15/packages/arduino/tools/arm-none-eabi-gcc/7-2017q4/bin/../lib/gcc/arm-none-eabi/7.2.1/../../../../arm-none-eabi/lib/thumb/v6-m/libc_nano.a(lib_a-nano-freer.o)
                0x0000000000004aa4                _free_r
 .text._malloc_r
                0x0000000000004b38       0xbc /home/zisheng/.arduino15/packages/arduino/tools/arm-none-eabi-gcc/7-2017q4/bin/../lib/gcc/arm-none-eabi/7.2.1/../../../../arm-none-eabi/lib/thumb/v6-m/libc_nano.a(lib_a-nano-mallocr.o)
                0x0000000000004b38                _malloc_r
 .text._sbrk_r  0x0000000000004bf4       0x24 /home/zisheng/.arduino15/packages/arduino/tools/arm-none-eabi-gcc/7-2017q4/bin/../lib/gcc/arm-none-eabi/7.2.1/../../../../arm-none-eabi/lib/thumb/v6-m/libc_nano.a(lib_a-sbrkr.o)
                0x0000000000004bf4                _sbrk_r
 .text          0x0000000000004c18        0xe /home/zisheng/.arduino15/packages/arduino/tools/arm-none-eabi-gcc/7-2017q4/bin/../lib/gcc/arm-none-eabi/7.2.1/../../../../arm-none-eabi/lib/thumb/v6-m/libc_nano.a(lib_a-strlen.o)
                0x0000000000004c18                strlen
 .text.__malloc_lock
                0x0000000000004c26        0x2 /home/zisheng/.arduino15/packages/arduino/tools/arm-none-eabi-gcc/7-2017q4/bin/../lib/gcc/arm-none-eabi/7.2.1/../../../../arm-none-eabi/lib/thumb/v6-m/libc_nano.a(lib_a-mlock.o)
                0x0000000000004c26                __malloc_lock
 .text.__malloc_unlock
                0x0000000000004c28        0x2 /home/zisheng/.arduino15/packages/arduino/tools/arm-none-eabi-gcc/7-2017q4/bin/../lib/gcc/arm-none-eabi/7.2.1/../../../../arm-none-eabi/lib/thumb/v6-m/libc_nano.a(lib_a-mlock.o)
                0x0000000000004c28                __malloc_unlock
 *fill*         0x0000000000004c2a        0x2 
 .text._sbrk    0x0000000000004c2c       0x1c /home/zisheng/.arduino15/packages/arduino/tools/arm-none-eabi-gcc/7-2017q4/bin/../lib/gcc/arm-none-eabi/7.2.1/../../../../arm-none-eabi/lib/thumb/v6-m/libnosys.a(sbrk.o)
                0x0000000000004c2c                _sbrk
 *(.init)
 .init          0x0000000000004c48        0x4 /home/zisheng/.arduino15/packages/arduino/tools/arm-none-eabi-gcc/7-2017q4/bin/../lib/gcc/arm-none-eabi/7.2.1/thumb/v6-m/crti.o
                0x0000000000004c48                _init
 .init          0x0000000000004c4c        0x8 /home/zisheng/.arduino15/packages/arduino/tools/arm-none-eabi-gcc/7-2017q4/bin/../lib/gcc/arm-none-eabi/7.2.1/thumb/v6-m/crtn.o
 *(.fini)
 .fini          0x0000000000004c54        0x4 /home/zisheng/.arduino15/packages/arduino/tools/arm-none-eabi-gcc/7-2017q4/bin/../lib/gcc/arm-none-eabi/7.2.1/thumb/v6-m/crti.o
                0x0000000000004c54                _fini
 .fini          0x0000000000004c58        0x8 /home/zisheng/.arduino15/packages/arduino/tools/arm-none-eabi-gcc/7-2017q4/bin/../lib/gcc/arm-none-eabi/7.2.1/thumb/v6-m/crtn.o
 *crtbegin.o(.ctors)
 *crtbegin?.o(.ctors)
 *(EXCLUDE_FILE(*crtend.o *crtend?.o) .ctors)
 *(SORT_BY_NAME(.ctors.*))
 *(.ctors)
 *crtbegin.o(.dtors)
 *crtbegin?.o(.dtors)
 *(EXCLUDE_FILE(*crtend.o *crtend?.o) .dtors)
 *(SORT_BY_NAME(.dtors.*))
 *(.dtors)
 *(.rodata*)
 .rodata.loop.str1.1
                0x0000000000004c60        0x2 build-nano_33_iot/test.ino.o
 .rodata._ZN7arduino5Print7printlnEv.str1.1
                0x0000000000004c62        0x3 build-nano_33_iot/libcore.a(Print.cpp.o)
 *fill*         0x0000000000004c65        0x3 
 .rodata._ZTV26DoubleBufferedEPOutHandler
                0x0000000000004c68       0x24 build-nano_33_iot/libcore.a(USBCore.cpp.o)
                0x0000000000004c68                vtable for DoubleBufferedEPOutHandler
 .rodata._ZL14STRING_PRODUCT
                0x0000000000004c8c       0x14 build-nano_33_iot/libcore.a(USBCore.cpp.o)
 .rodata._ZL15STRING_LANGUAGE
                0x0000000000004ca0        0x4 build-nano_33_iot/libcore.a(USBCore.cpp.o)
 .rodata._ZL19STRING_MANUFACTURER
                0x0000000000004ca4        0xc build-nano_33_iot/libcore.a(USBCore.cpp.o)
 .rodata._ZL21USB_DeviceDescriptorB
                0x0000000000004cb0       0x12 build-nano_33_iot/libcore.a(USBCore.cpp.o)
 *fill*         0x0000000000004cc2        0x2 
 .rodata._ZTV7Serial_
                0x0000000000004cc4       0x60 build-nano_33_iot/libcore.a(CDC.cpp.o)
                0x0000000000004cc4                vtable for Serial_
 .rodata.g_APinDescription
                0x0000000000004d24      0x318 build-nano_33_iot/libcore.a(variant.cpp.o)
                0x0000000000004d24                g_APinDescription
 .rodata._ZTV4Uart
                0x000000000000503c       0x34 build-nano_33_iot/libcore.a(Uart.cpp.o)
                0x000000000000503c                vtable for Uart
 *(.eh_frame*)
 .eh_frame      0x0000000000005070        0x0 /home/zisheng/.arduino15/packages/arduino/tools/arm-none-eabi-gcc/7-2017q4/bin/../lib/gcc/arm-none-eabi/7.2.1/thumb/v6-m/crtbegin.o
 .eh_frame      0x0000000000005070        0x4 /home/zisheng/.arduino15/packages/arduino/tools/arm-none-eabi-gcc/7-2017q4/bin/../lib/gcc/arm-none-eabi/7.2.1/thumb/v6-m/crtend.o

.glue_7         0x0000000000005074        0x0
 .glue_7        0x0000000000005074        0x0 linker stubs

.glue_7t        0x0000000000005074        0x0
 .glue_7t       0x0000000000005074        0x0 linker stubs

.vfp11_veneer   0x0000000000005074        0x0
 .vfp11_veneer  0x0000000000005074        0x0 linker stubs

.v4_bx          0x0000000000005074        0x0
 .v4_bx         0x0000000000005074        0x0 linker stubs

.iplt           0x0000000000005074        0x0
 .iplt          0x0000000000005074        0x0 /home/zisheng/.arduino15/packages/arduino/tools/arm-none-eabi-gcc/7-2017q4/bin/../lib/gcc/arm-none-eabi/7.2.1/thumb/v6-m/crtbegin.o

.rel.dyn        0x0000000000005074        0x0
 .rel.iplt      0x0000000000005074        0x0 /home/zisheng/.arduino15/packages/arduino/tools/arm-none-eabi-gcc/7-2017q4/bin/../lib/gcc/arm-none-eabi/7.2.1/thumb/v6-m/crtbegin.o

.ARM.extab
 *(.ARM.extab* .gnu.linkonce.armextab.*)
                0x0000000000005074                __exidx_start = .

.ARM.exidx
 *(.ARM.exidx* .gnu.linkonce.armexidx.*)
                0x0000000000005074                __exidx_end = .
                0x0000000000005074                __etext = .

.data           0x0000000020000000       0x94 load address 0x0000000000005074
                0x0000000020000000                __data_start__ = .
 *(vtable)
 *(.data*)
 .data.interval
                0x0000000020000000        0x4 build-nano_33_iot/test.ino.o
                0x0000000020000000                interval
 .data._ZL5ticks
                0x0000000020000004        0x4 build-nano_33_iot/libcore.a(Reset.cpp.o)
 .data._ZL10breakValue
                0x0000000020000008        0x4 build-nano_33_iot/libcore.a(CDC.cpp.o)
 .data._ZL12_usbLineInfo
                0x000000002000000c        0x8 build-nano_33_iot/libcore.a(CDC.cpp.o)
 .data._serialPeek
                0x0000000020000014        0x4 build-nano_33_iot/libcore.a(CDC.cpp.o)
                0x0000000020000014                _serialPeek
 .data.SystemCoreClock
                0x0000000020000018        0x4 build-nano_33_iot/libcore.a(wiring.c.o)
                0x0000000020000018                SystemCoreClock
 .data._impure_ptr
                0x000000002000001c        0x4 /home/zisheng/.arduino15/packages/arduino/tools/arm-none-eabi-gcc/7-2017q4/bin/../lib/gcc/arm-none-eabi/7.2.1/../../../../arm-none-eabi/lib/thumb/v6-m/libc_nano.a(lib_a-impure.o)
                0x000000002000001c                _impure_ptr
 .data.impure_data
                0x0000000020000020       0x60 /home/zisheng/.arduino15/packages/arduino/tools/arm-none-eabi-gcc/7-2017q4/bin/../lib/gcc/arm-none-eabi/7.2.1/../../../../arm-none-eabi/lib/thumb/v6-m/libc_nano.a(lib_a-impure.o)
                0x0000000020000080                . = ALIGN (0x4)
                0x0000000020000080                PROVIDE (__preinit_array_start, .)
 *(.preinit_array)
                0x0000000020000080                PROVIDE (__preinit_array_end, .)
                0x0000000020000080                . = ALIGN (0x4)
                0x0000000020000080                PROVIDE (__init_array_start, .)
 *(SORT_BY_NAME(.init_array.*))
 *(.init_array)
 .init_array    0x0000000020000080        0x4 /home/zisheng/.arduino15/packages/arduino/tools/arm-none-eabi-gcc/7-2017q4/bin/../lib/gcc/arm-none-eabi/7.2.1/thumb/v6-m/crtbegin.o
 .init_array    0x0000000020000084        0x4 build-nano_33_iot/libcore.a(USBCore.cpp.o)
 .init_array    0x0000000020000088        0x4 build-nano_33_iot/libcore.a(CDC.cpp.o)
 .init_array    0x000000002000008c        0x4 build-nano_33_iot/libcore.a(variant.cpp.o)
                0x0000000020000090                PROVIDE (__init_array_end, .)
                0x0000000020000090                . = ALIGN (0x4)
                [!provide]                        PROVIDE (__fini_array_start, .)
 *(SORT_BY_NAME(.fini_array.*))
 *(.fini_array)
 .fini_array    0x0000000020000090        0x4 /home/zisheng/.arduino15/packages/arduino/tools/arm-none-eabi-gcc/7-2017q4/bin/../lib/gcc/arm-none-eabi/7.2.1/thumb/v6-m/crtbegin.o
                [!provide]                        PROVIDE (__fini_array_end, .)
 *(.jcr*)
                0x0000000020000094                . = ALIGN (0x4)
                0x0000000020000094                __data_end__ = .

.igot.plt       0x0000000020000094        0x0 load address 0x0000000000005108
 .igot.plt      0x0000000020000094        0x0 /home/zisheng/.arduino15/packages/arduino/tools/arm-none-eabi-gcc/7-2017q4/bin/../lib/gcc/arm-none-eabi/7.2.1/thumb/v6-m/crtbegin.o

.bss            0x0000000020000094      0xe0c load address 0x0000000000005108
                0x0000000020000094                . = ALIGN (0x4)
                0x0000000020000094                __bss_start__ = .
 *(.bss*)
 .bss           0x0000000020000094       0x1c /home/zisheng/.arduino15/packages/arduino/tools/arm-none-eabi-gcc/7-2017q4/bin/../lib/gcc/arm-none-eabi/7.2.1/thumb/v6-m/crtbegin.o
 .bss.pos       0x00000000200000b0       0x10 build-nano_33_iot/test.ino.o
                0x00000000200000b0                pos
 .bss.posi      0x00000000200000c0       0x10 build-nano_33_iot/test.ino.o
                0x00000000200000c0                posi
 .bss.previousMillis
                0x00000000200000d0        0x4 build-nano_33_iot/test.ino.o
                0x00000000200000d0                previousMillis
 .bss.ISRcallback
                0x00000000200000d4       0x44 build-nano_33_iot/libcore.a(WInterrupts.c.o)
 .bss.ISRlist   0x0000000020000118       0x44 build-nano_33_iot/libcore.a(WInterrupts.c.o)
 .bss.enabled.13006
                0x000000002000015c        0x4 build-nano_33_iot/libcore.a(WInterrupts.c.o)
 .bss.nints     0x0000000020000160        0x4 build-nano_33_iot/libcore.a(WInterrupts.c.o)
 .bss._ulTickCount
                0x0000000020000164        0x4 build-nano_33_iot/libcore.a(delay.c.o)
 .bss.usb_isr   0x0000000020000168        0x4 build-nano_33_iot/libcore.a(cortex_handlers.c.o)
 .bss.EndPoints
                0x000000002000016c       0x28 build-nano_33_iot/libcore.a(USBCore.cpp.o)
                0x000000002000016c                EndPoints
 .bss.USBDevice
                0x0000000020000194        0x1 build-nano_33_iot/libcore.a(USBCore.cpp.o)
                0x0000000020000194                USBDevice
 *fill*         0x0000000020000195        0x3 
 .bss._ZL10epHandlers
                0x0000000020000198       0x1c build-nano_33_iot/libcore.a(USBCore.cpp.o)
 .bss._ZL14isEndpointHalt
                0x00000000200001b4        0x1 build-nano_33_iot/libcore.a(USBCore.cpp.o)
 .bss._ZL20LastTransmitTimedOut
                0x00000000200001b5        0x7 build-nano_33_iot/libcore.a(USBCore.cpp.o)
 .bss._ZL21isRemoteWakeUpEnabled
                0x00000000200001bc        0x1 build-nano_33_iot/libcore.a(USBCore.cpp.o)
 *fill*         0x00000000200001bd        0x3 
 .bss._ZL22udd_ep_in_cache_buffer
                0x00000000200001c0      0x1c0 build-nano_33_iot/libcore.a(USBCore.cpp.o)
 .bss._ZL23udd_ep_out_cache_buffer
                0x0000000020000380      0x1c0 build-nano_33_iot/libcore.a(USBCore.cpp.o)
 .bss._dry_run  0x0000000020000540        0x1 build-nano_33_iot/libcore.a(USBCore.cpp.o)
                0x0000000020000540                _dry_run
 .bss._pack_buffer
                0x0000000020000541      0x100 build-nano_33_iot/libcore.a(USBCore.cpp.o)
                0x0000000020000541                _pack_buffer
 .bss._pack_message
                0x0000000020000641        0x1 build-nano_33_iot/libcore.a(USBCore.cpp.o)
                0x0000000020000641                _pack_message
 .bss._pack_size
                0x0000000020000642        0x2 build-nano_33_iot/libcore.a(USBCore.cpp.o)
                0x0000000020000642                _pack_size
 .bss._usbConfiguration
                0x0000000020000644        0x4 build-nano_33_iot/libcore.a(USBCore.cpp.o)
                0x0000000020000644                _usbConfiguration
 .bss._usbSetInterface
                0x0000000020000648        0x4 build-nano_33_iot/libcore.a(USBCore.cpp.o)
                0x0000000020000648                _usbSetInterface
 .bss.usbd      0x000000002000064c      0x104 build-nano_33_iot/libcore.a(USBCore.cpp.o)
                0x000000002000064c                usbd
 .bss.SerialUSB
                0x0000000020000750       0x34 build-nano_33_iot/libcore.a(CDC.cpp.o)
                0x0000000020000750                SerialUSB
 .bss.Serial1   0x0000000020000784      0x244 build-nano_33_iot/libcore.a(variant.cpp.o)
                0x0000000020000784                Serial1
 .bss.Serial2   0x00000000200009c8      0x244 build-nano_33_iot/libcore.a(variant.cpp.o)
                0x00000000200009c8                Serial2
 .bss.SerialHCI
                0x0000000020000c0c      0x244 build-nano_33_iot/libcore.a(variant.cpp.o)
                0x0000000020000c0c                SerialHCI
 .bss.sercom0   0x0000000020000e50        0x8 build-nano_33_iot/libcore.a(variant.cpp.o)
                0x0000000020000e50                sercom0
 .bss.sercom1   0x0000000020000e58        0x8 build-nano_33_iot/libcore.a(variant.cpp.o)
                0x0000000020000e58                sercom1
 .bss.sercom2   0x0000000020000e60        0x8 build-nano_33_iot/libcore.a(variant.cpp.o)
                0x0000000020000e60                sercom2
 .bss.sercom3   0x0000000020000e68        0x8 build-nano_33_iot/libcore.a(variant.cpp.o)
                0x0000000020000e68                sercom3
 .bss.sercom4   0x0000000020000e70        0x8 build-nano_33_iot/libcore.a(variant.cpp.o)
                0x0000000020000e70                sercom4
 .bss.sercom5   0x0000000020000e78        0x8 build-nano_33_iot/libcore.a(variant.cpp.o)
                0x0000000020000e78                sercom5
 .bss._ZGVZ12PluggableUSBvE3obj
                0x0000000020000e80        0x4 build-nano_33_iot/libcore.a(PluggableUSB.cpp.o)
 .bss._ZZ12PluggableUSBvE3obj
                0x0000000020000e84        0xc build-nano_33_iot/libcore.a(PluggableUSB.cpp.o)
 .bss.__malloc_free_list
                0x0000000020000e90        0x4 /home/zisheng/.arduino15/packages/arduino/tools/arm-none-eabi-gcc/7-2017q4/bin/../lib/gcc/arm-none-eabi/7.2.1/../../../../arm-none-eabi/lib/thumb/v6-m/libc_nano.a(lib_a-nano-mallocr.o)
                0x0000000020000e90                __malloc_free_list
 .bss.__malloc_sbrk_start
                0x0000000020000e94        0x4 /home/zisheng/.arduino15/packages/arduino/tools/arm-none-eabi-gcc/7-2017q4/bin/../lib/gcc/arm-none-eabi/7.2.1/../../../../arm-none-eabi/lib/thumb/v6-m/libc_nano.a(lib_a-nano-mallocr.o)
                0x0000000020000e94                __malloc_sbrk_start
 .bss.heap_end.4102
                0x0000000020000e98        0x4 /home/zisheng/.arduino15/packages/arduino/tools/arm-none-eabi-gcc/7-2017q4/bin/../lib/gcc/arm-none-eabi/7.2.1/../../../../arm-none-eabi/lib/thumb/v6-m/libnosys.a(sbrk.o)
 *(COMMON)
 COMMON         0x0000000020000e9c        0x4 /home/zisheng/.arduino15/packages/arduino/tools/arm-none-eabi-gcc/7-2017q4/bin/../lib/gcc/arm-none-eabi/7.2.1/../../../../arm-none-eabi/lib/thumb/v6-m/libc_nano.a(lib_a-reent.o)
                0x0000000020000e9c                errno
                0x0000000020000ea0                . = ALIGN (0x4)
                0x0000000020000ea0                __bss_end__ = .

.heap           0x0000000020000ea0        0x0
                0x0000000020000ea0                __end__ = .
                0x0000000020000ea0                PROVIDE (end, .)
 *(.heap*)
                0x0000000020000ea0                __HeapLimit = .

.stack_dummy    0x0000000020000ea0        0x0
 *(.stack*)
                0x0000000020008000                __StackTop = (ORIGIN (RAM) + LENGTH (RAM))
                0x0000000020008000                __StackLimit = (__StackTop - SIZEOF (.stack_dummy))
                0x0000000020008000                PROVIDE (__stack, __StackTop)
                0x0000000020007fff                __ram_end__ = ((ORIGIN (RAM) + LENGTH (RAM)) - 0x1)
                0x0000000000000001                ASSERT ((__StackLimit >= __HeapLimit), region RAM overflowed with stack)
OUTPUT(build-nano_33_iot/test.elf elf32-littlearm)

.ARM.attributes
                0x0000000000000000       0x28
 .ARM.attributes
                0x0000000000000000       0x1e /home/zisheng/.arduino15/packages/arduino/tools/arm-none-eabi-gcc/7-2017q4/bin/../lib/gcc/arm-none-eabi/7.2.1/thumb/v6-m/crti.o
 .ARM.attributes
                0x000000000000001e       0x2c /home/zisheng/.arduino15/packages/arduino/tools/arm-none-eabi-gcc/7-2017q4/bin/../lib/gcc/arm-none-eabi/7.2.1/thumb/v6-m/crtbegin.o
 .ARM.attributes
                0x000000000000004a       0x32 build-nano_33_iot/test.ino.o
 .ARM.attributes
                0x000000000000007c       0x32 build-nano_33_iot/libcore.a(WInterrupts.c.o)
 .ARM.attributes
                0x00000000000000ae       0x32 build-nano_33_iot/libcore.a(wiring_digital.c.o)
 .ARM.attributes
                0x00000000000000e0       0x32 build-nano_33_iot/libcore.a(wiring_private.c.o)
 .ARM.attributes
                0x0000000000000112       0x32 build-nano_33_iot/libcore.a(delay.c.o)
 .ARM.attributes
                0x0000000000000144       0x32 build-nano_33_iot/libcore.a(cortex_handlers.c.o)
 .ARM.attributes
                0x0000000000000176       0x32 build-nano_33_iot/libcore.a(Reset.cpp.o)
 .ARM.attributes
                0x00000000000001a8       0x32 build-nano_33_iot/libcore.a(main.cpp.o)
 .ARM.attributes
                0x00000000000001da       0x32 build-nano_33_iot/libcore.a(Print.cpp.o)
 .ARM.attributes
                0x000000000000020c       0x32 build-nano_33_iot/libcore.a(USBCore.cpp.o)
 .ARM.attributes
                0x000000000000023e       0x32 build-nano_33_iot/libcore.a(CDC.cpp.o)
 .ARM.attributes
                0x0000000000000270       0x32 build-nano_33_iot/libcore.a(variant.cpp.o)
 .ARM.attributes
                0x00000000000002a2       0x32 build-nano_33_iot/libcore.a(wiring.c.o)
 .ARM.attributes
                0x00000000000002d4       0x32 build-nano_33_iot/libcore.a(hooks.c.o)
 .ARM.attributes
                0x0000000000000306       0x32 build-nano_33_iot/libcore.a(wiring_analog.c.o)
 .ARM.attributes
                0x0000000000000338       0x32 build-nano_33_iot/libcore.a(startup.c.o)
 .ARM.attributes
                0x000000000000036a       0x32 build-nano_33_iot/libcore.a(SERCOM.cpp.o)
 .ARM.attributes
                0x000000000000039c       0x32 build-nano_33_iot/libcore.a(new.cpp.o)
 .ARM.attributes
                0x00000000000003ce       0x32 build-nano_33_iot/libcore.a(Uart.cpp.o)
 .ARM.attributes
                0x0000000000000400       0x32 build-nano_33_iot/libcore.a(PluggableUSB.cpp.o)
 .ARM.attributes
                0x0000000000000432       0x2c /home/zisheng/.arduino15/packages/arduino/tools/arm-none-eabi-gcc/7-2017q4/bin/../lib/gcc/arm-none-eabi/7.2.1/../../../../arm-none-eabi/lib/thumb/v6-m/libstdc++_nano.a(del_ops.o)
 .ARM.attributes
                0x000000000000045e       0x1e /home/zisheng/.arduino15/packages/arduino/tools/arm-none-eabi-gcc/7-2017q4/bin/../lib/gcc/arm-none-eabi/7.2.1/thumb/v6-m/libgcc.a(_thumb1_case_uqi.o)
 .ARM.attributes
                0x000000000000047c       0x1e /home/zisheng/.arduino15/packages/arduino/tools/arm-none-eabi-gcc/7-2017q4/bin/../lib/gcc/arm-none-eabi/7.2.1/thumb/v6-m/libgcc.a(_udivsi3.o)
 .ARM.attributes
                0x000000000000049a       0x1e /home/zisheng/.arduino15/packages/arduino/tools/arm-none-eabi-gcc/7-2017q4/bin/../lib/gcc/arm-none-eabi/7.2.1/thumb/v6-m/libgcc.a(_dvmd_tls.o)
 .ARM.attributes
                0x00000000000004b8       0x2c /home/zisheng/.arduino15/packages/arduino/tools/arm-none-eabi-gcc/7-2017q4/bin/../lib/gcc/arm-none-eabi/7.2.1/../../../../arm-none-eabi/lib/thumb/v6-m/libc_nano.a(lib_a-impure.o)
 .ARM.attributes
                0x00000000000004e4       0x2c /home/zisheng/.arduino15/packages/arduino/tools/arm-none-eabi-gcc/7-2017q4/bin/../lib/gcc/arm-none-eabi/7.2.1/../../../../arm-none-eabi/lib/thumb/v6-m/libc_nano.a(lib_a-init.o)
 .ARM.attributes
                0x0000000000000510       0x2c /home/zisheng/.arduino15/packages/arduino/tools/arm-none-eabi-gcc/7-2017q4/bin/../lib/gcc/arm-none-eabi/7.2.1/../../../../arm-none-eabi/lib/thumb/v6-m/libc_nano.a(lib_a-malloc.o)
 .ARM.attributes
                0x000000000000053c       0x2c /home/zisheng/.arduino15/packages/arduino/tools/arm-none-eabi-gcc/7-2017q4/bin/../lib/gcc/arm-none-eabi/7.2.1/../../../../arm-none-eabi/lib/thumb/v6-m/libc_nano.a(lib_a-memcpy-stub.o)
 .ARM.attributes
                0x0000000000000568       0x2c /home/zisheng/.arduino15/packages/arduino/tools/arm-none-eabi-gcc/7-2017q4/bin/../lib/gcc/arm-none-eabi/7.2.1/../../../../arm-none-eabi/lib/thumb/v6-m/libc_nano.a(lib_a-memset.o)
 .ARM.attributes
                0x0000000000000594       0x2c /home/zisheng/.arduino15/packages/arduino/tools/arm-none-eabi-gcc/7-2017q4/bin/../lib/gcc/arm-none-eabi/7.2.1/../../../../arm-none-eabi/lib/thumb/v6-m/libc_nano.a(lib_a-nano-freer.o)
 .ARM.attributes
                0x00000000000005c0       0x2c /home/zisheng/.arduino15/packages/arduino/tools/arm-none-eabi-gcc/7-2017q4/bin/../lib/gcc/arm-none-eabi/7.2.1/../../../../arm-none-eabi/lib/thumb/v6-m/libc_nano.a(lib_a-nano-mallocr.o)
 .ARM.attributes
                0x00000000000005ec       0x2c /home/zisheng/.arduino15/packages/arduino/tools/arm-none-eabi-gcc/7-2017q4/bin/../lib/gcc/arm-none-eabi/7.2.1/../../../../arm-none-eabi/lib/thumb/v6-m/libc_nano.a(lib_a-sbrkr.o)
 .ARM.attributes
                0x0000000000000618       0x1c /home/zisheng/.arduino15/packages/arduino/tools/arm-none-eabi-gcc/7-2017q4/bin/../lib/gcc/arm-none-eabi/7.2.1/../../../../arm-none-eabi/lib/thumb/v6-m/libc_nano.a(lib_a-strlen.o)
 .ARM.attributes
                0x0000000000000634       0x2c /home/zisheng/.arduino15/packages/arduino/tools/arm-none-eabi-gcc/7-2017q4/bin/../lib/gcc/arm-none-eabi/7.2.1/../../../../arm-none-eabi/lib/thumb/v6-m/libc_nano.a(lib_a-mlock.o)
 .ARM.attributes
                0x0000000000000660       0x2c /home/zisheng/.arduino15/packages/arduino/tools/arm-none-eabi-gcc/7-2017q4/bin/../lib/gcc/arm-none-eabi/7.2.1/../../../../arm-none-eabi/lib/thumb/v6-m/libc_nano.a(lib_a-reent.o)
 .ARM.attributes
                0x000000000000068c       0x2c /home/zisheng/.arduino15/packages/arduino/tools/arm-none-eabi-gcc/7-2017q4/bin/../lib/gcc/arm-none-eabi/7.2.1/../../../../arm-none-eabi/lib/thumb/v6-m/libnosys.a(sbrk.o)
 .ARM.attributes
                0x00000000000006b8       0x2c /home/zisheng/.arduino15/packages/arduino/tools/arm-none-eabi-gcc/7-2017q4/bin/../lib/gcc/arm-none-eabi/7.2.1/thumb/v6-m/crtend.o
 .ARM.attributes
                0x00000000000006e4       0x1e /home/zisheng/.arduino15/packages/arduino/tools/arm-none-eabi-gcc/7-2017q4/bin/../lib/gcc/arm-none-eabi/7.2.1/thumb/v6-m/crtn.o

.comment        0x0000000000000000       0x7e
 .comment       0x0000000000000000       0x7e build-nano_33_iot/test.ino.o
                                         0x7f (size before relaxing)
 .comment       0x000000000000007e       0x7f build-nano_33_iot/libcore.a(WInterrupts.c.o)
 .comment       0x000000000000007e       0x7f build-nano_33_iot/libcore.a(wiring_digital.c.o)
 .comment       0x000000000000007e       0x7f build-nano_33_iot/libcore.a(wiring_private.c.o)
 .comment       0x000000000000007e       0x7f build-nano_33_iot/libcore.a(delay.c.o)
 .comment       0x000000000000007e       0x7f build-nano_33_iot/libcore.a(cortex_handlers.c.o)
 .comment       0x000000000000007e       0x7f build-nano_33_iot/libcore.a(Reset.cpp.o)
 .comment       0x000000000000007e       0x7f build-nano_33_iot/libcore.a(main.cpp.o)
 .comment       0x000000000000007e       0x7f build-nano_33_iot/libcore.a(Print.cpp.o)
 .comment       0x000000000000007e       0x7f build-nano_33_iot/libcore.a(USBCore.cpp.o)
 .comment       0x000000000000007e       0x7f build-nano_33_iot/libcore.a(CDC.cpp.o)
 .comment       0x000000000000007e       0x7f build-nano_33_iot/libcore.a(variant.cpp.o)
 .comment       0x000000000000007e       0x7f build-nano_33_iot/libcore.a(wiring.c.o)
 .comment       0x000000000000007e       0x7f build-nano_33_iot/libcore.a(hooks.c.o)
 .comment       0x000000000000007e       0x7f build-nano_33_iot/libcore.a(wiring_analog.c.o)
 .comment       0x000000000000007e       0x7f build-nano_33_iot/libcore.a(startup.c.o)
 .comment       0x000000000000007e       0x7f build-nano_33_iot/libcore.a(SERCOM.cpp.o)
 .comment       0x000000000000007e       0x7f build-nano_33_iot/libcore.a(new.cpp.o)
 .comment       0x000000000000007e       0x7f build-nano_33_iot/libcore.a(Uart.cpp.o)
 .comment       0x000000000000007e       0x7f build-nano_33_iot/libcore.a(PluggableUSB.cpp.o)

.debug_frame    0x0000000000000000      0x218
 .debug_frame   0x0000000000000000       0x28 /home/zisheng/.arduino15/packages/arduino/tools/arm-none-eabi-gcc/7-2017q4/bin/../lib/gcc/arm-none-eabi/7.2.1/../../../../arm-none-eabi/lib/thumb/v6-m/libstdc++_nano.a(del_ops.o)
 .debug_frame   0x0000000000000028       0x20 /home/zisheng/.arduino15/packages/arduino/tools/arm-none-eabi-gcc/7-2017q4/bin/../lib/gcc/arm-none-eabi/7.2.1/thumb/v6-m/libgcc.a(_udivsi3.o)
 .debug_frame   0x0000000000000048       0x2c /home/zisheng/.arduino15/packages/arduino/tools/arm-none-eabi-gcc/7-2017q4/bin/../lib/gcc/arm-none-eabi/7.2.1/../../../../arm-none-eabi/lib/thumb/v6-m/libc_nano.a(lib_a-init.o)
 .debug_frame   0x0000000000000074       0x40 /home/zisheng/.arduino15/packages/arduino/tools/arm-none-eabi-gcc/7-2017q4/bin/../lib/gcc/arm-none-eabi/7.2.1/../../../../arm-none-eabi/lib/thumb/v6-m/libc_nano.a(lib_a-malloc.o)
 .debug_frame   0x00000000000000b4       0x28 /home/zisheng/.arduino15/packages/arduino/tools/arm-none-eabi-gcc/7-2017q4/bin/../lib/gcc/arm-none-eabi/7.2.1/../../../../arm-none-eabi/lib/thumb/v6-m/libc_nano.a(lib_a-memcpy-stub.o)
 .debug_frame   0x00000000000000dc       0x20 /home/zisheng/.arduino15/packages/arduino/tools/arm-none-eabi-gcc/7-2017q4/bin/../lib/gcc/arm-none-eabi/7.2.1/../../../../arm-none-eabi/lib/thumb/v6-m/libc_nano.a(lib_a-memset.o)
 .debug_frame   0x00000000000000fc       0x2c /home/zisheng/.arduino15/packages/arduino/tools/arm-none-eabi-gcc/7-2017q4/bin/../lib/gcc/arm-none-eabi/7.2.1/../../../../arm-none-eabi/lib/thumb/v6-m/libc_nano.a(lib_a-nano-freer.o)
 .debug_frame   0x0000000000000128       0x2c /home/zisheng/.arduino15/packages/arduino/tools/arm-none-eabi-gcc/7-2017q4/bin/../lib/gcc/arm-none-eabi/7.2.1/../../../../arm-none-eabi/lib/thumb/v6-m/libc_nano.a(lib_a-nano-mallocr.o)
 .debug_frame   0x0000000000000154       0x2c /home/zisheng/.arduino15/packages/arduino/tools/arm-none-eabi-gcc/7-2017q4/bin/../lib/gcc/arm-none-eabi/7.2.1/../../../../arm-none-eabi/lib/thumb/v6-m/libc_nano.a(lib_a-sbrkr.o)
 .debug_frame   0x0000000000000180       0x30 /home/zisheng/.arduino15/packages/arduino/tools/arm-none-eabi-gcc/7-2017q4/bin/../lib/gcc/arm-none-eabi/7.2.1/../../../../arm-none-eabi/lib/thumb/v6-m/libc_nano.a(lib_a-mlock.o)
 .debug_frame   0x00000000000001b0       0x48 /home/zisheng/.arduino15/packages/arduino/tools/arm-none-eabi-gcc/7-2017q4/bin/../lib/gcc/arm-none-eabi/7.2.1/../../../../arm-none-eabi/lib/thumb/v6-m/libc_nano.a(lib_a-reent.o)
 .debug_frame   0x00000000000001f8       0x20 /home/zisheng/.arduino15/packages/arduino/tools/arm-none-eabi-gcc/7-2017q4/bin/../lib/gcc/arm-none-eabi/7.2.1/../../../../arm-none-eabi/lib/thumb/v6-m/libnosys.a(sbrk.o)

Cross Reference Table

Symbol                                            File
AC_Handler                                        build-nano_33_iot/libcore.a(cortex_handlers.c.o)
ADC_Handler                                       build-nano_33_iot/libcore.a(cortex_handlers.c.o)
DAC_Handler                                       build-nano_33_iot/libcore.a(cortex_handlers.c.o)
DMAC_Handler                                      build-nano_33_iot/libcore.a(cortex_handlers.c.o)
DoubleBufferedEPOutHandler::_available() const    build-nano_33_iot/libcore.a(USBCore.cpp.o)
DoubleBufferedEPOutHandler::_recv()               build-nano_33_iot/libcore.a(USBCore.cpp.o)
DoubleBufferedEPOutHandler::available()           build-nano_33_iot/libcore.a(USBCore.cpp.o)
DoubleBufferedEPOutHandler::handleEndpoint()      build-nano_33_iot/libcore.a(USBCore.cpp.o)
DoubleBufferedEPOutHandler::peek()                build-nano_33_iot/libcore.a(USBCore.cpp.o)
DoubleBufferedEPOutHandler::recv(void*, unsigned long) build-nano_33_iot/libcore.a(USBCore.cpp.o)
DoubleBufferedEPOutHandler::release()             build-nano_33_iot/libcore.a(USBCore.cpp.o)
DoubleBufferedEPOutHandler::~DoubleBufferedEPOutHandler() build-nano_33_iot/libcore.a(USBCore.cpp.o)
DoubleBufferedEPOutHandler::~DoubleBufferedEPOutHandler() build-nano_33_iot/libcore.a(USBCore.cpp.o)
DoubleBufferedEPOutHandler::~DoubleBufferedEPOutHandler() build-nano_33_iot/libcore.a(USBCore.cpp.o)
Dummy_Handler                                     build-nano_33_iot/libcore.a(cortex_handlers.c.o)
EIC_Handler                                       build-nano_33_iot/libcore.a(WInterrupts.c.o)
EVSYS_Handler                                     build-nano_33_iot/libcore.a(cortex_handlers.c.o)
EndPoints                                         build-nano_33_iot/libcore.a(USBCore.cpp.o)
HardFault_Handler                                 build-nano_33_iot/libcore.a(cortex_handlers.c.o)
I2S_Handler                                       build-nano_33_iot/libcore.a(cortex_handlers.c.o)
NMI_Handler                                       build-nano_33_iot/libcore.a(cortex_handlers.c.o)
NVMCTRL_Handler                                   build-nano_33_iot/libcore.a(cortex_handlers.c.o)
PINCOUNT_fn                                       build-nano_33_iot/libcore.a(variant.cpp.o)
PM_Handler                                        build-nano_33_iot/libcore.a(cortex_handlers.c.o)
PTC_Handler                                       build-nano_33_iot/libcore.a(cortex_handlers.c.o)
PendSV_Handler                                    build-nano_33_iot/libcore.a(cortex_handlers.c.o)
PluggableUSB()                                    build-nano_33_iot/libcore.a(PluggableUSB.cpp.o)
                                                  build-nano_33_iot/libcore.a(CDC.cpp.o)
                                                  build-nano_33_iot/libcore.a(USBCore.cpp.o)
RTC_Handler                                       build-nano_33_iot/libcore.a(cortex_handlers.c.o)
Reset_Handler                                     build-nano_33_iot/libcore.a(cortex_handlers.c.o)
SERCOM0_Handler                                   build-nano_33_iot/libcore.a(cortex_handlers.c.o)
SERCOM1_Handler                                   build-nano_33_iot/libcore.a(cortex_handlers.c.o)
SERCOM2_Handler                                   build-nano_33_iot/libcore.a(variant.cpp.o)
                                                  build-nano_33_iot/libcore.a(cortex_handlers.c.o)
SERCOM3_Handler                                   build-nano_33_iot/libcore.a(variant.cpp.o)
                                                  build-nano_33_iot/libcore.a(cortex_handlers.c.o)
SERCOM4_Handler                                   build-nano_33_iot/libcore.a(cortex_handlers.c.o)
SERCOM5_Handler                                   build-nano_33_iot/libcore.a(variant.cpp.o)
                                                  build-nano_33_iot/libcore.a(cortex_handlers.c.o)
SERCOM::SERCOM(Sercom*)                           build-nano_33_iot/libcore.a(SERCOM.cpp.o)
                                                  build-nano_33_iot/libcore.a(variant.cpp.o)
SERCOM::SERCOM(Sercom*)                           build-nano_33_iot/libcore.a(SERCOM.cpp.o)
SERCOM::acknowledgeUARTError()                    build-nano_33_iot/libcore.a(SERCOM.cpp.o)
                                                  build-nano_33_iot/libcore.a(Uart.cpp.o)
SERCOM::availableDataUART()                       build-nano_33_iot/libcore.a(SERCOM.cpp.o)
                                                  build-nano_33_iot/libcore.a(Uart.cpp.o)
SERCOM::availableWIRE()                           build-nano_33_iot/libcore.a(SERCOM.cpp.o)
SERCOM::calculateBaudrateSynchronous(unsigned long) build-nano_33_iot/libcore.a(SERCOM.cpp.o)
SERCOM::clearFrameErrorUART()                     build-nano_33_iot/libcore.a(SERCOM.cpp.o)
                                                  build-nano_33_iot/libcore.a(Uart.cpp.o)
SERCOM::clearStatusUART()                         build-nano_33_iot/libcore.a(SERCOM.cpp.o)
                                                  build-nano_33_iot/libcore.a(Uart.cpp.o)
SERCOM::disableDataRegisterEmptyInterruptUART()   build-nano_33_iot/libcore.a(SERCOM.cpp.o)
                                                  build-nano_33_iot/libcore.a(Uart.cpp.o)
SERCOM::disableSPI()                              build-nano_33_iot/libcore.a(SERCOM.cpp.o)
SERCOM::disableWIRE()                             build-nano_33_iot/libcore.a(SERCOM.cpp.o)
SERCOM::enableDataRegisterEmptyInterruptUART()    build-nano_33_iot/libcore.a(SERCOM.cpp.o)
                                                  build-nano_33_iot/libcore.a(Uart.cpp.o)
SERCOM::enableSPI()                               build-nano_33_iot/libcore.a(SERCOM.cpp.o)
SERCOM::enableUART()                              build-nano_33_iot/libcore.a(SERCOM.cpp.o)
                                                  build-nano_33_iot/libcore.a(Uart.cpp.o)
SERCOM::enableWIRE()                              build-nano_33_iot/libcore.a(SERCOM.cpp.o)
SERCOM::flushUART()                               build-nano_33_iot/libcore.a(SERCOM.cpp.o)
                                                  build-nano_33_iot/libcore.a(Uart.cpp.o)
SERCOM::getDataOrderSPI()                         build-nano_33_iot/libcore.a(SERCOM.cpp.o)
SERCOM::initClockNVIC()                           build-nano_33_iot/libcore.a(SERCOM.cpp.o)
SERCOM::initFrame(SercomUartCharSize, SercomDataOrder, SercomParityMode, SercomNumberStopBit) build-nano_33_iot/libcore.a(SERCOM.cpp.o)
                                                  build-nano_33_iot/libcore.a(Uart.cpp.o)
SERCOM::initMasterWIRE(unsigned long)             build-nano_33_iot/libcore.a(SERCOM.cpp.o)
SERCOM::initPads(SercomUartTXPad, SercomRXPad)    build-nano_33_iot/libcore.a(SERCOM.cpp.o)
                                                  build-nano_33_iot/libcore.a(Uart.cpp.o)
SERCOM::initSPI(SercomSpiTXPad, SercomRXPad, SercomSpiCharSize, SercomDataOrder) build-nano_33_iot/libcore.a(SERCOM.cpp.o)
SERCOM::initSPIClock(SercomSpiClockMode, unsigned long) build-nano_33_iot/libcore.a(SERCOM.cpp.o)
SERCOM::initSlaveWIRE(unsigned char, bool)        build-nano_33_iot/libcore.a(SERCOM.cpp.o)
SERCOM::initUART(SercomUartMode, SercomUartSampleRate, unsigned long) build-nano_33_iot/libcore.a(SERCOM.cpp.o)
                                                  build-nano_33_iot/libcore.a(Uart.cpp.o)
SERCOM::isAddressMatch()                          build-nano_33_iot/libcore.a(SERCOM.cpp.o)
SERCOM::isArbLostWIRE()                           build-nano_33_iot/libcore.a(SERCOM.cpp.o)
SERCOM::isBufferOverflowErrorSPI()                build-nano_33_iot/libcore.a(SERCOM.cpp.o)
SERCOM::isBufferOverflowErrorUART()               build-nano_33_iot/libcore.a(SERCOM.cpp.o)
SERCOM::isBusBusyWIRE()                           build-nano_33_iot/libcore.a(SERCOM.cpp.o)
SERCOM::isBusIdleWIRE()                           build-nano_33_iot/libcore.a(SERCOM.cpp.o)
SERCOM::isBusOwnerWIRE()                          build-nano_33_iot/libcore.a(SERCOM.cpp.o)
SERCOM::isDataReadyWIRE()                         build-nano_33_iot/libcore.a(SERCOM.cpp.o)
SERCOM::isDataRegisterEmptySPI()                  build-nano_33_iot/libcore.a(SERCOM.cpp.o)
SERCOM::isDataRegisterEmptyUART()                 build-nano_33_iot/libcore.a(SERCOM.cpp.o)
                                                  build-nano_33_iot/libcore.a(Uart.cpp.o)
SERCOM::isFrameErrorUART()                        build-nano_33_iot/libcore.a(SERCOM.cpp.o)
                                                  build-nano_33_iot/libcore.a(Uart.cpp.o)
SERCOM::isMasterReadOperationWIRE()               build-nano_33_iot/libcore.a(SERCOM.cpp.o)
SERCOM::isMasterWIRE()                            build-nano_33_iot/libcore.a(SERCOM.cpp.o)
SERCOM::isParityErrorUART()                       build-nano_33_iot/libcore.a(SERCOM.cpp.o)
SERCOM::isRXNackReceivedWIRE()                    build-nano_33_iot/libcore.a(SERCOM.cpp.o)
SERCOM::isRestartDetectedWIRE()                   build-nano_33_iot/libcore.a(SERCOM.cpp.o)
SERCOM::isSlaveWIRE()                             build-nano_33_iot/libcore.a(SERCOM.cpp.o)
SERCOM::isStopDetectedWIRE()                      build-nano_33_iot/libcore.a(SERCOM.cpp.o)
SERCOM::isUARTError()                             build-nano_33_iot/libcore.a(SERCOM.cpp.o)
                                                  build-nano_33_iot/libcore.a(Uart.cpp.o)
SERCOM::prepareAckBitWIRE()                       build-nano_33_iot/libcore.a(SERCOM.cpp.o)
SERCOM::prepareCommandBitsWire(unsigned char)     build-nano_33_iot/libcore.a(SERCOM.cpp.o)
SERCOM::prepareNackBitWIRE()                      build-nano_33_iot/libcore.a(SERCOM.cpp.o)
SERCOM::readDataUART()                            build-nano_33_iot/libcore.a(SERCOM.cpp.o)
                                                  build-nano_33_iot/libcore.a(Uart.cpp.o)
SERCOM::readDataWIRE()                            build-nano_33_iot/libcore.a(SERCOM.cpp.o)
SERCOM::resetSPI()                                build-nano_33_iot/libcore.a(SERCOM.cpp.o)
SERCOM::resetUART()                               build-nano_33_iot/libcore.a(SERCOM.cpp.o)
                                                  build-nano_33_iot/libcore.a(Uart.cpp.o)
SERCOM::resetWIRE()                               build-nano_33_iot/libcore.a(SERCOM.cpp.o)
SERCOM::sendDataMasterWIRE(unsigned char)         build-nano_33_iot/libcore.a(SERCOM.cpp.o)
SERCOM::sendDataSlaveWIRE(unsigned char)          build-nano_33_iot/libcore.a(SERCOM.cpp.o)
SERCOM::setBaudrateSPI(unsigned char)             build-nano_33_iot/libcore.a(SERCOM.cpp.o)
SERCOM::setClockModeSPI(SercomSpiClockMode)       build-nano_33_iot/libcore.a(SERCOM.cpp.o)
SERCOM::setDataOrderSPI(SercomDataOrder)          build-nano_33_iot/libcore.a(SERCOM.cpp.o)
SERCOM::startTransmissionWIRE(unsigned char, SercomWireReadWriteFlag) build-nano_33_iot/libcore.a(SERCOM.cpp.o)
SERCOM::transferDataSPI(unsigned char)            build-nano_33_iot/libcore.a(SERCOM.cpp.o)
SERCOM::writeDataUART(unsigned char)              build-nano_33_iot/libcore.a(SERCOM.cpp.o)
                                                  build-nano_33_iot/libcore.a(Uart.cpp.o)
SVC_Handler                                       build-nano_33_iot/libcore.a(cortex_handlers.c.o)
SYSCTRL_Handler                                   build-nano_33_iot/libcore.a(cortex_handlers.c.o)
Serial1                                           build-nano_33_iot/libcore.a(variant.cpp.o)
Serial2                                           build-nano_33_iot/libcore.a(variant.cpp.o)
SerialHCI                                         build-nano_33_iot/libcore.a(variant.cpp.o)
SerialUSB                                         build-nano_33_iot/libcore.a(CDC.cpp.o)
                                                  build-nano_33_iot/libcore.a(USBCore.cpp.o)
                                                  build-nano_33_iot/test.ino.o
Serial_::Serial_(USBDeviceClass&)                 build-nano_33_iot/libcore.a(CDC.cpp.o)
Serial_::Serial_(USBDeviceClass&)                 build-nano_33_iot/libcore.a(CDC.cpp.o)
Serial_::available()                              build-nano_33_iot/libcore.a(CDC.cpp.o)
Serial_::availableForWrite()                      build-nano_33_iot/libcore.a(CDC.cpp.o)
Serial_::baud()                                   build-nano_33_iot/libcore.a(CDC.cpp.o)
Serial_::begin(unsigned long)                     build-nano_33_iot/libcore.a(CDC.cpp.o)
                                                  build-nano_33_iot/libcore.a(USBCore.cpp.o)
                                                  build-nano_33_iot/test.ino.o
Serial_::begin(unsigned long, unsigned short)     build-nano_33_iot/libcore.a(CDC.cpp.o)
Serial_::clear()                                  build-nano_33_iot/libcore.a(CDC.cpp.o)
Serial_::dtr()                                    build-nano_33_iot/libcore.a(CDC.cpp.o)
Serial_::enableInterrupt()                        build-nano_33_iot/libcore.a(CDC.cpp.o)
                                                  build-nano_33_iot/libcore.a(USBCore.cpp.o)
Serial_::end()                                    build-nano_33_iot/libcore.a(CDC.cpp.o)
Serial_::flush()                                  build-nano_33_iot/libcore.a(CDC.cpp.o)
Serial_::getDescriptor(arduino::USBSetup&)        build-nano_33_iot/libcore.a(CDC.cpp.o)
Serial_::getInterface(unsigned char*)             build-nano_33_iot/libcore.a(CDC.cpp.o)
Serial_::getShortName(char*)                      build-nano_33_iot/libcore.a(CDC.cpp.o)
Serial_::handleEndpoint(int)                      build-nano_33_iot/libcore.a(CDC.cpp.o)
                                                  build-nano_33_iot/libcore.a(USBCore.cpp.o)
Serial_::numbits()                                build-nano_33_iot/libcore.a(CDC.cpp.o)
Serial_::operator bool()                          build-nano_33_iot/libcore.a(CDC.cpp.o)
Serial_::paritytype()                             build-nano_33_iot/libcore.a(CDC.cpp.o)
Serial_::peek()                                   build-nano_33_iot/libcore.a(CDC.cpp.o)
Serial_::read()                                   build-nano_33_iot/libcore.a(CDC.cpp.o)
Serial_::readBreak()                              build-nano_33_iot/libcore.a(CDC.cpp.o)
Serial_::readBytes(char*, unsigned int)           build-nano_33_iot/libcore.a(CDC.cpp.o)
Serial_::rts()                                    build-nano_33_iot/libcore.a(CDC.cpp.o)
Serial_::setup(arduino::USBSetup&)                build-nano_33_iot/libcore.a(CDC.cpp.o)
Serial_::stopbits()                               build-nano_33_iot/libcore.a(CDC.cpp.o)
Serial_::write(unsigned char const*, unsigned int) build-nano_33_iot/libcore.a(CDC.cpp.o)
Serial_::write(unsigned char)                     build-nano_33_iot/libcore.a(CDC.cpp.o)
SysTick_DefaultHandler                            build-nano_33_iot/libcore.a(delay.c.o)
                                                  build-nano_33_iot/libcore.a(cortex_handlers.c.o)
SysTick_Handler                                   build-nano_33_iot/libcore.a(cortex_handlers.c.o)
SystemCoreClock                                   build-nano_33_iot/libcore.a(wiring.c.o)
                                                  build-nano_33_iot/libcore.a(SERCOM.cpp.o)
                                                  build-nano_33_iot/libcore.a(startup.c.o)
                                                  build-nano_33_iot/libcore.a(USBCore.cpp.o)
SystemInit                                        build-nano_33_iot/libcore.a(startup.c.o)
                                                  build-nano_33_iot/libcore.a(cortex_handlers.c.o)
TC3_Handler                                       build-nano_33_iot/libcore.a(cortex_handlers.c.o)
TC4_Handler                                       build-nano_33_iot/libcore.a(cortex_handlers.c.o)
TC5_Handler                                       build-nano_33_iot/libcore.a(cortex_handlers.c.o)
TC6_Handler                                       build-nano_33_iot/libcore.a(cortex_handlers.c.o)
TC7_Handler                                       build-nano_33_iot/libcore.a(cortex_handlers.c.o)
TCC0_Handler                                      build-nano_33_iot/libcore.a(cortex_handlers.c.o)
TCC1_Handler                                      build-nano_33_iot/libcore.a(cortex_handlers.c.o)
TCC2_Handler                                      build-nano_33_iot/libcore.a(cortex_handlers.c.o)
UDD_Handler                                       build-nano_33_iot/libcore.a(USBCore.cpp.o)
USBDevice                                         build-nano_33_iot/libcore.a(USBCore.cpp.o)
                                                  build-nano_33_iot/libcore.a(CDC.cpp.o)
                                                  build-nano_33_iot/libcore.a(main.cpp.o)
USBDeviceClass::ISRHandler()                      build-nano_33_iot/libcore.a(USBCore.cpp.o)
USBDeviceClass::SendInterfaces(unsigned long*)    build-nano_33_iot/libcore.a(USBCore.cpp.o)
USBDeviceClass::armRecvCtrlOUT(unsigned long)     build-nano_33_iot/libcore.a(USBCore.cpp.o)
USBDeviceClass::armSend(unsigned long, void const*, unsigned long) build-nano_33_iot/libcore.a(USBCore.cpp.o)
USBDeviceClass::attach()                          build-nano_33_iot/libcore.a(USBCore.cpp.o)
                                                  build-nano_33_iot/libcore.a(main.cpp.o)
USBDeviceClass::available(unsigned long)          build-nano_33_iot/libcore.a(USBCore.cpp.o)
                                                  build-nano_33_iot/libcore.a(CDC.cpp.o)
USBDeviceClass::clear(unsigned long)              build-nano_33_iot/libcore.a(USBCore.cpp.o)
                                                  build-nano_33_iot/libcore.a(CDC.cpp.o)
USBDeviceClass::configured()                      build-nano_33_iot/libcore.a(USBCore.cpp.o)
USBDeviceClass::connected()                       build-nano_33_iot/libcore.a(USBCore.cpp.o)
USBDeviceClass::detach()                          build-nano_33_iot/libcore.a(USBCore.cpp.o)
USBDeviceClass::end()                             build-nano_33_iot/libcore.a(USBCore.cpp.o)
USBDeviceClass::flush(unsigned long)              build-nano_33_iot/libcore.a(USBCore.cpp.o)
                                                  build-nano_33_iot/libcore.a(CDC.cpp.o)
USBDeviceClass::handleClassInterfaceSetup(arduino::USBSetup&) build-nano_33_iot/libcore.a(USBCore.cpp.o)
USBDeviceClass::handleStandardSetup(arduino::USBSetup&) build-nano_33_iot/libcore.a(USBCore.cpp.o)
USBDeviceClass::init()                            build-nano_33_iot/libcore.a(USBCore.cpp.o)
                                                  build-nano_33_iot/libcore.a(main.cpp.o)
USBDeviceClass::initEP(unsigned long, unsigned long) build-nano_33_iot/libcore.a(USBCore.cpp.o)
USBDeviceClass::initEndpoints()                   build-nano_33_iot/libcore.a(USBCore.cpp.o)
USBDeviceClass::packMessages(bool)                build-nano_33_iot/libcore.a(USBCore.cpp.o)
USBDeviceClass::recv(unsigned long)               build-nano_33_iot/libcore.a(USBCore.cpp.o)
                                                  build-nano_33_iot/libcore.a(CDC.cpp.o)
USBDeviceClass::recv(unsigned long, void*, unsigned long) build-nano_33_iot/libcore.a(USBCore.cpp.o)
                                                  build-nano_33_iot/libcore.a(CDC.cpp.o)
USBDeviceClass::recvControl(void*, unsigned long) build-nano_33_iot/libcore.a(USBCore.cpp.o)
                                                  build-nano_33_iot/libcore.a(CDC.cpp.o)
USBDeviceClass::send(unsigned long, void const*, unsigned long) build-nano_33_iot/libcore.a(USBCore.cpp.o)
                                                  build-nano_33_iot/libcore.a(CDC.cpp.o)
USBDeviceClass::sendConfiguration(unsigned long)  build-nano_33_iot/libcore.a(USBCore.cpp.o)
USBDeviceClass::sendControl(void const*, unsigned long) build-nano_33_iot/libcore.a(USBCore.cpp.o)
                                                  build-nano_33_iot/libcore.a(CDC.cpp.o)
USBDeviceClass::sendDescriptor(arduino::USBSetup&) build-nano_33_iot/libcore.a(USBCore.cpp.o)
USBDeviceClass::sendStringDescriptor(unsigned char const*, unsigned long) build-nano_33_iot/libcore.a(USBCore.cpp.o)
USBDeviceClass::sendZlp(unsigned long)            build-nano_33_iot/libcore.a(USBCore.cpp.o)
                                                  build-nano_33_iot/libcore.a(CDC.cpp.o)
USBDeviceClass::setAddress(unsigned long)         build-nano_33_iot/libcore.a(USBCore.cpp.o)
USBDeviceClass::stall(unsigned long)              build-nano_33_iot/libcore.a(USBCore.cpp.o)
USBDeviceClass::standby()                         build-nano_33_iot/libcore.a(USBCore.cpp.o)
USB_Handler                                       build-nano_33_iot/libcore.a(cortex_handlers.c.o)
USB_SetHandler                                    build-nano_33_iot/libcore.a(cortex_handlers.c.o)
                                                  build-nano_33_iot/libcore.a(USBCore.cpp.o)
Uart::IrqHandler()                                build-nano_33_iot/libcore.a(Uart.cpp.o)
                                                  build-nano_33_iot/libcore.a(variant.cpp.o)
Uart::Uart(SERCOM*, unsigned char, unsigned char, SercomRXPad, SercomUartTXPad) build-nano_33_iot/libcore.a(Uart.cpp.o)
                                                  build-nano_33_iot/libcore.a(variant.cpp.o)
Uart::Uart(SERCOM*, unsigned char, unsigned char, SercomRXPad, SercomUartTXPad) build-nano_33_iot/libcore.a(Uart.cpp.o)
Uart::Uart(SERCOM*, unsigned char, unsigned char, SercomRXPad, SercomUartTXPad, unsigned char, unsigned char) build-nano_33_iot/libcore.a(Uart.cpp.o)
Uart::Uart(SERCOM*, unsigned char, unsigned char, SercomRXPad, SercomUartTXPad, unsigned char, unsigned char) build-nano_33_iot/libcore.a(Uart.cpp.o)
                                                  build-nano_33_iot/libcore.a(variant.cpp.o)
Uart::available()                                 build-nano_33_iot/libcore.a(Uart.cpp.o)
Uart::availableForWrite()                         build-nano_33_iot/libcore.a(Uart.cpp.o)
Uart::begin(unsigned long)                        build-nano_33_iot/libcore.a(Uart.cpp.o)
Uart::begin(unsigned long, unsigned short)        build-nano_33_iot/libcore.a(Uart.cpp.o)
Uart::end()                                       build-nano_33_iot/libcore.a(Uart.cpp.o)
Uart::extractCharSize(unsigned short)             build-nano_33_iot/libcore.a(Uart.cpp.o)
Uart::extractNbStopBit(unsigned short)            build-nano_33_iot/libcore.a(Uart.cpp.o)
Uart::extractParity(unsigned short)               build-nano_33_iot/libcore.a(Uart.cpp.o)
Uart::flush()                                     build-nano_33_iot/libcore.a(Uart.cpp.o)
Uart::operator bool()                             build-nano_33_iot/libcore.a(Uart.cpp.o)
Uart::peek()                                      build-nano_33_iot/libcore.a(Uart.cpp.o)
Uart::read()                                      build-nano_33_iot/libcore.a(Uart.cpp.o)
Uart::write(unsigned char)                        build-nano_33_iot/libcore.a(Uart.cpp.o)
WDT_Handler                                       build-nano_33_iot/libcore.a(cortex_handlers.c.o)
__Guard::__Guard()                                build-nano_33_iot/libcore.a(USBCore.cpp.o)
__Guard::__Guard()                                build-nano_33_iot/libcore.a(USBCore.cpp.o)
__Guard::~__Guard()                               build-nano_33_iot/libcore.a(USBCore.cpp.o)
                                                  build-nano_33_iot/libcore.a(Uart.cpp.o)
__Guard::~__Guard()                               build-nano_33_iot/libcore.a(USBCore.cpp.o)
                                                  build-nano_33_iot/libcore.a(Uart.cpp.o)
__StackTop                                        build-nano_33_iot/libcore.a(cortex_handlers.c.o)
__aeabi_cdcmpeq                                   /home/zisheng/.arduino15/packages/arduino/tools/arm-none-eabi-gcc/7-2017q4/bin/../lib/gcc/arm-none-eabi/7.2.1/thumb/v6-m/libgcc.a(_arm_cmpdf2.o)
__aeabi_cdcmple                                   /home/zisheng/.arduino15/packages/arduino/tools/arm-none-eabi-gcc/7-2017q4/bin/../lib/gcc/arm-none-eabi/7.2.1/thumb/v6-m/libgcc.a(_arm_cmpdf2.o)
__aeabi_cdrcmple                                  /home/zisheng/.arduino15/packages/arduino/tools/arm-none-eabi-gcc/7-2017q4/bin/../lib/gcc/arm-none-eabi/7.2.1/thumb/v6-m/libgcc.a(_arm_cmpdf2.o)
__aeabi_d2iz                                      /home/zisheng/.arduino15/packages/arduino/tools/arm-none-eabi-gcc/7-2017q4/bin/../lib/gcc/arm-none-eabi/7.2.1/thumb/v6-m/libgcc.a(fixdfsi.o)
                                                  /home/zisheng/.arduino15/packages/arduino/tools/arm-none-eabi-gcc/7-2017q4/bin/../lib/gcc/arm-none-eabi/7.2.1/thumb/v6-m/libgcc.a(_fixunsdfsi.o)
__aeabi_d2uiz                                     /home/zisheng/.arduino15/packages/arduino/tools/arm-none-eabi-gcc/7-2017q4/bin/../lib/gcc/arm-none-eabi/7.2.1/thumb/v6-m/libgcc.a(_fixunsdfsi.o)
                                                  build-nano_33_iot/libcore.a(Print.cpp.o)
__aeabi_dadd                                      /home/zisheng/.arduino15/packages/arduino/tools/arm-none-eabi-gcc/7-2017q4/bin/../lib/gcc/arm-none-eabi/7.2.1/thumb/v6-m/libgcc.a(adddf3.o)
                                                  build-nano_33_iot/libcore.a(Print.cpp.o)
__aeabi_dcmpeq                                    /home/zisheng/.arduino15/packages/arduino/tools/arm-none-eabi-gcc/7-2017q4/bin/../lib/gcc/arm-none-eabi/7.2.1/thumb/v6-m/libgcc.a(_arm_cmpdf2.o)